Component: ARM Compiler 6.16 Tool: armlink [5dfeaa00]

==============================================================================

Section Cross References

    startup_stm32f030x6.o(STACK) refers (Special) to heapauxi.o(.text) for __use_two_region_memory
    startup_stm32f030x6.o(HEAP) refers (Special) to heapauxi.o(.text) for __use_two_region_memory
    startup_stm32f030x6.o(RESET) refers (Special) to heapauxi.o(.text) for __use_two_region_memory
    startup_stm32f030x6.o(RESET) refers to startup_stm32f030x6.o(STACK) for __initial_sp
    startup_stm32f030x6.o(RESET) refers to startup_stm32f030x6.o(.text) for Reset_Handler
    startup_stm32f030x6.o(RESET) refers to stm32f0xx_it.o(.text.NMI_Handler) for NMI_Handler
    startup_stm32f030x6.o(RESET) refers to stm32f0xx_it.o(.text.HardFault_Handler) for HardFault_Handler
    startup_stm32f030x6.o(RESET) refers to stm32f0xx_it.o(.text.SVC_Handler) for SVC_Handler
    startup_stm32f030x6.o(RESET) refers to stm32f0xx_it.o(.text.PendSV_Handler) for PendSV_Handler
    startup_stm32f030x6.o(RESET) refers to stm32f0xx_it.o(.text.SysTick_Handler) for SysTick_Handler
    startup_stm32f030x6.o(RESET) refers to tim.o(.text.TIM17_IRQHandler) for TIM17_IRQHandler
    startup_stm32f030x6.o(.text) refers (Special) to heapauxi.o(.text) for __use_two_region_memory
    startup_stm32f030x6.o(.text) refers to system_stm32f0xx.o(.text.SystemInit) for SystemInit
    startup_stm32f030x6.o(.text) refers to __main.o(!!!main) for __main
    startup_stm32f030x6.o(.text) refers to startup_stm32f030x6.o(HEAP) for Heap_Mem
    startup_stm32f030x6.o(.text) refers to startup_stm32f030x6.o(STACK) for Stack_Mem
    angle_calc.o(.ARM.exidx.text.turns_to_EEPROMbuf) refers to angle_calc.o(.text.turns_to_EEPROMbuf) for [Anonymous Symbol]
    angle_calc.o(.ARM.exidx.text.turns_from_EEPROMbuf) refers to angle_calc.o(.text.turns_from_EEPROMbuf) for [Anonymous Symbol]
    angle_calc.o(.ARM.exidx.text.SetAngle_in_Seconds) refers to angle_calc.o(.text.SetAngle_in_Seconds) for [Anonymous Symbol]
    angle_calc.o(.text.GetSetAngle_from_Seconds) refers to aeabi_sdivfast.o(.text_divfast) for __aeabi_uidiv
    angle_calc.o(.ARM.exidx.text.GetSetAngle_from_Seconds) refers to angle_calc.o(.text.GetSetAngle_from_Seconds) for [Anonymous Symbol]
    angle_calc.o(.ARM.exidx.text.ShaftAngle_in_Seconds) refers to angle_calc.o(.text.ShaftAngle_in_Seconds) for [Anonymous Symbol]
    angle_calc.o(.text.GetAngleShaft_from_Seconds) refers to aeabi_sdivfast.o(.text_divfast) for __aeabi_uidiv
    angle_calc.o(.ARM.exidx.text.GetAngleShaft_from_Seconds) refers to angle_calc.o(.text.GetAngleShaft_from_Seconds) for [Anonymous Symbol]
    angle_calc.o(.text.GetSetShaftAngle_from_Seconds) refers to aeabi_sdivfast.o(.text_divfast) for __aeabi_uidiv
    angle_calc.o(.ARM.exidx.text.GetSetShaftAngle_from_Seconds) refers to angle_calc.o(.text.GetSetShaftAngle_from_Seconds) for [Anonymous Symbol]
    angle_calc.o(.ARM.exidx.text.AngleShaftReset) refers to angle_calc.o(.text.AngleShaftReset) for [Anonymous Symbol]
    angle_calc.o(.text.SetAngleReset) refers to angle_calc.o(.text.SetAngle_in_Seconds) for SetAngle_in_Seconds
    angle_calc.o(.ARM.exidx.text.SetAngleReset) refers to angle_calc.o(.text.SetAngleReset) for [Anonymous Symbol]
    button.o(.text.scan_keys) refers to button.o(.text.LL_GPIO_IsInputPinSet) for LL_GPIO_IsInputPinSet
    button.o(.text.scan_keys) refers to tim.o(.text.repeat_time) for repeat_time
    button.o(.text.scan_keys) refers to button.o(.text.scan_buttons_GPIO) for scan_buttons_GPIO
    button.o(.text.scan_keys) refers to button.o(.bss.scan_keys.key_state) for [Anonymous Symbol]
    button.o(.text.scan_keys) refers to button.o(.bss.scan_keys.key_code) for [Anonymous Symbol]
    button.o(.text.scan_keys) refers to tim.o(.bss.end_bounce) for end_bounce
    button.o(.text.scan_keys) refers to button.o(.bss.count_autorepeat) for count_autorepeat
    button.o(.ARM.exidx.text.scan_keys) refers to button.o(.text.scan_keys) for [Anonymous Symbol]
    button.o(.ARM.exidx.text.LL_GPIO_IsInputPinSet) refers to button.o(.text.LL_GPIO_IsInputPinSet) for [Anonymous Symbol]
    button.o(.text.scan_buttons_GPIO) refers to button.o(.text.LL_GPIO_IsInputPinSet) for LL_GPIO_IsInputPinSet
    button.o(.ARM.exidx.text.scan_buttons_GPIO) refers to button.o(.text.scan_buttons_GPIO) for [Anonymous Symbol]
    button.o(.text.switch_mode) refers to button.o(.text.scan_keys) for scan_keys
    button.o(.text.switch_mode) refers to drive.o(.text.encoder_reset) for encoder_reset
    button.o(.text.switch_mode) refers to drive.o(.text.setup_enc_data) for setup_enc_data
    button.o(.text.switch_mode) refers to button.o(.bss.key_code) for key_code
    button.o(.ARM.exidx.text.switch_mode) refers to button.o(.text.switch_mode) for [Anonymous Symbol]
    drive.o(.ARM.exidx.text.drive_rotate) refers to drive.o(.text.drive_rotate) for [Anonymous Symbol]
[...]
    __arm_cp.2_3                             0x0800086c   Number         4  stm32f0xx_hal_rcc.o(.text.HAL_RCC_ClockConfig)
    __arm_cp.2_4                             0x08000870   Number         4  stm32f0xx_hal_rcc.o(.text.HAL_RCC_ClockConfig)
    [Anonymous Symbol]                       0x08000874   Section        0  stm32f0xx_hal_rcc.o(.text.HAL_RCC_GetSysClockFreq)
    __arm_cp.3_0                             0x080008a8   Number         4  stm32f0xx_hal_rcc.o(.text.HAL_RCC_GetSysClockFreq)
    __arm_cp.3_1                             0x080008ac   Number         4  stm32f0xx_hal_rcc.o(.text.HAL_RCC_GetSysClockFreq)
    __arm_cp.3_4                             0x080008d0   Number         4  stm32f0xx_hal_rcc.o(.text.HAL_RCC_GetSysClockFreq)
    [Anonymous Symbol]                       0x080008d4   Section        0  stm32f0xx_hal_rcc.o(.text.HAL_RCC_OscConfig)
    __arm_cp.1_0                             0x08000c84   Number         4  stm32f0xx_hal_rcc.o(.text.HAL_RCC_OscConfig)
    __arm_cp.1_1                             0x08000c88   Number         4  stm32f0xx_hal_rcc.o(.text.HAL_RCC_OscConfig)
    __arm_cp.1_2                             0x08000c8c   Number         4  stm32f0xx_hal_rcc.o(.text.HAL_RCC_OscConfig)
    [Anonymous Symbol]                       0x08000c90   Section        0  stm32f0xx_hal_cortex.o(.text.HAL_SYSTICK_Config)
    [Anonymous Symbol]                       0x08000c98   Section        0  stm32f0xx_it.o(.text.HardFault_Handler)
    LL_AHB1_GRP1_EnableClock                 0x08000c9d   Thumb Code    24  gpio.o(.text.LL_AHB1_GRP1_EnableClock)
    [Anonymous Symbol]                       0x08000c9c   Section        0  gpio.o(.text.LL_AHB1_GRP1_EnableClock)
    LL_AHB1_GRP1_EnableClock                 0x08000cb5   Thumb Code    28  i2c.o(.text.LL_AHB1_GRP1_EnableClock)
    [Anonymous Symbol]                       0x08000cb4   Section        0  i2c.o(.text.LL_AHB1_GRP1_EnableClock)
    LL_AHB1_GRP1_EnableClock                 0x08000cd1   Thumb Code    28  tim.o(.text.LL_AHB1_GRP1_EnableClock)
    [Anonymous Symbol]                       0x08000cd0   Section        0  tim.o(.text.LL_AHB1_GRP1_EnableClock)
    __arm_cp.2_0                             0x08000cec   Number         4  tim.o(.text.LL_AHB1_GRP1_EnableClock)
    LL_APB1_GRP1_EnableClock                 0x08000cf1   Thumb Code    28  i2c.o(.text.LL_APB1_GRP1_EnableClock)
    [Anonymous Symbol]                       0x08000cf0   Section        0  i2c.o(.text.LL_APB1_GRP1_EnableClock)
    LL_APB1_GRP1_EnableClock                 0x08000d0d   Thumb Code    24  tim.o(.text.LL_APB1_GRP1_EnableClock)
    [Anonymous Symbol]                       0x08000d0c   Section        0  tim.o(.text.LL_APB1_GRP1_EnableClock)
    __arm_cp.1_0                             0x08000d24   Number         4  tim.o(.text.LL_APB1_GRP1_EnableClock)
    LL_APB1_GRP2_EnableClock                 0x08000d29   Thumb Code    24  tim.o(.text.LL_APB1_GRP2_EnableClock)
    [Anonymous Symbol]                       0x08000d28   Section        0  tim.o(.text.LL_APB1_GRP2_EnableClock)
    __arm_cp.28_0                            0x08000d40   Number         4  tim.o(.text.LL_APB1_GRP2_EnableClock)
    [Anonymous Symbol]                       0x08000d44   Section        0  stm32f0xx_ll_gpio.o(.text.LL_GPIO_Init)
    LL_GPIO_IsInputPinSet                    0x08000dc5   Thumb Code    12  button.o(.text.LL_GPIO_IsInputPinSet)
    [Anonymous Symbol]                       0x08000dc4   Section        0  button.o(.text.LL_GPIO_IsInputPinSet)
    LL_GPIO_ResetOutputPin                   0x08000dd1   Thumb Code     8  main.o(.text.LL_GPIO_ResetOutputPin)
    [Anonymous Symbol]                       0x08000dd0   Section        0  main.o(.text.LL_GPIO_ResetOutputPin)
    __arm_cp.2_0                             0x08000dd8   Number         4  main.o(.text.LL_GPIO_ResetOutputPin)
    LL_GPIO_ResetOutputPin                   0x08000ddd   Thumb Code     4  gpio.o(.text.LL_GPIO_ResetOutputPin)
    [Anonymous Symbol]                       0x08000ddc   Section        0  gpio.o(.text.LL_GPIO_ResetOutputPin)
    LL_GPIO_SetAFPin_0_7                     0x08000de1   Thumb Code    20  stm32f0xx_ll_gpio.o(.text.LL_GPIO_SetAFPin_0_7)
    [Anonymous Symbol]                       0x08000de0   Section        0  stm32f0xx_ll_gpio.o(.text.LL_GPIO_SetAFPin_0_7)
    LL_GPIO_SetAFPin_8_15                    0x08000df5   Thumb Code    22  stm32f0xx_ll_gpio.o(.text.LL_GPIO_SetAFPin_8_15)
    [Anonymous Symbol]                       0x08000df4   Section        0  stm32f0xx_ll_gpio.o(.text.LL_GPIO_SetAFPin_8_15)
    LL_GPIO_SetPinMode                       0x08000e0b   Thumb Code    18  stm32f0xx_ll_gpio.o(.text.LL_GPIO_SetPinMode)
    [Anonymous Symbol]                       0x08000e0a   Section        0  stm32f0xx_ll_gpio.o(.text.LL_GPIO_SetPinMode)
    LL_GPIO_SetPinOutputType                 0x08000e1d   Thumb Code    12  stm32f0xx_ll_gpio.o(.text.LL_GPIO_SetPinOutputType)
    [Anonymous Symbol]                       0x08000e1c   Section        0  stm32f0xx_ll_gpio.o(.text.LL_GPIO_SetPinOutputType)
    LL_GPIO_SetPinPull                       0x08000e29   Thumb Code    18  stm32f0xx_ll_gpio.o(.text.LL_GPIO_SetPinPull)
    [Anonymous Symbol]                       0x08000e28   Section        0  stm32f0xx_ll_gpio.o(.text.LL_GPIO_SetPinPull)
    LL_GPIO_SetPinSpeed                      0x08000e3b   Thumb Code    18  stm32f0xx_ll_gpio.o(.text.LL_GPIO_SetPinSpeed)
    [Anonymous Symbol]                       0x08000e3a   Section        0  stm32f0xx_ll_gpio.o(.text.LL_GPIO_SetPinSpeed)
    LL_I2C_AcknowledgeNextData               0x08000e4d   Thumb Code    14  stm32f0xx_ll_i2c.o(.text.LL_I2C_AcknowledgeNextData)
    [Anonymous Symbol]                       0x08000e4c   Section        0  stm32f0xx_ll_i2c.o(.text.LL_I2C_AcknowledgeNextData)
    LL_I2C_ClearFlag_STOP                    0x08000e5d   Thumb Code    12  i2c.o(.text.LL_I2C_ClearFlag_STOP)
    [Anonymous Symbol]                       0x08000e5c   Section        0  i2c.o(.text.LL_I2C_ClearFlag_STOP)
    __arm_cp.15_0                            0x08000e68   Number         4  i2c.o(.text.LL_I2C_ClearFlag_STOP)
    LL_I2C_ConfigFilters                     0x08000e6d   Thumb Code    20  stm32f0xx_ll_i2c.o(.text.LL_I2C_ConfigFilters)
    [Anonymous Symbol]                       0x08000e6c   Section        0  stm32f0xx_ll_i2c.o(.text.LL_I2C_ConfigFilters)
    LL_I2C_Disable                           0x08000e81   Thumb Code    10  stm32f0xx_ll_i2c.o(.text.LL_I2C_Disable)
    [Anonymous Symbol]                       0x08000e80   Section        0  stm32f0xx_ll_i2c.o(.text.LL_I2C_Disable)
    LL_I2C_DisableGeneralCall                0x08000e8d   Thumb Code    16  i2c.o(.text.LL_I2C_DisableGeneralCall)
    [Anonymous Symbol]                       0x08000e8c   Section        0  i2c.o(.text.LL_I2C_DisableGeneralCall)
    LL_I2C_DisableOwnAddress1                0x08000e9d   Thumb Code    12  stm32f0xx_ll_i2c.o(.text.LL_I2C_DisableOwnAddress1)
    [Anonymous Symbol]                       0x08000e9c   Section        0  stm32f0xx_ll_i2c.o(.text.LL_I2C_DisableOwnAddress1)
    LL_I2C_DisableOwnAddress2                0x08000ea9   Thumb Code    16  i2c.o(.text.LL_I2C_DisableOwnAddress2)
    [Anonymous Symbol]                       0x08000ea8   Section        0  i2c.o(.text.LL_I2C_DisableOwnAddress2)
    LL_I2C_Enable                            0x08000eb9   Thumb Code    10  stm32f0xx_ll_i2c.o(.text.LL_I2C_Enable)
    [Anonymous Symbol]                       0x08000eb8   Section        0  stm32f0xx_ll_i2c.o(.text.LL_I2C_Enable)
    LL_I2C_EnableAutoEndMode                 0x08000ec5   Thumb Code    16  i2c.o(.text.LL_I2C_EnableAutoEndMode)
    [Anonymous Symbol]                       0x08000ec4   Section        0  i2c.o(.text.LL_I2C_EnableAutoEndMode)
    LL_I2C_EnableClockStretching             0x08000ed5   Thumb Code    16  i2c.o(.text.LL_I2C_EnableClockStretching)
    [Anonymous Symbol]                       0x08000ed4   Section        0  i2c.o(.text.LL_I2C_EnableClockStretching)
    __arm_cp.5_0                             0x08000ee4   Number         4  i2c.o(.text.LL_I2C_EnableClockStretching)
    LL_I2C_EnableOwnAddress1                 0x08000ee9   Thumb Code    12  stm32f0xx_ll_i2c.o(.text.LL_I2C_EnableOwnAddress1)
    [Anonymous Symbol]                       0x08000ee8   Section        0  stm32f0xx_ll_i2c.o(.text.LL_I2C_EnableOwnAddress1)
    LL_I2C_GenerateStopCondition             0x08000ef5   Thumb Code    16  i2c.o(.text.LL_I2C_GenerateStopCondition)
    [Anonymous Symbol]                       0x08000ef4   Section        0  i2c.o(.text.LL_I2C_GenerateStopCondition)
    LL_I2C_HandleTransfer                    0x08000f05   Thumb Code    24  i2c.o(.text.LL_I2C_HandleTransfer)
    [Anonymous Symbol]                       0x08000f04   Section        0  i2c.o(.text.LL_I2C_HandleTransfer)
    __arm_cp.9_0                             0x08000f1c   Number         4  i2c.o(.text.LL_I2C_HandleTransfer)
    __arm_cp.9_1                             0x08000f20   Number         4  i2c.o(.text.LL_I2C_HandleTransfer)
    [Anonymous Symbol]                       0x08000f24   Section        0  stm32f0xx_ll_i2c.o(.text.LL_I2C_Init)
    LL_I2C_IsActiveFlag_TXE                  0x08000f79   Thumb Code    12  i2c.o(.text.LL_I2C_IsActiveFlag_TXE)
    [Anonymous Symbol]                       0x08000f78   Section        0  i2c.o(.text.LL_I2C_IsActiveFlag_TXE)
    LL_I2C_IsActiveFlag_TXIS                 0x08000f85   Thumb Code    12  i2c.o(.text.LL_I2C_IsActiveFlag_TXIS)
    [Anonymous Symbol]                       0x08000f84   Section        0  i2c.o(.text.LL_I2C_IsActiveFlag_TXIS)
    __arm_cp.18_0                            0x08000f90   Number         4  i2c.o(.text.LL_I2C_IsActiveFlag_TXIS)
    LL_I2C_SetMode                           0x08000f95   Thumb Code    14  stm32f0xx_ll_i2c.o(.text.LL_I2C_SetMode)
    [Anonymous Symbol]                       0x08000f94   Section        0  stm32f0xx_ll_i2c.o(.text.LL_I2C_SetMode)
    LL_I2C_SetOwnAddress1                    0x08000fa5   Thumb Code    16  stm32f0xx_ll_i2c.o(.text.LL_I2C_SetOwnAddress1)
    [Anonymous Symbol]                       0x08000fa4   Section        0  stm32f0xx_ll_i2c.o(.text.LL_I2C_SetOwnAddress1)
    __arm_cp.9_0                             0x08000fb4   Number         4  stm32f0xx_ll_i2c.o(.text.LL_I2C_SetOwnAddress1)
    LL_I2C_SetOwnAddress2                    0x08000fb9   Thumb Code    12  i2c.o(.text.LL_I2C_SetOwnAddress2)
    [Anonymous Symbol]                       0x08000fb8   Section        0  i2c.o(.text.LL_I2C_SetOwnAddress2)
    __arm_cp.7_0                             0x08000fc4   Number         4  i2c.o(.text.LL_I2C_SetOwnAddress2)
    __arm_cp.7_1                             0x08000fc8   Number         4  i2c.o(.text.LL_I2C_SetOwnAddress2)
    LL_I2C_SetTiming                         0x08000fcd   Thumb Code     4  stm32f0xx_ll_i2c.o(.text.LL_I2C_SetTiming)
    [Anonymous Symbol]                       0x08000fcc   Section        0  stm32f0xx_ll_i2c.o(.text.LL_I2C_SetTiming)
    LL_I2C_TransmitData8                     0x08000fd1   Thumb Code     8  i2c.o(.text.LL_I2C_TransmitData8)
    [Anonymous Symbol]                       0x08000fd0   Section        0  i2c.o(.text.LL_I2C_TransmitData8)
    __arm_cp.11_0                            0x08000fd8   Number         4  i2c.o(.text.LL_I2C_TransmitData8)
    LL_TIM_CC_DisableChannel                 0x08000fdd   Thumb Code    12  drive.o(.text.LL_TIM_CC_DisableChannel)
    [Anonymous Symbol]                       0x08000fdc   Section        0  drive.o(.text.LL_TIM_CC_DisableChannel)
    LL_TIM_CC_EnableChannel                  0x08000fe9   Thumb Code    12  stanok_math.o(.text.LL_TIM_CC_EnableChannel)
    [Anonymous Symbol]                       0x08000fe8   Section        0  stanok_math.o(.text.LL_TIM_CC_EnableChannel)
    LL_TIM_CC_EnableChannel                  0x08000ff5   Thumb Code    12  main.o(.text.LL_TIM_CC_EnableChannel)
    [Anonymous Symbol]                       0x08000ff4   Section        0  main.o(.text.LL_TIM_CC_EnableChannel)
    __arm_cp.6_0                             0x08001000   Number         4  main.o(.text.LL_TIM_CC_EnableChannel)
    LL_TIM_CC_EnableChannel                  0x08001005   Thumb Code    12  tim.o(.text.LL_TIM_CC_EnableChannel)
    [Anonymous Symbol]                       0x08001004   Section        0  tim.o(.text.LL_TIM_CC_EnableChannel)
    LL_TIM_ClearFlag_UPDATE                  0x08001011   Thumb Code     8  tim.o(.text.LL_TIM_ClearFlag_UPDATE)
    [Anonymous Symbol]                       0x08001010   Section        0  tim.o(.text.LL_TIM_ClearFlag_UPDATE)
    LL_TIM_DisableARRPreload                 0x08001019   Thumb Code    10  tim.o(.text.LL_TIM_DisableARRPreload)
    [Anonymous Symbol]                       0x08001018   Section        0  tim.o(.text.LL_TIM_DisableARRPreload)
    LL_TIM_DisableCounter                    0x08001025   Thumb Code    12  drive.o(.text.LL_TIM_DisableCounter)
    [Anonymous Symbol]                       0x08001024   Section        0  drive.o(.text.LL_TIM_DisableCounter)
    LL_TIM_DisableCounter                    0x08001031   Thumb Code    12  stanok_math.o(.text.LL_TIM_DisableCounter)
    [Anonymous Symbol]                       0x08001030   Section        0  stanok_math.o(.text.LL_TIM_DisableCounter)
    LL_TIM_DisableCounter                    0x0800103d   Thumb Code    10  tim.o(.text.LL_TIM_DisableCounter)
    [Anonymous Symbol]                       0x0800103c   Section        0  tim.o(.text.LL_TIM_DisableCounter)
    LL_TIM_DisableMasterSlaveMode            0x08001049   Thumb Code    12  tim.o(.text.LL_TIM_DisableMasterSlaveMode)
    [Anonymous Symbol]                       0x08001048   Section        0  tim.o(.text.LL_TIM_DisableMasterSlaveMode)
    LL_TIM_EnableCounter                     0x08001055   Thumb Code    12  stanok_math.o(.text.LL_TIM_EnableCounter)
    [Anonymous Symbol]                       0x08001054   Section        0  stanok_math.o(.text.LL_TIM_EnableCounter)
    LL_TIM_EnableCounter                     0x08001061   Thumb Code    12  main.o(.text.LL_TIM_EnableCounter)
    [Anonymous Symbol]                       0x08001060   Section        0  main.o(.text.LL_TIM_EnableCounter)
    LL_TIM_EnableCounter                     0x0800106d   Thumb Code    10  tim.o(.text.LL_TIM_EnableCounter)
    [Anonymous Symbol]                       0x0800106c   Section        0  tim.o(.text.LL_TIM_EnableCounter)
    LL_TIM_EnableIT_UPDATE                   0x08001079   Thumb Code    12  tim.o(.text.LL_TIM_EnableIT_UPDATE)
    [Anonymous Symbol]                       0x08001078   Section        0  tim.o(.text.LL_TIM_EnableIT_UPDATE)
    __arm_cp.29_0                            0x08001084   Number         4  tim.o(.text.LL_TIM_EnableIT_UPDATE)
    LL_TIM_GenerateEvent_UPDATE              0x08001089   Thumb Code    10  stm32f0xx_ll_tim.o(.text.LL_TIM_GenerateEvent_UPDATE)
    [Anonymous Symbol]                       0x08001088   Section        0  stm32f0xx_ll_tim.o(.text.LL_TIM_GenerateEvent_UPDATE)
    LL_TIM_GetCounter                        0x08001095   Thumb Code     8  drive.o(.text.LL_TIM_GetCounter)
    [Anonymous Symbol]                       0x08001094   Section        0  drive.o(.text.LL_TIM_GetCounter)
    __arm_cp.2_0                             0x0800109c   Number         4  drive.o(.text.LL_TIM_GetCounter)
    LL_TIM_IC_SetActiveInput                 0x080010a1   Thumb Code    56  tim.o(.text.LL_TIM_IC_SetActiveInput)
    [Anonymous Symbol]                       0x080010a0   Section        0  tim.o(.text.LL_TIM_IC_SetActiveInput)
    LL_TIM_IC_SetFilter                      0x080010d9   Thumb Code    48  tim.o(.text.LL_TIM_IC_SetFilter)
    [Anonymous Symbol]                       0x080010d8   Section        0  tim.o(.text.LL_TIM_IC_SetFilter)
    LL_TIM_IC_SetPolarity                    0x08001109   Thumb Code    44  tim.o(.text.LL_TIM_IC_SetPolarity)
    [Anonymous Symbol]                       0x08001108   Section        0  tim.o(.text.LL_TIM_IC_SetPolarity)
    SHIFT_TAB_CCxP                           0x08001134   Number         0  tim.o(.text.LL_TIM_IC_SetPolarity)
    __arm_cp.7_1                             0x0800113c   Number         4  tim.o(.text.LL_TIM_IC_SetPolarity)
    LL_TIM_IC_SetPrescaler                   0x08001141   Thumb Code    48  tim.o(.text.LL_TIM_IC_SetPrescaler)
    [Anonymous Symbol]                       0x08001140   Section        0  tim.o(.text.LL_TIM_IC_SetPrescaler)
    __arm_cp.5_0                             0x08001170   Number         4  tim.o(.text.LL_TIM_IC_SetPrescaler)
    __arm_cp.5_1                             0x08001174   Number         4  tim.o(.text.LL_TIM_IC_SetPrescaler)
    __arm_cp.5_2                             0x08001178   Number         4  tim.o(.text.LL_TIM_IC_SetPrescaler)
    [Anonymous Symbol]                       0x0800117c   Section        0  stm32f0xx_ll_tim.o(.text.LL_TIM_Init)
    __arm_cp.6_0                             0x08001204   Number         4  stm32f0xx_ll_tim.o(.text.LL_TIM_Init)
    __arm_cp.6_1                             0x08001208   Number         4  stm32f0xx_ll_tim.o(.text.LL_TIM_Init)
    __arm_cp.6_2                             0x0800120c   Number         4  stm32f0xx_ll_tim.o(.text.LL_TIM_Init)
    __arm_cp.6_3                             0x08001210   Number         4  stm32f0xx_ll_tim.o(.text.LL_TIM_Init)
    __arm_cp.6_4                             0x08001214   Number         4  stm32f0xx_ll_tim.o(.text.LL_TIM_Init)
    __arm_cp.6_5                             0x08001218   Number         4  stm32f0xx_ll_tim.o(.text.LL_TIM_Init)
    LL_TIM_IsActiveFlag_UPDATE               0x0800121d   Thumb Code     8  tim.o(.text.LL_TIM_IsActiveFlag_UPDATE)
    [Anonymous Symbol]                       0x0800121c   Section        0  tim.o(.text.LL_TIM_IsActiveFlag_UPDATE)
    LL_TIM_OC_DisableFast                    0x08001225   Thumb Code    12  tim.o(.text.LL_TIM_OC_DisableFast)
    [Anonymous Symbol]                       0x08001224   Section        0  tim.o(.text.LL_TIM_OC_DisableFast)
    LL_TIM_OC_EnablePreload                  0x08001231   Thumb Code    12  tim.o(.text.LL_TIM_OC_EnablePreload)
    [Anonymous Symbol]                       0x08001230   Section        0  tim.o(.text.LL_TIM_OC_EnablePreload)
    __arm_cp.12_0                            0x0800123c   Number         4  tim.o(.text.LL_TIM_OC_EnablePreload)
    [Anonymous Symbol]                       0x08001240   Section        0  stm32f0xx_ll_tim.o(.text.LL_TIM_OC_Init)
    LL_TIM_OC_SetCompareCH1                  0x08001291   Thumb Code     8  stanok_math.o(.text.LL_TIM_OC_SetCompareCH1)
    [Anonymous Symbol]                       0x08001290   Section        0  stanok_math.o(.text.LL_TIM_OC_SetCompareCH1)
    LL_TIM_OC_SetCompareCH1                  0x08001299   Thumb Code    12  main.o(.text.LL_TIM_OC_SetCompareCH1)
    [Anonymous Symbol]                       0x08001298   Section        0  main.o(.text.LL_TIM_OC_SetCompareCH1)
    __arm_cp.4_0                             0x080012a4   Number         4  main.o(.text.LL_TIM_OC_SetCompareCH1)
    LL_TIM_OC_SetCompareCH1                  0x080012a9   Thumb Code     4  stm32f0xx_ll_tim.o(.text.LL_TIM_OC_SetCompareCH1)
    [Anonymous Symbol]                       0x080012a8   Section        0  stm32f0xx_ll_tim.o(.text.LL_TIM_OC_SetCompareCH1)
    LL_TIM_OC_SetCompareCH2                  0x080012ad   Thumb Code     4  stm32f0xx_ll_tim.o(.text.LL_TIM_OC_SetCompareCH2)
    [Anonymous Symbol]                       0x080012ac   Section        0  stm32f0xx_ll_tim.o(.text.LL_TIM_OC_SetCompareCH2)
    LL_TIM_OC_SetCompareCH3                  0x080012b1   Thumb Code     4  stm32f0xx_ll_tim.o(.text.LL_TIM_OC_SetCompareCH3)
    [Anonymous Symbol]                       0x080012b0   Section        0  stm32f0xx_ll_tim.o(.text.LL_TIM_OC_SetCompareCH3)
    LL_TIM_OC_SetCompareCH4                  0x080012b5   Thumb Code     4  stm32f0xx_ll_tim.o(.text.LL_TIM_OC_SetCompareCH4)
    [Anonymous Symbol]                       0x080012b4   Section        0  stm32f0xx_ll_tim.o(.text.LL_TIM_OC_SetCompareCH4)
    LL_TIM_SetAutoReload                     0x080012b9   Thumb Code     8  stanok_math.o(.text.LL_TIM_SetAutoReload)
    [Anonymous Symbol]                       0x080012b8   Section        0  stanok_math.o(.text.LL_TIM_SetAutoReload)
    LL_TIM_SetAutoReload                     0x080012c1   Thumb Code     8  main.o(.text.LL_TIM_SetAutoReload)
    [Anonymous Symbol]                       0x080012c0   Section        0  main.o(.text.LL_TIM_SetAutoReload)
    __arm_cp.5_0                             0x080012c8   Number         4  main.o(.text.LL_TIM_SetAutoReload)
    LL_TIM_SetAutoReload                     0x080012cd   Thumb Code     4  tim.o(.text.LL_TIM_SetAutoReload)
    [Anonymous Symbol]                       0x080012cc   Section        0  tim.o(.text.LL_TIM_SetAutoReload)
    LL_TIM_SetAutoReload                     0x080012d1   Thumb Code     4  stm32f0xx_ll_tim.o(.text.LL_TIM_SetAutoReload)
    [Anonymous Symbol]                       0x080012d0   Section        0  stm32f0xx_ll_tim.o(.text.LL_TIM_SetAutoReload)
    LL_TIM_SetCounter                        0x080012d5   Thumb Code     8  stanok_math.o(.text.LL_TIM_SetCounter)
    [Anonymous Symbol]                       0x080012d4   Section        0  stanok_math.o(.text.LL_TIM_SetCounter)
    __arm_cp.4_0                             0x080012dc   Number         4  stanok_math.o(.text.LL_TIM_SetCounter)
    LL_TIM_SetCounter                        0x080012e1   Thumb Code     4  tim.o(.text.LL_TIM_SetCounter)
    [Anonymous Symbol]                       0x080012e0   Section        0  tim.o(.text.LL_TIM_SetCounter)
    LL_TIM_SetEncoderMode                    0x080012e5   Thumb Code    16  tim.o(.text.LL_TIM_SetEncoderMode)
    [Anonymous Symbol]                       0x080012e4   Section        0  tim.o(.text.LL_TIM_SetEncoderMode)
    __arm_cp.3_0                             0x080012f4   Number         4  tim.o(.text.LL_TIM_SetEncoderMode)
    LL_TIM_SetPrescaler                      0x080012f9   Thumb Code     8  main.o(.text.LL_TIM_SetPrescaler)
    [Anonymous Symbol]                       0x080012f8   Section        0  main.o(.text.LL_TIM_SetPrescaler)
    __arm_cp.3_0                             0x08001300   Number         4  main.o(.text.LL_TIM_SetPrescaler)
    LL_TIM_SetPrescaler                      0x08001305   Thumb Code     4  stm32f0xx_ll_tim.o(.text.LL_TIM_SetPrescaler)
    [Anonymous Symbol]                       0x08001304   Section        0  stm32f0xx_ll_tim.o(.text.LL_TIM_SetPrescaler)
    LL_TIM_SetRepetitionCounter              0x08001309   Thumb Code     4  stm32f0xx_ll_tim.o(.text.LL_TIM_SetRepetitionCounter)
    [Anonymous Symbol]                       0x08001308   Section        0  stm32f0xx_ll_tim.o(.text.LL_TIM_SetRepetitionCounter)
    LL_TIM_SetTriggerOutput                  0x0800130d   Thumb Code    12  tim.o(.text.LL_TIM_SetTriggerOutput)
    [Anonymous Symbol]                       0x0800130c   Section        0  tim.o(.text.LL_TIM_SetTriggerOutput)
    __arm_cp.9_0                             0x08001318   Number         4  tim.o(.text.LL_TIM_SetTriggerOutput)
    [Anonymous Symbol]                       0x0800131c   Section        0  gpio.o(.text.MX_GPIO_Init)
    __arm_cp.0_0                             0x080013e8   Number         4  gpio.o(.text.MX_GPIO_Init)
    __arm_cp.0_1                             0x080013ec   Number         4  gpio.o(.text.MX_GPIO_Init)
    [Anonymous Symbol]                       0x080013f0   Section        0  i2c.o(.text.MX_I2C1_Init)
    __arm_cp.0_0                             0x08001490   Number         4  i2c.o(.text.MX_I2C1_Init)
    [Anonymous Symbol]                       0x08001494   Section        0  tim.o(.text.MX_TIM14_Init)
    __arm_cp.11_0                            0x0800152c   Number         4  tim.o(.text.MX_TIM14_Init)
    __arm_cp.11_1                            0x08001530   Number         4  tim.o(.text.MX_TIM14_Init)
    [Anonymous Symbol]                       0x08001534   Section        0  tim.o(.text.MX_TIM3_Init)
    __arm_cp.0_0                             0x080015ec   Number         4  tim.o(.text.MX_TIM3_Init)
    __arm_cp.0_1                             0x080015f0   Number         4  tim.o(.text.MX_TIM3_Init)
    [Anonymous Symbol]                       0x080015f4   Section        0  stm32f0xx_it.o(.text.NMI_Handler)
    OC1Config                                0x080015f9   Thumb Code   124  stm32f0xx_ll_tim.o(.text.OC1Config)
    [Anonymous Symbol]                       0x080015f8   Section        0  stm32f0xx_ll_tim.o(.text.OC1Config)
    OC2Config                                0x08001675   Thumb Code   140  stm32f0xx_ll_tim.o(.text.OC2Config)
    [Anonymous Symbol]                       0x08001674   Section        0  stm32f0xx_ll_tim.o(.text.OC2Config)
    __arm_cp.14_3                            0x08001700   Number         4  stm32f0xx_ll_tim.o(.text.OC2Config)
    OC3Config                                0x08001705   Thumb Code   140  stm32f0xx_ll_tim.o(.text.OC3Config)
    [Anonymous Symbol]                       0x08001704   Section        0  stm32f0xx_ll_tim.o(.text.OC3Config)
    __arm_cp.15_0                            0x08001790   Number         4  stm32f0xx_ll_tim.o(.text.OC3Config)
    __arm_cp.15_4                            0x08001794   Number         4  stm32f0xx_ll_tim.o(.text.OC3Config)
    OC4Config                                0x08001799   Thumb Code   112  stm32f0xx_ll_tim.o(.text.OC4Config)
    [Anonymous Symbol]                       0x08001798   Section        0  stm32f0xx_ll_tim.o(.text.OC4Config)
    __arm_cp.16_0                            0x08001808   Number         4  stm32f0xx_ll_tim.o(.text.OC4Config)
    __arm_cp.16_1                            0x0800180c   Number         4  stm32f0xx_ll_tim.o(.text.OC4Config)
    __arm_cp.16_2                            0x08001810   Number         4  stm32f0xx_ll_tim.o(.text.OC4Config)
    [Anonymous Symbol]                       0x08001814   Section        0  stm32f0xx_it.o(.text.PendSV_Handler)
    [Anonymous Symbol]                       0x08001818   Section        0  ssd1306.o(.text.SSD1306_DrawPixel)
    [Anonymous Symbol]                       0x08001854   Section        0  ssd1306.o(.text.SSD1306_Fill)
    __arm_cp.1_0                             0x08001874   Number         4  ssd1306.o(.text.SSD1306_Fill)
    [Anonymous Symbol]                       0x08001878   Section        0  ssd1306.o(.text.SSD1306_GotoXY)
    [Anonymous Symbol]                       0x08001884   Section        0  ssd1306.o(.text.SSD1306_Putc)
    __arm_cp.7_0                             0x0800191c   Number         4  ssd1306.o(.text.SSD1306_Putc)
    __arm_cp.7_1                             0x08001920   Number         4  ssd1306.o(.text.SSD1306_Putc)
    [Anonymous Symbol]                       0x08001924   Section        0  ssd1306.o(.text.SSD1306_Puts)
    [Anonymous Symbol]                       0x08001958   Section        0  ssd1306.o(.text.SSD1306_UpdateScreen)
    __arm_cp.2_0                             0x08001988   Number         4  ssd1306.o(.text.SSD1306_UpdateScreen)
    [Anonymous Symbol]                       0x0800198c   Section        0  stm32f0xx_it.o(.text.SVC_Handler)
    SysTick_Config                           0x08001991   Thumb Code    36  stm32f0xx_hal_cortex.o(.text.SysTick_Config)
    [Anonymous Symbol]                       0x08001990   Section        0  stm32f0xx_hal_cortex.o(.text.SysTick_Config)
    __arm_cp.9_0                             0x080019b4   Number         4  stm32f0xx_hal_cortex.o(.text.SysTick_Config)
    [Anonymous Symbol]                       0x080019b8   Section        0  stm32f0xx_it.o(.text.SysTick_Handler)
    [Anonymous Symbol]                       0x080019c0   Section        0  main.o(.text.SystemClock_Config)
    [Anonymous Symbol]                       0x08001a30   Section        0  system_stm32f0xx.o(.text.SystemInit)
    [Anonymous Symbol]                       0x08001a34   Section        0  tim.o(.text.TIM17_IRQHandler)
    __arm_cp.24_0                            0x08001a58   Number         4  tim.o(.text.TIM17_IRQHandler)
    __arm_cp.24_1                            0x08001a5c   Number         4  tim.o(.text.TIM17_IRQHandler)
    __NVIC_EnableIRQ                         0x08001a61   Thumb Code    12  tim.o(.text.__NVIC_EnableIRQ)
    [Anonymous Symbol]                       0x08001a60   Section        0  tim.o(.text.__NVIC_EnableIRQ)
    __arm_cp.31_0                            0x08001a6c   Number         4  tim.o(.text.__NVIC_EnableIRQ)
    __NVIC_SetPriority                       0x08001a71   Thumb Code    16  tim.o(.text.__NVIC_SetPriority)
    [Anonymous Symbol]                       0x08001a70   Section        0  tim.o(.text.__NVIC_SetPriority)
    __arm_cp.30_0                            0x08001a80   Number         4  tim.o(.text.__NVIC_SetPriority)
    __NVIC_SetPriority                       0x08001a85   Thumb Code    56  stm32f0xx_hal_cortex.o(.text.__NVIC_SetPriority)
    [Anonymous Symbol]                       0x08001a84   Section        0  stm32f0xx_hal_cortex.o(.text.__NVIC_SetPriority)
    __arm_cp.1_0                             0x08001abc   Number         4  stm32f0xx_hal_cortex.o(.text.__NVIC_SetPriority)
    __arm_cp.1_1                             0x08001ac0   Number         4  stm32f0xx_hal_cortex.o(.text.__NVIC_SetPriority)
    [Anonymous Symbol]                       0x08001ac4   Section        0  stanok_math.o(.text.calc_period_pulse)
    __arm_cp.0_0                             0x08001b04   Number         4  stanok_math.o(.text.calc_period_pulse)
    __arm_cp.0_1                             0x08001b08   Number         4  stanok_math.o(.text.calc_period_pulse)
    [Anonymous Symbol]                       0x08001b0c   Section        0  ssd1306.o(.text.default_screen)
    __arm_cp.18_0                            0x08001b3c   Number         4  ssd1306.o(.text.default_screen)
    [Anonymous Symbol]                       0x08001b48   Section        0  tim.o(.text.delay_us)
    __arm_cp.18_0                            0x08001b7c   Number         4  tim.o(.text.delay_us)
    [Anonymous Symbol]                       0x08001b80   Section        0  tim.o(.text.encoder_init)
    __arm_cp.14_0                            0x08001ba0   Number         4  tim.o(.text.encoder_init)
    [Anonymous Symbol]                       0x08001ba4   Section        0  drive.o(.text.encoder_reset)
    [Anonymous Symbol]                       0x08001bc4   Section        0  i2c.o(.text.i2c_write_buffer_8bit_registr)
    [Anonymous Symbol]                       0x08001c14   Section        0  i2c.o(.text.i2c_write_byte)
    __arm_cp.16_0                            0x08001c50   Number         4  i2c.o(.text.i2c_write_byte)
    [Anonymous Symbol]                       0x08001c54   Section        0  main.o(.text.main)
    __arm_cp.0_0                             0x08001cb8   Number         4  main.o(.text.main)
    __arm_cp.0_1                             0x08001cbc   Number         4  main.o(.text.main)
    __arm_cp.0_3                             0x08001cc0   Number         4  main.o(.text.main)
    [Anonymous Symbol]                       0x08001cc4   Section        0  drive.o(.text.read_enc_data)
    __arm_cp.1_0                             0x08001d14   Number         4  drive.o(.text.read_enc_data)
    [Anonymous Symbol]                       0x08001d18   Section        0  tim.o(.text.repeat_time)
    __arm_cp.23_0                            0x08001d3c   Number         4  tim.o(.text.repeat_time)
    scan_buttons_GPIO                        0x08001d41   Thumb Code    80  button.o(.text.scan_buttons_GPIO)
    [Anonymous Symbol]                       0x08001d40   Section        0  button.o(.text.scan_buttons_GPIO)
    __arm_cp.2_0                             0x08001d90   Number         4  button.o(.text.scan_buttons_GPIO)
    [Anonymous Symbol]                       0x08001d94   Section        0  button.o(.text.scan_keys)
    __arm_cp.0_0                             0x08001e6c   Number         4  button.o(.text.scan_keys)
    __arm_cp.0_1                             0x08001e70   Number         4  button.o(.text.scan_keys)
    __arm_cp.0_2                             0x08001e74   Number         4  button.o(.text.scan_keys)
    __arm_cp.0_3                             0x08001e78   Number         4  button.o(.text.scan_keys)
    [Anonymous Symbol]                       0x08001e7c   Section        0  drive.o(.text.setup_enc_data)
    __arm_cp.3_0                             0x08001ec0   Number         4  drive.o(.text.setup_enc_data)
    [Anonymous Symbol]                       0x08001ec4   Section        0  ssd1306.o(.text.ssd1306_Init)
    __arm_cp.0_0                             0x08001f78   Number         4  ssd1306.o(.text.ssd1306_Init)
    __arm_cp.0_1                             0x08001f7c   Number         4  ssd1306.o(.text.ssd1306_Init)
    [Anonymous Symbol]                       0x08001f80   Section        0  ssd1306_interface.o(.text.ssd1306_SendCommand)
    __arm_cp.0_0                             0x08001f94   Number         4  ssd1306_interface.o(.text.ssd1306_SendCommand)
    [Anonymous Symbol]                       0x08001f98   Section        0  ssd1306_interface.o(.text.ssd1306_SendDataBuffer)
    [Anonymous Symbol]                       0x08001fa8   Section        0  button.o(.text.switch_mode)
    __arm_cp.3_0                             0x08001fe0   Number         4  button.o(.text.switch_mode)
    tim_delay_init                           0x08001fe5   Thumb Code    56  tim.o(.text.tim_delay_init)
    [Anonymous Symbol]                       0x08001fe4   Section        0  tim.o(.text.tim_delay_init)
    __arm_cp.26_0                            0x0800201c   Number         4  tim.o(.text.tim_delay_init)
    timer_bounce_init                        0x08002021   Thumb Code    76  tim.o(.text.timer_bounce_init)
    [Anonymous Symbol]                       0x08002020   Section        0  tim.o(.text.timer_bounce_init)
    __arm_cp.27_0                            0x0800206c   Number         4  tim.o(.text.timer_bounce_init)
    __arm_cp.27_1                            0x08002070   Number         4  tim.o(.text.timer_bounce_init)
    __arm_cp.27_2                            0x08002074   Number         4  tim.o(.text.timer_bounce_init)
    [Anonymous Symbol]                       0x08002078   Section        0  tim.o(.text.timers_ini)
    [Anonymous Symbol]                       0x08002084   Section        0  ssd1306.o(.text.turn_setup_screen)
    __arm_cp.19_0                            0x080020b4   Number         4  ssd1306.o(.text.turn_setup_screen)
    .text_divfast                            0x080020c0   Section      502  aeabi_sdivfast.o(.text_divfast)
    i._is_digit                              0x080022b6   Section        0  __printf_wp.o(i._is_digit)
    maptable                                 0x080022c4   Data          17  __printf_flags_wp.o(.constdata)
    .constdata                               0x080022c4   Section       17  __printf_flags_wp.o(.constdata)
    OFFSET_TAB_CCMRx                         0x08002ee2   Data           7  tim.o(.rodata.OFFSET_TAB_CCMRx)
    [Anonymous Symbol]                       0x08002ee2   Section        0  tim.o(.rodata.OFFSET_TAB_CCMRx)
    SHIFT_TAB_ICxx                           0x08002ee9   Data           7  tim.o(.rodata.SHIFT_TAB_ICxx)
    [Anonymous Symbol]                       0x08002ee9   Section        0  tim.o(.rodata.SHIFT_TAB_ICxx)
    .bss                                     0x20000018   Section       96  libspace.o(.bss)
    SSD1306.0                                0x20000088   Data           2  ssd1306.o(.bss.SSD1306.0)
    [Anonymous Symbol]                       0x20000088   Section        0  ssd1306.o(.bss.SSD1306.0)
    SSD1306.1                                0x2000008a   Data           2  ssd1306.o(.bss.SSD1306.1)
    [Anonymous Symbol]                       0x2000008a   Section        0  ssd1306.o(.bss.SSD1306.1)
    SSD1306.2                                0x2000008c   Data           1  ssd1306.o(.bss.SSD1306.2)
    [Anonymous Symbol]                       0x2000008c   Section        0  ssd1306.o(.bss.SSD1306.2)
    SSD1306_Buffer                           0x20000090   Data         528  ssd1306.o(.bss.SSD1306_Buffer)
    [Anonymous Symbol]                       0x20000090   Section        0  ssd1306.o(.bss.SSD1306_Buffer)
    scan_keys.key_code                       0x200002c0   Data           2  button.o(.bss.scan_keys.key_code)
    [Anonymous Symbol]                       0x200002c0   Section        0  button.o(.bss.scan_keys.key_code)
    scan_keys.key_state                      0x200002c2   Data           1  button.o(.bss.scan_keys.key_state)
    [Anonymous Symbol]                       0x200002c2   Section        0  button.o(.bss.scan_keys.key_state)
    temp                                     0x200002c3   Data           2  ssd1306_interface.o(.bss.temp)
    [Anonymous Symbol]                       0x200002c3   Section        0  ssd1306_interface.o(.bss.temp)
    Heap_Mem                                 0x200002d0   Data         256  startup_stm32f030x6.o(HEAP)
    HEAP                                     0x200002d0   Section      256  startup_stm32f030x6.o(HEAP)
    Stack_Mem                                0x200003d0   Data        1024  startup_stm32f030x6.o(STACK)
    STACK                                    0x200003d0   Section     1024  startup_stm32f030x6.o(STACK)
    __initial_sp                             0x200007d0   Data           0  startup_stm32f030x6.o(STACK)

    Global Symbols

    Symbol Name                              Value     Ov Type        Size  Object(Section)

    BuildAttributes$$THM_ISAv3M$S$PE$A:L22$X:L11$S22$IEEE1$IW$~IW$USESV6$~STKCKD$USESV7$~SHL$OTIME$ROPI$IEEEJ$EBA8$UX$STANDARDLIB$REQ8$PRES8$EABIv2 0x00000000   Number         0  anon$$obj.o ABSOLUTE
    _printf_flags                            0x00000000   Number         0  printf_stubs.o ABSOLUTE
    _printf_return_value                     0x00000000   Number         0  printf_stubs.o ABSOLUTE
    _printf_sizespec                         0x00000000   Number         0  printf_stubs.o ABSOLUTE
    _printf_widthprec                        0x00000000   Number         0  printf_stubs.o ABSOLUTE
    __ARM_exceptions_init                     - Undefined Weak Reference
    __alloca_initialize                       - Undefined Weak Reference
    __arm_preinit_                            - Undefined Weak Reference
    __cpp_initialize__aeabi_                  - Undefined Weak Reference
    __cxa_finalize                            - Undefined Weak Reference
    __rt_locale                               - Undefined Weak Reference
    __sigvec_lookup                           - Undefined Weak Reference
    _atexit_init                              - Undefined Weak Reference
    _call_atexit_fns                          - Undefined Weak Reference
    _clock_init                               - Undefined Weak Reference
    _fp_trap_init                             - Undefined Weak Reference
    _fp_trap_shutdown                         - Undefined Weak Reference
    _get_lc_collate                           - Undefined Weak Reference
    _get_lc_ctype                             - Undefined Weak Reference
    _get_lc_monetary                          - Undefined Weak Reference
    _get_lc_numeric                           - Undefined Weak Reference
    _get_lc_time                              - Undefined Weak Reference
    _getenv_init                              - Undefined Weak Reference
    _handle_redirection                       - Undefined Weak Reference
    _init_alloc                               - Undefined Weak Reference
    _init_user_alloc                          - Undefined Weak Reference
    _initio                                   - Undefined Weak Reference
    _printf_truncate_signed                   - Undefined Weak Reference
    _printf_truncate_unsigned                 - Undefined Weak Reference
    _rand_init                                - Undefined Weak Reference
    _signal_finish                            - Undefined Weak Reference
    _signal_init                              - Undefined Weak Reference
    _terminate_alloc                          - Undefined Weak Reference
    _terminate_user_alloc                     - Undefined Weak Reference
    _terminateio                              - Undefined Weak Reference
    __Vectors_Size                           0x000000b0   Number         0  startup_stm32f030x6.o ABSOLUTE
    __Vectors                                0x08000000   Data           4  startup_stm32f030x6.o(RESET)
    __Vectors_End                            0x080000b0   Data           0  startup_stm32f030x6.o(RESET)
    __main                                   0x080000b1   Thumb Code     8  __main.o(!!!main)
    __scatterload                            0x080000b9   Thumb Code     0  __scatter.o(!!!scatter)
    __scatterload_rt2                        0x080000b9   Thumb Code    52  __scatter.o(!!!scatter)
    __scatterload_rt2_thumb_only             0x080000b9   Thumb Code     0  __scatter.o(!!!scatter)
    __scatterload_null                       0x080000c9   Thumb Code     0  __scatter.o(!!!scatter)
    __scatterload_copy                       0x080000f5   Thumb Code    26  __scatter_copy.o(!!handler_copy)
    __scatterload_zeroinit                   0x08000111   Thumb Code    28  __scatter_zi.o(!!handler_zi)
    _printf_percent                          0x0800012d   Thumb Code     0  _printf_percent.o(.ARM.Collect$$_printf_percent$$00000000)
    _printf_d                                0x0800012f   Thumb Code     0  _printf_d.o(.ARM.Collect$$_printf_percent$$00000009)
    _printf_percent_end                      0x08000139   Thumb Code     0  _printf_percent_end.o(.ARM.Collect$$_printf_percent$$00000017)
    __rt_lib_init                            0x0800013d   Thumb Code     0  libinit.o(.ARM.Collect$$libinit$$00000000)
    __rt_lib_init_alloca_1                   0x0800013f   Thumb Code     0  libinit2.o(.ARM.Collect$$libinit$$0000002E)
    __rt_lib_init_argv_1                     0x0800013f   Thumb Code     0  libinit2.o(.ARM.Collect$$libinit$$0000002C)
    __rt_lib_init_atexit_1                   0x0800013f   Thumb Code     0  libinit2.o(.ARM.Collect$$libinit$$0000001B)
    __rt_lib_init_clock_1                    0x0800013f   Thumb Code     0  libinit2.o(.ARM.Collect$$libinit$$00000021)
    __rt_lib_init_cpp_1                      0x0800013f   Thumb Code     0  libinit2.o(.ARM.Collect$$libinit$$00000032)
    __rt_lib_init_exceptions_1               0x0800013f   Thumb Code     0  libinit2.o(.ARM.Collect$$libinit$$00000030)
    __rt_lib_init_fp_1                       0x0800013f   Thumb Code     0  libinit2.o(.ARM.Collect$$libinit$$00000002)
    __rt_lib_init_fp_trap_1                  0x0800013f   Thumb Code     0  libinit2.o(.ARM.Collect$$libinit$$0000001F)
    __rt_lib_init_getenv_1                   0x0800013f   Thumb Code     0  libinit2.o(.ARM.Collect$$libinit$$00000023)
    __rt_lib_init_heap_1                     0x0800013f   Thumb Code     0  libinit2.o(.ARM.Collect$$libinit$$0000000A)
    __rt_lib_init_lc_collate_1               0x0800013f   Thumb Code     0  libinit2.o(.ARM.Collect$$libinit$$00000011)
    __rt_lib_init_lc_ctype_1                 0x0800013f   Thumb Code     0  libinit2.o(.ARM.Collect$$libinit$$00000013)
    __rt_lib_init_lc_monetary_1              0x0800013f   Thumb Code     0  libinit2.o(.ARM.Collect$$libinit$$00000015)
    __rt_lib_init_lc_numeric_1               0x0800013f   Thumb Code     0  libinit2.o(.ARM.Collect$$libinit$$00000017)
    __rt_lib_init_lc_time_1                  0x0800013f   Thumb Code     0  libinit2.o(.ARM.Collect$$libinit$$00000019)
    __rt_lib_init_preinit_1                  0x0800013f   Thumb Code     0  libinit2.o(.ARM.Collect$$libinit$$00000004)
    __rt_lib_init_rand_1                     0x0800013f   Thumb Code     0  libinit2.o(.ARM.Collect$$libinit$$0000000E)
    __rt_lib_init_return                     0x0800013f   Thumb Code     0  libinit2.o(.ARM.Collect$$libinit$$00000033)
    __rt_lib_init_signal_1                   0x0800013f   Thumb Code     0  libinit2.o(.ARM.Collect$$libinit$$0000001D)
    __rt_lib_init_stdio_1                    0x0800013f   Thumb Code     0  libinit2.o(.ARM.Collect$$libinit$$00000025)
    __rt_lib_init_user_alloc_1               0x0800013f   Thumb Code     0  libinit2.o(.ARM.Collect$$libinit$$0000000C)
    __rt_lib_shutdown                        0x08000141   Thumb Code     0  libshutdown.o(.ARM.Collect$$libshutdown$$00000000)
    __rt_lib_shutdown_cpp_1                  0x08000143   Thumb Code     0  libshutdown2.o(.ARM.Collect$$libshutdown$$00000002)
    __rt_lib_shutdown_fp_trap_1              0x08000143   Thumb Code     0  libshutdown2.o(.ARM.Collect$$libshutdown$$00000007)
    __rt_lib_shutdown_heap_1                 0x08000143   Thumb Code     0  libshutdown2.o(.ARM.Collect$$libshutdown$$0000000F)
    __rt_lib_shutdown_return                 0x08000143   Thumb Code     0  libshutdown2.o(.ARM.Collect$$libshutdown$$00000010)
    __rt_lib_shutdown_signal_1               0x08000143   Thumb Code     0  libshutdown2.o(.ARM.Collect$$libshutdown$$0000000A)
    __rt_lib_shutdown_stdio_1                0x08000143   Thumb Code     0  libshutdown2.o(.ARM.Collect$$libshutdown$$00000004)
    __rt_lib_shutdown_user_alloc_1           0x08000143   Thumb Code     0  libshutdown2.o(.ARM.Collect$$libshutdown$$0000000C)
    __rt_entry                               0x08000145   Thumb Code     0  __rtentry.o(.ARM.Collect$$rtentry$$00000000)
    __rt_entry_presh_1                       0x08000145   Thumb Code     0  __rtentry2.o(.ARM.Collect$$rtentry$$00000002)
    __rt_entry_sh                            0x08000145   Thumb Code     0  __rtentry4.o(.ARM.Collect$$rtentry$$00000004)
    __rt_entry_li                            0x0800014b   Thumb Code     0  __rtentry2.o(.ARM.Collect$$rtentry$$0000000A)
    __rt_entry_postsh_1                      0x0800014b   Thumb Code     0  __rtentry2.o(.ARM.Collect$$rtentry$$00000009)
    __rt_entry_main                          0x0800014f   Thumb Code     0  __rtentry2.o(.ARM.Collect$$rtentry$$0000000D)
    __rt_entry_postli_1                      0x0800014f   Thumb Code     0  __rtentry2.o(.ARM.Collect$$rtentry$$0000000C)
    __rt_exit                                0x08000157   Thumb Code     0  rtexit.o(.ARM.Collect$$rtexit$$00000000)
    __rt_exit_ls                             0x08000159   Thumb Code     0  rtexit2.o(.ARM.Collect$$rtexit$$00000003)
    __rt_exit_prels_1                        0x08000159   Thumb Code     0  rtexit2.o(.ARM.Collect$$rtexit$$00000002)
    __rt_exit_exit                           0x0800015d   Thumb Code     0  rtexit2.o(.ARM.Collect$$rtexit$$00000004)
    Reset_Handler                            0x08000165   Thumb Code     8  startup_stm32f030x6.o(.text)
    ADC1_IRQHandler                          0x08000177   Thumb Code     0  startup_stm32f030x6.o(.text)
    DMA1_Channel1_IRQHandler                 0x08000177   Thumb Code     0  startup_stm32f030x6.o(.text)
    DMA1_Channel2_3_IRQHandler               0x08000177   Thumb Code     0  startup_stm32f030x6.o(.text)
    DMA1_Channel4_5_IRQHandler               0x08000177   Thumb Code     0  startup_stm32f030x6.o(.text)
    EXTI0_1_IRQHandler                       0x08000177   Thumb Code     0  startup_stm32f030x6.o(.text)
    EXTI2_3_IRQHandler                       0x08000177   Thumb Code     0  startup_stm32f030x6.o(.text)
    EXTI4_15_IRQHandler                      0x08000177   Thumb Code     0  startup_stm32f030x6.o(.text)
    FLASH_IRQHandler                         0x08000177   Thumb Code     0  startup_stm32f030x6.o(.text)
    I2C1_IRQHandler                          0x08000177   Thumb Code     0  startup_stm32f030x6.o(.text)
    RCC_IRQHandler                           0x08000177   Thumb Code     0  startup_stm32f030x6.o(.text)
    RTC_IRQHandler                           0x08000177   Thumb Code     0  startup_stm32f030x6.o(.text)
    SPI1_IRQHandler                          0x08000177   Thumb Code     0  startup_stm32f030x6.o(.text)
    TIM14_IRQHandler                         0x08000177   Thumb Code     0  startup_stm32f030x6.o(.text)
    TIM16_IRQHandler                         0x08000177   Thumb Code     0  startup_stm32f030x6.o(.text)
    TIM1_BRK_UP_TRG_COM_IRQHandler           0x08000177   Thumb Code     0  startup_stm32f030x6.o(.text)
    TIM1_CC_IRQHandler                       0x08000177   Thumb Code     0  startup_stm32f030x6.o(.text)
    TIM3_IRQHandler                          0x08000177   Thumb Code     0  startup_stm32f030x6.o(.text)
    USART1_IRQHandler                        0x08000177   Thumb Code     0  startup_stm32f030x6.o(.text)
    WWDG_IRQHandler                          0x08000177   Thumb Code     0  startup_stm32f030x6.o(.text)
    __user_initial_stackheap                 0x08000179   Thumb Code     0  startup_stm32f030x6.o(.text)
    __2snprintf                              0x0800019d   Thumb Code    50  noretval__2snprintf.o(.text)
    _printf_pre_padding                      0x080001d5   Thumb Code    44  _printf_pad.o(.text)
    _printf_post_padding                     0x08000201   Thumb Code    34  _printf_pad.o(.text)
    _printf_int_dec                          0x08000225   Thumb Code    90  _printf_dec.o(.text)
    __printf                                 0x08000291   Thumb Code   306  __printf_flags_wp.o(.text)
    __aeabi_memset4                          0x080003c9   Thumb Code    18  aeabi_memset4.o(.text)
    __aeabi_memset8                          0x080003c9   Thumb Code     0  aeabi_memset4.o(.text)
    _memset_w                                0x080003db   Thumb Code    26  rt_memclr.o(.text)
    _memset                                  0x080003f5   Thumb Code    30  rt_memclr.o(.text)
    __aeabi_memclr                           0x08000413   Thumb Code     4  rt_memclr.o(.text)
    __rt_memclr                              0x08000413   Thumb Code     0  rt_memclr.o(.text)
    __aeabi_memclr4                          0x08000417   Thumb Code     0  rt_memclr.o(.text)
    __aeabi_memclr8                          0x08000417   Thumb Code     0  rt_memclr.o(.text)
    __rt_memclr_w                            0x08000417   Thumb Code     4  rt_memclr.o(.text)
    __use_two_region_memory                  0x0800041b   Thumb Code     2  heapauxi.o(.text)
    __rt_heap_escrow$2region                 0x0800041d   Thumb Code     2  heapauxi.o(.text)
    __rt_heap_expand$2region                 0x0800041f   Thumb Code     2  heapauxi.o(.text)
    _printf_int_common                       0x08000421   Thumb Code   176  _printf_intcommon.o(.text)
    _printf_char_common                      0x080004db   Thumb Code    32  _printf_char_common.o(.text)
    _sputc                                   0x08000501   Thumb Code    10  _sputc.o(.text)
    _snputc                                  0x0800050b   Thumb Code    16  _snputc.o(.text)
    __rt_udiv10                              0x0800051b   Thumb Code    40  rtudiv10.o(.text)
    __user_libspace                          0x08000545   Thumb Code     8  libspace.o(.text)
    __user_perproc_libspace                  0x08000545   Thumb Code     0  libspace.o(.text)
    __user_perthread_libspace                0x08000545   Thumb Code     0  libspace.o(.text)
    __user_setup_stackheap                   0x0800054d   Thumb Code    62  sys_stackheap_outer.o(.text)
    exit                                     0x0800058b   Thumb Code    16  exit.o(.text)
    _sys_exit                                0x0800059d   Thumb Code     8  sys_exit.o(.text)
    __I$use$semihosting                      0x080005a9   Thumb Code     0  use_no_semi.o(.text)
    __use_no_semihosting_swi                 0x080005a9   Thumb Code     2  use_no_semi.o(.text)
    Error_Handler                            0x080005ab   Thumb Code     8  main.o(.text.Error_Handler)
    __semihosting_library_function           0x080005ab   Thumb Code     0  indicate_semi.o(.text)
    HAL_GetTick                              0x080005b5   Thumb Code     8  stm32f0xx_hal.o(.text.HAL_GetTick)
    HAL_IncTick                              0x080005bd   Thumb Code    16  stm32f0xx_hal.o(.text.HAL_IncTick)
    HAL_Init                                 0x080005d1   Thumb Code    28  stm32f0xx_hal.o(.text.HAL_Init)
    HAL_InitTick                             0x080005ed   Thumb Code    60  stm32f0xx_hal.o(.text.HAL_InitTick)
    HAL_MspInit                              0x08000631   Thumb Code    40  stm32f0xx_hal_msp.o(.text.HAL_MspInit)
    HAL_NVIC_SetPriority                     0x0800065d   Thumb Code     8  stm32f0xx_hal_cortex.o(.text.HAL_NVIC_SetPriority)
    HAL_RCCEx_PeriphCLKConfig                0x08000665   Thumb Code   240  stm32f0xx_hal_rcc_ex.o(.text.HAL_RCCEx_PeriphCLKConfig)
    HAL_RCC_ClockConfig                      0x08000761   Thumb Code   260  stm32f0xx_hal_rcc.o(.text.HAL_RCC_ClockConfig)
    HAL_RCC_GetSysClockFreq                  0x08000875   Thumb Code    52  stm32f0xx_hal_rcc.o(.text.HAL_RCC_GetSysClockFreq)
    HAL_RCC_OscConfig                        0x080008d5   Thumb Code   944  stm32f0xx_hal_rcc.o(.text.HAL_RCC_OscConfig)
    HAL_SYSTICK_Config                       0x08000c91   Thumb Code     8  stm32f0xx_hal_cortex.o(.text.HAL_SYSTICK_Config)
    HardFault_Handler                        0x08000c99   Thumb Code     2  stm32f0xx_it.o(.text.HardFault_Handler)
    LL_GPIO_Init                             0x08000d45   Thumb Code   128  stm32f0xx_ll_gpio.o(.text.LL_GPIO_Init)
    LL_I2C_Init                              0x08000f25   Thumb Code    82  stm32f0xx_ll_i2c.o(.text.LL_I2C_Init)
    LL_TIM_Init                              0x0800117d   Thumb Code   136  stm32f0xx_ll_tim.o(.text.LL_TIM_Init)
    LL_TIM_OC_Init                           0x08001241   Thumb Code    80  stm32f0xx_ll_tim.o(.text.LL_TIM_OC_Init)
    MX_GPIO_Init                             0x0800131d   Thumb Code   204  gpio.o(.text.MX_GPIO_Init)
    MX_I2C1_Init                             0x080013f1   Thumb Code   160  i2c.o(.text.MX_I2C1_Init)
    MX_TIM14_Init                            0x08001495   Thumb Code   152  tim.o(.text.MX_TIM14_Init)
    MX_TIM3_Init                             0x08001535   Thumb Code   184  tim.o(.text.MX_TIM3_Init)
    NMI_Handler                              0x080015f5   Thumb Code     2  stm32f0xx_it.o(.text.NMI_Handler)
    PendSV_Handler                           0x08001815   Thumb Code     2  stm32f0xx_it.o(.text.PendSV_Handler)
    SSD1306_DrawPixel                        0x08001819   Thumb Code    60  ssd1306.o(.text.SSD1306_DrawPixel)
    SSD1306_Fill                             0x08001855   Thumb Code    32  ssd1306.o(.text.SSD1306_Fill)
    SSD1306_GotoXY                           0x08001879   Thumb Code    12  ssd1306.o(.text.SSD1306_GotoXY)
    SSD1306_Putc                             0x08001885   Thumb Code   152  ssd1306.o(.text.SSD1306_Putc)
    SSD1306_Puts                             0x08001925   Thumb Code    52  ssd1306.o(.text.SSD1306_Puts)
    SSD1306_UpdateScreen                     0x08001959   Thumb Code    48  ssd1306.o(.text.SSD1306_UpdateScreen)
    SVC_Handler                              0x0800198d   Thumb Code     2  stm32f0xx_it.o(.text.SVC_Handler)
    SysTick_Handler                          0x080019b9   Thumb Code     8  stm32f0xx_it.o(.text.SysTick_Handler)
    SystemClock_Config                       0x080019c1   Thumb Code   112  main.o(.text.SystemClock_Config)
    SystemInit                               0x08001a31   Thumb Code     2  system_stm32f0xx.o(.text.SystemInit)
    TIM17_IRQHandler                         0x08001a35   Thumb Code    36  tim.o(.text.TIM17_IRQHandler)
    calc_period_pulse                        0x08001ac5   Thumb Code    64  stanok_math.o(.text.calc_period_pulse)
    default_screen                           0x08001b0d   Thumb Code    48  ssd1306.o(.text.default_screen)
    delay_us                                 0x08001b49   Thumb Code    52  tim.o(.text.delay_us)
    encoder_init                             0x08001b81   Thumb Code    32  tim.o(.text.encoder_init)
    encoder_reset                            0x08001ba5   Thumb Code    32  drive.o(.text.encoder_reset)
    i2c_write_buffer_8bit_registr            0x08001bc5   Thumb Code    80  i2c.o(.text.i2c_write_buffer_8bit_registr)
    i2c_write_byte                           0x08001c15   Thumb Code    60  i2c.o(.text.i2c_write_byte)
    main                                     0x08001c55   Thumb Code   100  main.o(.text.main)
    read_enc_data                            0x08001cc5   Thumb Code    80  drive.o(.text.read_enc_data)
    repeat_time                              0x08001d19   Thumb Code    36  tim.o(.text.repeat_time)
    scan_keys                                0x08001d95   Thumb Code   216  button.o(.text.scan_keys)
    setup_enc_data                           0x08001e7d   Thumb Code    68  drive.o(.text.setup_enc_data)
    ssd1306_Init                             0x08001ec5   Thumb Code   180  ssd1306.o(.text.ssd1306_Init)
    ssd1306_SendCommand                      0x08001f81   Thumb Code    20  ssd1306_interface.o(.text.ssd1306_SendCommand)
    ssd1306_SendDataBuffer                   0x08001f99   Thumb Code    16  ssd1306_interface.o(.text.ssd1306_SendDataBuffer)
    switch_mode                              0x08001fa9   Thumb Code    56  button.o(.text.switch_mode)
    timers_ini                               0x08002079   Thumb Code    12  tim.o(.text.timers_ini)
    turn_setup_screen                        0x08002085   Thumb Code    48  ssd1306.o(.text.turn_setup_screen)
    __aeabi_uidiv                            0x080020c1   Thumb Code    68  aeabi_sdivfast.o(.text_divfast)
    __aeabi_idiv                             0x08002105   Thumb Code   434  aeabi_sdivfast.o(.text_divfast)
    _is_digit                                0x080022b7   Thumb Code    14  __printf_wp.o(i._is_digit)
    AHBPrescTable                            0x080022d5   Data          16  system_stm32f0xx.o(.rodata.AHBPrescTable)
    Font16x26                                0x080022e6   Data        3068  fonts.o(.rodata.Font16x26)
    Region$$Table$$Base                      0x08002ef0   Number         0  anon$$obj.o(Region$$Table)
    Region$$Table$$Limit                     0x08002f10   Number         0  anon$$obj.o(Region$$Table)
    Font_16x26                               0x20000000   Data           8  fonts.o(.data.Font_16x26)
    SystemCoreClock                          0x20000008   Data           4  system_stm32f0xx.o(.data.SystemCoreClock)
    uwTickFreq                               0x2000000c   Data           1  stm32f0xx_hal.o(.data.uwTickFreq)
    uwTickPrio                               0x20000010   Data           4  stm32f0xx_hal.o(.data.uwTickPrio)
    __libspace_start                         0x20000018   Data          96  libspace.o(.bss)
    LCD_buff                                 0x20000078   Data          16  ssd1306.o(.bss.LCD_buff)
    __temporary_stack_top$libspace           0x20000078   Data           0  libspace.o(.bss)
    count_autorepeat                         0x200002a0   Data           1  button.o(.bss.count_autorepeat)
    encoder_data                             0x200002a4   Data          12  main.o(.bss.encoder_data)
    end_bounce                               0x200002b0   Data           1  tim.o(.bss.end_bounce)
    key_code                                 0x200002b2   Data           2  button.o(.bss.key_code)
    number_turns                             0x200002b4   Data          12  main.o(.bss.number_turns)
    uwTick                                   0x200002c8   Data           4  stm32f0xx_hal.o(.bss.uwTick)



==============================================================================

Memory Map of the image

  Image Entry point : 0x080000b1

  Load Region LR_IROM1 (Base: 0x08000000, Size: 0x00002f28, Max: 0x00004000, ABSOLUTE)

    Execution Region ER_IROM1 (Exec base: 0x08000000, Load base: 0x08000000, Size: 0x00002f10, Max: 0x00004000, ABSOLUTE)

    Exec Addr    Load Addr    Size         Type   Attr      Idx    E Section Name        Object

    0x08000000   0x08000000   0x000000b0   Data   RO            3    RESET               startup_stm32f030x6.o
    0x080000b0   0x080000b0   0x00000008   Code   RO         1322  * !!!main             c_p.l(__main.o)
    0x080000b8   0x080000b8   0x0000003c   Code   RO         1569    !!!scatter          c_p.l(__scatter.o)
    0x080000f4   0x080000f4   0x0000001a   Code   RO         1571    !!handler_copy      c_p.l(__scatter_copy.o)
    0x0800010e   0x0800010e   0x00000002   PAD
    0x08000110   0x08000110   0x0000001c   Code   RO         1573    !!handler_zi        c_p.l(__scatter_zi.o)
    0x0800012c   0x0800012c   0x00000002   Code   RO         1305    .ARM.Collect$$_printf_percent$$00000000  c_p.l(_printf_percent.o)
    0x0800012e   0x0800012e   0x0000000a   Code   RO         1304    .ARM.Collect$$_printf_percent$$00000009  c_p.l(_printf_d.o)
    0x08000138   0x08000138   0x00000004   Code   RO         1372    .ARM.Collect$$_printf_percent$$00000017  c_p.l(_printf_percent_end.o)
    0x0800013c   0x0800013c   0x00000002   Code   RO         1429    .ARM.Collect$$libinit$$00000000  c_p.l(libinit.o)
    0x0800013e   0x0800013e   0x00000000   Code   RO         1444    .ARM.Collect$$libinit$$00000002  c_p.l(libinit2.o)
    0x0800013e   0x0800013e   0x00000000   Code   RO         1446    .ARM.Collect$$libinit$$00000004  c_p.l(libinit2.o)
    0x0800013e   0x0800013e   0x00000000   Code   RO         1449    .ARM.Collect$$libinit$$0000000A  c_p.l(libinit2.o)
    0x0800013e   0x0800013e   0x00000000   Code   RO         1451    .ARM.Collect$$libinit$$0000000C  c_p.l(libinit2.o)
    0x0800013e   0x0800013e   0x00000000   Code   RO         1453    .ARM.Collect$$libinit$$0000000E  c_p.l(libinit2.o)
    0x0800013e   0x0800013e   0x00000000   Code   RO         1456    .ARM.Collect$$libinit$$00000011  c_p.l(libinit2.o)
    0x0800013e   0x0800013e   0x00000000   Code   RO         1458    .ARM.Collect$$libinit$$00000013  c_p.l(libinit2.o)
    0x0800013e   0x0800013e   0x00000000   Code   RO         1460    .ARM.Collect$$libinit$$00000015  c_p.l(libinit2.o)
    0x0800013e   0x0800013e   0x00000000   Code   RO         1462    .ARM.Collect$$libinit$$00000017  c_p.l(libinit2.o)
    0x0800013e   0x0800013e   0x00000000   Code   RO         1464    .ARM.Collect$$libinit$$00000019  c_p.l(libinit2.o)
    0x0800013e   0x0800013e   0x00000000   Code   RO         1466    .ARM.Collect$$libinit$$0000001B  c_p.l(libinit2.o)
    0x0800013e   0x0800013e   0x00000000   Code   RO         1468    .ARM.Collect$$libinit$$0000001D  c_p.l(libinit2.o)
    0x0800013e   0x0800013e   0x00000000   Code   RO         1470    .ARM.Collect$$libinit$$0000001F  c_p.l(libinit2.o)
    0x0800013e   0x0800013e   0x00000000   Code   RO         1472    .ARM.Collect$$libinit$$00000021  c_p.l(libinit2.o)
    0x0800013e   0x0800013e   0x00000000   Code   RO         1474    .ARM.Collect$$libinit$$00000023  c_p.l(libinit2.o)
    0x0800013e   0x0800013e   0x00000000   Code   RO         1476    .ARM.Collect$$libinit$$00000025  c_p.l(libinit2.o)
    0x0800013e   0x0800013e   0x00000000   Code   RO         1480    .ARM.Collect$$libinit$$0000002C  c_p.l(libinit2.o)
    0x0800013e   0x0800013e   0x00000000   Code   RO         1482    .ARM.Collect$$libinit$$0000002E  c_p.l(libinit2.o)
    0x0800013e   0x0800013e   0x00000000   Code   RO         1484    .ARM.Collect$$libinit$$00000030  c_p.l(libinit2.o)
    0x0800013e   0x0800013e   0x00000000   Code   RO         1486    .ARM.Collect$$libinit$$00000032  c_p.l(libinit2.o)
    0x0800013e   0x0800013e   0x00000002   Code   RO         1487    .ARM.Collect$$libinit$$00000033  c_p.l(libinit2.o)
    0x08000140   0x08000140   0x00000002   Code   RO         1524    .ARM.Collect$$libshutdown$$00000000  c_p.l(libshutdown.o)
    0x08000142   0x08000142   0x00000000   Code   RO         1552    .ARM.Collect$$libshutdown$$00000002  c_p.l(libshutdown2.o)
    0x08000142   0x08000142   0x00000000   Code   RO         1554    .ARM.Collect$$libshutdown$$00000004  c_p.l(libshutdown2.o)
    0x08000142   0x08000142   0x00000000   Code   RO         1557    .ARM.Collect$$libshutdown$$00000007  c_p.l(libshutdown2.o)
    0x08000142   0x08000142   0x00000000   Code   RO         1560    .ARM.Collect$$libshutdown$$0000000A  c_p.l(libshutdown2.o)
    0x08000142   0x08000142   0x00000000   Code   RO         1562    .ARM.Collect$$libshutdown$$0000000C  c_p.l(libshutdown2.o)
    0x08000142   0x08000142   0x00000000   Code   RO         1565    .ARM.Collect$$libshutdown$$0000000F  c_p.l(libshutdown2.o)
    0x08000142   0x08000142   0x00000002   Code   RO         1566    .ARM.Collect$$libshutdown$$00000010  c_p.l(libshutdown2.o)
    0x08000144   0x08000144   0x00000000   Code   RO         1357    .ARM.Collect$$rtentry$$00000000  c_p.l(__rtentry.o)
    0x08000144   0x08000144   0x00000000   Code   RO         1387    .ARM.Collect$$rtentry$$00000002  c_p.l(__rtentry2.o)
    0x08000144   0x08000144   0x00000006   Code   RO         1399    .ARM.Collect$$rtentry$$00000004  c_p.l(__rtentry4.o)
    0x0800014a   0x0800014a   0x00000000   Code   RO         1389    .ARM.Collect$$rtentry$$00000009  c_p.l(__rtentry2.o)
    0x0800014a   0x0800014a   0x00000004   Code   RO         1390    .ARM.Collect$$rtentry$$0000000A  c_p.l(__rtentry2.o)
    0x0800014e   0x0800014e   0x00000000   Code   RO         1392    .ARM.Collect$$rtentry$$0000000C  c_p.l(__rtentry2.o)
    0x0800014e   0x0800014e   0x00000008   Code   RO         1393    .ARM.Collect$$rtentry$$0000000D  c_p.l(__rtentry2.o)
    0x08000156   0x08000156   0x00000002   Code   RO         1435    .ARM.Collect$$rtexit$$00000000  c_p.l(rtexit.o)
    0x08000158   0x08000158   0x00000000   Code   RO         1495    .ARM.Collect$$rtexit$$00000002  c_p.l(rtexit2.o)
    0x08000158   0x08000158   0x00000004   Code   RO         1496    .ARM.Collect$$rtexit$$00000003  c_p.l(rtexit2.o)
    0x0800015c   0x0800015c   0x00000006   Code   RO         1497    .ARM.Collect$$rtexit$$00000004  c_p.l(rtexit2.o)
    0x08000162   0x08000162   0x00000002   PAD
    0x08000164   0x08000164   0x00000038   Code   RO            4    .text               startup_stm32f030x6.o
    0x0800019c   0x0800019c   0x00000038   Code   RO         1276    .text               c_p.l(noretval__2snprintf.o)
    0x080001d4   0x080001d4   0x0000004e   Code   RO         1280    .text               c_p.l(_printf_pad.o)
    0x08000222   0x08000222   0x00000002   PAD
    0x08000224   0x08000224   0x0000006c   Code   RO         1282    .text               c_p.l(_printf_dec.o)
    0x08000290   0x08000290   0x00000138   Code   RO         1296    .text               c_p.l(__printf_flags_wp.o)
    0x080003c8   0x080003c8   0x00000012   Code   RO         1308    .text               c_p.l(aeabi_memset4.o)
    0x080003da   0x080003da   0x00000040   Code   RO         1310    .text               c_p.l(rt_memclr.o)
    0x0800041a   0x0800041a   0x00000006   Code   RO         1320    .text               c_p.l(heapauxi.o)
    0x08000420   0x08000420   0x000000b0   Code   RO         1364    .text               c_p.l(_printf_intcommon.o)
    0x080004d0   0x080004d0   0x00000030   Code   RO         1366    .text               c_p.l(_printf_char_common.o)
    0x08000500   0x08000500   0x0000000a   Code   RO         1368    .text               c_p.l(_sputc.o)
    0x0800050a   0x0800050a   0x00000010   Code   RO         1370    .text               c_p.l(_snputc.o)
    0x0800051a   0x0800051a   0x00000028   Code   RO         1373    .text               c_p.l(rtudiv10.o)
    0x08000542   0x08000542   0x00000002   PAD
    0x08000544   0x08000544   0x00000008   Code   RO         1412    .text               c_p.l(libspace.o)
    0x0800054c   0x0800054c   0x0000003e   Code   RO         1415    .text               c_p.l(sys_stackheap_outer.o)
    0x0800058a   0x0800058a   0x00000010   Code   RO         1418    .text               c_p.l(exit.o)
    0x0800059a   0x0800059a   0x00000002   PAD
    0x0800059c   0x0800059c   0x0000000c   Code   RO         1490    .text               c_p.l(sys_exit.o)
    0x080005a8   0x080005a8   0x00000002   Code   RO         1513    .text               c_p.l(use_no_semi.o)
    0x080005aa   0x080005aa   0x00000000   Code   RO         1515    .text               c_p.l(indicate_semi.o)
    0x080005aa   0x080005aa   0x00000008   Code   RO          139    .text.Error_Handler  main.o
    0x080005b2   0x080005b2   0x00000002   PAD
    0x080005b4   0x080005b4   0x00000008   Code   RO          472    .text.HAL_GetTick   stm32f0xx_hal.o
    0x080005bc   0x080005bc   0x00000014   Code   RO          470    .text.HAL_IncTick   stm32f0xx_hal.o
    0x080005d0   0x080005d0   0x0000001c   Code   RO          460    .text.HAL_Init      stm32f0xx_hal.o
    0x080005ec   0x080005ec   0x00000044   Code   RO          462    .text.HAL_InitTick  stm32f0xx_hal.o
    0x08000630   0x08000630   0x0000002c   Code   RO          305    .text.HAL_MspInit   stm32f0xx_hal_msp.o
    0x0800065c   0x0800065c   0x00000008   Code   RO          757    .text.HAL_NVIC_SetPriority  stm32f0xx_hal_cortex.o
    0x08000664   0x08000664   0x000000fc   Code   RO          446    .text.HAL_RCCEx_PeriphCLKConfig  stm32f0xx_hal_rcc_ex.o
    0x08000760   0x08000760   0x00000114   Code   RO          416    .text.HAL_RCC_ClockConfig  stm32f0xx_hal_rcc.o
    0x08000874   0x08000874   0x00000060   Code   RO          418    .text.HAL_RCC_GetSysClockFreq  stm32f0xx_hal_rcc.o
    0x080008d4   0x080008d4   0x000003bc   Code   RO          414    .text.HAL_RCC_OscConfig  stm32f0xx_hal_rcc.o
    0x08000c90   0x08000c90   0x00000008   Code   RO          773    .text.HAL_SYSTICK_Config  stm32f0xx_hal_cortex.o
    0x08000c98   0x08000c98   0x00000002   Code   RO          290    .text.HardFault_Handler  stm32f0xx_it.o
    0x08000c9a   0x08000c9a   0x00000002   PAD
    0x08000c9c   0x08000c9c   0x00000018   Code   RO          153    .text.LL_AHB1_GRP1_EnableClock  gpio.o
    0x08000cb4   0x08000cb4   0x0000001c   Code   RO          167    .text.LL_AHB1_GRP1_EnableClock  i2c.o
    0x08000cd0   0x08000cd0   0x00000020   Code   RO          217    .text.LL_AHB1_GRP1_EnableClock  tim.o
    0x08000cf0   0x08000cf0   0x0000001c   Code   RO          169    .text.LL_APB1_GRP1_EnableClock  i2c.o
    0x08000d0c   0x08000d0c   0x0000001c   Code   RO          215    .text.LL_APB1_GRP1_EnableClock  tim.o
    0x08000d28   0x08000d28   0x0000001c   Code   RO          269    .text.LL_APB1_GRP2_EnableClock  tim.o
    0x08000d44   0x08000d44   0x00000080   Code   RO          319    .text.LL_GPIO_Init  stm32f0xx_ll_gpio.o
    0x08000dc4   0x08000dc4   0x0000000c   Code   RO           39    .text.LL_GPIO_IsInputPinSet  button.o
    0x08000dd0   0x08000dd0   0x0000000c   Code   RO          127    .text.LL_GPIO_ResetOutputPin  main.o
    0x08000ddc   0x08000ddc   0x00000004   Code   RO          155    .text.LL_GPIO_ResetOutputPin  gpio.o
    0x08000de0   0x08000de0   0x00000014   Code   RO          327    .text.LL_GPIO_SetAFPin_0_7  stm32f0xx_ll_gpio.o
    0x08000df4   0x08000df4   0x00000016   Code   RO          329    .text.LL_GPIO_SetAFPin_8_15  stm32f0xx_ll_gpio.o
    0x08000e0a   0x08000e0a   0x00000012   Code   RO          321    .text.LL_GPIO_SetPinMode  stm32f0xx_ll_gpio.o
    0x08000e1c   0x08000e1c   0x0000000c   Code   RO          331    .text.LL_GPIO_SetPinOutputType  stm32f0xx_ll_gpio.o
    0x08000e28   0x08000e28   0x00000012   Code   RO          325    .text.LL_GPIO_SetPinPull  stm32f0xx_ll_gpio.o
    0x08000e3a   0x08000e3a   0x00000012   Code   RO          323    .text.LL_GPIO_SetPinSpeed  stm32f0xx_ll_gpio.o
    0x08000e4c   0x08000e4c   0x0000000e   Code   RO          367    .text.LL_I2C_AcknowledgeNextData  stm32f0xx_ll_i2c.o
    0x08000e5a   0x08000e5a   0x00000002   PAD
    0x08000e5c   0x08000e5c   0x00000010   Code   RO          195    .text.LL_I2C_ClearFlag_STOP  i2c.o
    0x08000e6c   0x08000e6c   0x00000014   Code   RO          353    .text.LL_I2C_ConfigFilters  stm32f0xx_ll_i2c.o
    0x08000e80   0x08000e80   0x0000000a   Code   RO          351    .text.LL_I2C_Disable  stm32f0xx_ll_i2c.o
    0x08000e8a   0x08000e8a   0x00000002   PAD
    0x08000e8c   0x08000e8c   0x00000010   Code   RO          173    .text.LL_I2C_DisableGeneralCall  i2c.o
    0x08000e9c   0x08000e9c   0x0000000c   Code   RO          359    .text.LL_I2C_DisableOwnAddress1  stm32f0xx_ll_i2c.o
    0x08000ea8   0x08000ea8   0x00000010   Code   RO          171    .text.LL_I2C_DisableOwnAddress2  i2c.o
    0x08000eb8   0x08000eb8   0x0000000a   Code   RO          357    .text.LL_I2C_Enable  stm32f0xx_ll_i2c.o
    0x08000ec2   0x08000ec2   0x00000002   PAD
    0x08000ec4   0x08000ec4   0x00000010   Code   RO          177    .text.LL_I2C_EnableAutoEndMode  i2c.o
    0x08000ed4   0x08000ed4   0x00000014   Code   RO          175    .text.LL_I2C_EnableClockStretching  i2c.o
    0x08000ee8   0x08000ee8   0x0000000c   Code   RO          363    .text.LL_I2C_EnableOwnAddress1  stm32f0xx_ll_i2c.o
    0x08000ef4   0x08000ef4   0x00000010   Code   RO          193    .text.LL_I2C_GenerateStopCondition  i2c.o
    0x08000f04   0x08000f04   0x00000020   Code   RO          183    .text.LL_I2C_HandleTransfer  i2c.o
    0x08000f24   0x08000f24   0x00000052   Code   RO          349    .text.LL_I2C_Init   stm32f0xx_ll_i2c.o
    0x08000f76   0x08000f76   0x00000002   PAD
    0x08000f78   0x08000f78   0x0000000c   Code   RO          185    .text.LL_I2C_IsActiveFlag_TXE  i2c.o
    0x08000f84   0x08000f84   0x00000010   Code   RO          201    .text.LL_I2C_IsActiveFlag_TXIS  i2c.o
    0x08000f94   0x08000f94   0x0000000e   Code   RO          365    .text.LL_I2C_SetMode  stm32f0xx_ll_i2c.o
    0x08000fa2   0x08000fa2   0x00000002   PAD
    0x08000fa4   0x08000fa4   0x00000014   Code   RO          361    .text.LL_I2C_SetOwnAddress1  stm32f0xx_ll_i2c.o
    0x08000fb8   0x08000fb8   0x00000014   Code   RO          179    .text.LL_I2C_SetOwnAddress2  i2c.o
    0x08000fcc   0x08000fcc   0x00000004   Code   RO          355    .text.LL_I2C_SetTiming  stm32f0xx_ll_i2c.o
    0x08000fd0   0x08000fd0   0x0000000c   Code   RO          187    .text.LL_I2C_TransmitData8  i2c.o
    0x08000fdc   0x08000fdc   0x0000000c   Code   RO           65    .text.LL_TIM_CC_DisableChannel  drive.o
    0x08000fe8   0x08000fe8   0x0000000c   Code   RO          105    .text.LL_TIM_CC_EnableChannel  stanok_math.o
    0x08000ff4   0x08000ff4   0x00000010   Code   RO          135    .text.LL_TIM_CC_EnableChannel  main.o
    0x08001004   0x08001004   0x0000000c   Code   RO          245    .text.LL_TIM_CC_EnableChannel  tim.o
    0x08001010   0x08001010   0x00000008   Code   RO          253    .text.LL_TIM_ClearFlag_UPDATE  tim.o
    0x08001018   0x08001018   0x0000000a   Code   RO          229    .text.LL_TIM_DisableARRPreload  tim.o
    0x08001022   0x08001022   0x00000002   PAD
    0x08001024   0x08001024   0x0000000c   Code   RO           67    .text.LL_TIM_DisableCounter  drive.o
    0x08001030   0x08001030   0x0000000c   Code   RO           97    .text.LL_TIM_DisableCounter  stanok_math.o
    0x0800103c   0x0800103c   0x0000000a   Code   RO          257    .text.LL_TIM_DisableCounter  tim.o
    0x08001046   0x08001046   0x00000002   PAD
    0x08001048   0x08001048   0x0000000c   Code   RO          233    .text.LL_TIM_DisableMasterSlaveMode  tim.o
    0x08001054   0x08001054   0x0000000c   Code   RO          107    .text.LL_TIM_EnableCounter  stanok_math.o
    0x08001060   0x08001060   0x0000000c   Code   RO          137    .text.LL_TIM_EnableCounter  main.o
    0x0800106c   0x0800106c   0x0000000a   Code   RO          247    .text.LL_TIM_EnableCounter  tim.o
    0x08001076   0x08001076   0x00000002   PAD
    0x08001078   0x08001078   0x00000010   Code   RO          271    .text.LL_TIM_EnableIT_UPDATE  tim.o
    0x08001088   0x08001088   0x0000000a   Code   RO         1115    .text.LL_TIM_GenerateEvent_UPDATE  stm32f0xx_ll_tim.o
    0x08001092   0x08001092   0x00000002   PAD
    0x08001094   0x08001094   0x0000000c   Code   RO           61    .text.LL_TIM_GetCounter  drive.o
    0x080010a0   0x080010a0   0x00000038   Code   RO          221    .text.LL_TIM_IC_SetActiveInput  tim.o
    0x080010d8   0x080010d8   0x00000030   Code   RO          225    .text.LL_TIM_IC_SetFilter  tim.o
    0x08001108   0x08001108   0x00000038   Code   RO          227    .text.LL_TIM_IC_SetPolarity  tim.o
    0x08001140   0x08001140   0x0000003c   Code   RO          223    .text.LL_TIM_IC_SetPrescaler  tim.o
    0x0800117c   0x0800117c   0x000000a0   Code   RO         1107    .text.LL_TIM_Init   stm32f0xx_ll_tim.o
    0x0800121c   0x0800121c   0x00000008   Code   RO          255    .text.LL_TIM_IsActiveFlag_UPDATE  tim.o
    0x08001224   0x08001224   0x0000000c   Code   RO          239    .text.LL_TIM_OC_DisableFast  tim.o
    0x08001230   0x08001230   0x00000010   Code   RO          237    .text.LL_TIM_OC_EnablePreload  tim.o
    0x08001240   0x08001240   0x00000050   Code   RO         1119    .text.LL_TIM_OC_Init  stm32f0xx_ll_tim.o
    0x08001290   0x08001290   0x00000008   Code   RO           99    .text.LL_TIM_OC_SetCompareCH1  stanok_math.o
    0x08001298   0x08001298   0x00000010   Code   RO          131    .text.LL_TIM_OC_SetCompareCH1  main.o
    0x080012a8   0x080012a8   0x00000004   Code   RO         1157    .text.LL_TIM_OC_SetCompareCH1  stm32f0xx_ll_tim.o
    0x080012ac   0x080012ac   0x00000004   Code   RO         1151    .text.LL_TIM_OC_SetCompareCH2  stm32f0xx_ll_tim.o
    0x080012b0   0x080012b0   0x00000004   Code   RO         1159    .text.LL_TIM_OC_SetCompareCH3  stm32f0xx_ll_tim.o
    0x080012b4   0x080012b4   0x00000004   Code   RO         1161    .text.LL_TIM_OC_SetCompareCH4  stm32f0xx_ll_tim.o
    0x080012b8   0x080012b8   0x00000008   Code   RO          101    .text.LL_TIM_SetAutoReload  stanok_math.o
    0x080012c0   0x080012c0   0x0000000c   Code   RO          133    .text.LL_TIM_SetAutoReload  main.o
    0x080012cc   0x080012cc   0x00000004   Code   RO          251    .text.LL_TIM_SetAutoReload  tim.o
    0x080012d0   0x080012d0   0x00000004   Code   RO         1109    .text.LL_TIM_SetAutoReload  stm32f0xx_ll_tim.o
    0x080012d4   0x080012d4   0x0000000c   Code   RO          103    .text.LL_TIM_SetCounter  stanok_math.o
    0x080012e0   0x080012e0   0x00000004   Code   RO          243    .text.LL_TIM_SetCounter  tim.o
    0x080012e4   0x080012e4   0x00000014   Code   RO          219    .text.LL_TIM_SetEncoderMode  tim.o
    0x080012f8   0x080012f8   0x0000000c   Code   RO          129    .text.LL_TIM_SetPrescaler  main.o
    0x08001304   0x08001304   0x00000004   Code   RO         1111    .text.LL_TIM_SetPrescaler  stm32f0xx_ll_tim.o
    0x08001308   0x08001308   0x00000004   Code   RO         1113    .text.LL_TIM_SetRepetitionCounter  stm32f0xx_ll_tim.o
    0x0800130c   0x0800130c   0x00000010   Code   RO          231    .text.LL_TIM_SetTriggerOutput  tim.o
    0x0800131c   0x0800131c   0x000000d4   Code   RO          151    .text.MX_GPIO_Init  gpio.o
    0x080013f0   0x080013f0   0x000000a4   Code   RO          165    .text.MX_I2C1_Init  i2c.o
    0x08001494   0x08001494   0x000000a0   Code   RO          235    .text.MX_TIM14_Init  tim.o
    0x08001534   0x08001534   0x000000c0   Code   RO          213    .text.MX_TIM3_Init  tim.o
    0x080015f4   0x080015f4   0x00000002   Code   RO          288    .text.NMI_Handler   stm32f0xx_it.o
    0x080015f6   0x080015f6   0x00000002   PAD
    0x080015f8   0x080015f8   0x0000007c   Code   RO         1121    .text.OC1Config     stm32f0xx_ll_tim.o
    0x08001674   0x08001674   0x00000090   Code   RO         1123    .text.OC2Config     stm32f0xx_ll_tim.o
    0x08001704   0x08001704   0x00000094   Code   RO         1125    .text.OC3Config     stm32f0xx_ll_tim.o
    0x08001798   0x08001798   0x0000007c   Code   RO         1127    .text.OC4Config     stm32f0xx_ll_tim.o
    0x08001814   0x08001814   0x00000002   Code   RO          294    .text.PendSV_Handler  stm32f0xx_it.o
    0x08001816   0x08001816   0x00000002   PAD
    0x08001818   0x08001818   0x0000003c   Code   RO         1209    .text.SSD1306_DrawPixel  ssd1306.o
    0x08001854   0x08001854   0x00000024   Code   RO         1203    .text.SSD1306_Fill  ssd1306.o
    0x08001878   0x08001878   0x0000000c   Code   RO         1207    .text.SSD1306_GotoXY  ssd1306.o
    0x08001884   0x08001884   0x000000a0   Code   RO         1215    .text.SSD1306_Putc  ssd1306.o
    0x08001924   0x08001924   0x00000034   Code   RO         1217    .text.SSD1306_Puts  ssd1306.o
    0x08001958   0x08001958   0x00000034   Code   RO         1205    .text.SSD1306_UpdateScreen  ssd1306.o
    0x0800198c   0x0800198c   0x00000002   Code   RO          292    .text.SVC_Handler   stm32f0xx_it.o
    0x0800198e   0x0800198e   0x00000002   PAD
    0x08001990   0x08001990   0x00000028   Code   RO          775    .text.SysTick_Config  stm32f0xx_hal_cortex.o
    0x080019b8   0x080019b8   0x00000008   Code   RO          296    .text.SysTick_Handler  stm32f0xx_it.o
    0x080019c0   0x080019c0   0x00000070   Code   RO          125    .text.SystemClock_Config  main.o
    0x08001a30   0x08001a30   0x00000002   Code   RO         1171    .text.SystemInit    system_stm32f0xx.o
    0x08001a32   0x08001a32   0x00000002   PAD
    0x08001a34   0x08001a34   0x0000002c   Code   RO          261    .text.TIM17_IRQHandler  tim.o
    0x08001a60   0x08001a60   0x00000010   Code   RO          275    .text.__NVIC_EnableIRQ  tim.o
    0x08001a70   0x08001a70   0x00000014   Code   RO          273    .text.__NVIC_SetPriority  tim.o
    0x08001a84   0x08001a84   0x00000040   Code   RO          759    .text.__NVIC_SetPriority  stm32f0xx_hal_cortex.o
    0x08001ac4   0x08001ac4   0x00000048   Code   RO           95    .text.calc_period_pulse  stanok_math.o
    0x08001b0c   0x08001b0c   0x0000003c   Code   RO         1237    .text.default_screen  ssd1306.o
    0x08001b48   0x08001b48   0x00000038   Code   RO          249    .text.delay_us      tim.o
    0x08001b80   0x08001b80   0x00000024   Code   RO          241    .text.encoder_init  tim.o
    0x08001ba4   0x08001ba4   0x00000020   Code   RO           69    .text.encoder_reset  drive.o
    0x08001bc4   0x08001bc4   0x00000050   Code   RO          203    .text.i2c_write_buffer_8bit_registr  i2c.o
    0x08001c14   0x08001c14   0x00000040   Code   RO          197    .text.i2c_write_byte  i2c.o
    0x08001c54   0x08001c54   0x00000070   Code   RO          123    .text.main          main.o
    0x08001cc4   0x08001cc4   0x00000054   Code   RO           59    .text.read_enc_data  drive.o
    0x08001d18   0x08001d18   0x00000028   Code   RO          259    .text.repeat_time   tim.o
    0x08001d40   0x08001d40   0x00000054   Code   RO           41    .text.scan_buttons_GPIO  button.o
    0x08001d94   0x08001d94   0x000000e8   Code   RO           37    .text.scan_keys     button.o
    0x08001e7c   0x08001e7c   0x00000048   Code   RO           63    .text.setup_enc_data  drive.o
    0x08001ec4   0x08001ec4   0x000000bc   Code   RO         1201    .text.ssd1306_Init  ssd1306.o
    0x08001f80   0x08001f80   0x00000018   Code   RO         1254    .text.ssd1306_SendCommand  ssd1306_interface.o
    0x08001f98   0x08001f98   0x00000010   Code   RO         1258    .text.ssd1306_SendDataBuffer  ssd1306_interface.o
    0x08001fa8   0x08001fa8   0x0000003c   Code   RO           43    .text.switch_mode   button.o
    0x08001fe4   0x08001fe4   0x0000003c   Code   RO          265    .text.tim_delay_init  tim.o
    0x08002020   0x08002020   0x00000058   Code   RO          267    .text.timer_bounce_init  tim.o
    0x08002078   0x08002078   0x0000000c   Code   RO          263    .text.timers_ini    tim.o
    0x08002084   0x08002084   0x0000003c   Code   RO         1239    .text.turn_setup_screen  ssd1306.o
    0x080020c0   0x080020c0   0x000001f6   Code   RO         1313    .text_divfast       c_p.l(aeabi_sdivfast.o)
    0x080022b6   0x080022b6   0x0000000e   Code   RO         1294    i._is_digit         c_p.l(__printf_wp.o)
    0x080022c4   0x080022c4   0x00000011   Data   RO         1297    .constdata          c_p.l(__printf_flags_wp.o)
    0x080022d5   0x080022d5   0x00000010   Data   RO         1176    .rodata.AHBPrescTable  system_stm32f0xx.o
    0x080022e5   0x080022e5   0x00000001   PAD
    0x080022e6   0x080022e6   0x00000bfc   Data   RO         1190    .rodata.Font16x26   fonts.o
    0x08002ee2   0x08002ee2   0x00000007   Data   RO          278    .rodata.OFFSET_TAB_CCMRx  tim.o
    0x08002ee9   0x08002ee9   0x00000007   Data   RO          279    .rodata.SHIFT_TAB_ICxx  tim.o
    0x08002ef0   0x08002ef0   0x00000020   Data   RO         1568    Region$$Table       anon$$obj.o


    Execution Region RW_IRAM1 (Exec base: 0x20000000, Load base: 0x08002f10, Size: 0x000007d0, Max: 0x00001000, ABSOLUTE)

    Exec Addr    Load Addr    Size         Type   Attr      Idx    E Section Name        Object

    0x20000000   0x08002f10   0x00000008   Data   RW         1193    .data.Font_16x26    fonts.o
    0x20000008   0x08002f18   0x00000004   Data   RW         1175    .data.SystemCoreClock  system_stm32f0xx.o
    0x2000000c   0x08002f1c   0x00000001   Data   RW          507    .data.uwTickFreq    stm32f0xx_hal.o
    0x2000000d   0x08002f1d   0x00000003   PAD
    0x20000010   0x08002f20   0x00000004   Data   RW          506    .data.uwTickPrio    stm32f0xx_hal.o
    0x20000014   0x08002f24   0x00000004   PAD
    0x20000018        -       0x00000060   Zero   RW         1413    .bss                c_p.l(libspace.o)
    0x20000078        -       0x00000010   Zero   RW         1242    .bss.LCD_buff       ssd1306.o
    0x20000088        -       0x00000002   Zero   RW         1243    .bss.SSD1306.0      ssd1306.o
    0x2000008a        -       0x00000002   Zero   RW         1244    .bss.SSD1306.1      ssd1306.o
    0x2000008c        -       0x00000001   Zero   RW         1245    .bss.SSD1306.2      ssd1306.o
    0x2000008d   0x08002f24   0x00000003   PAD
    0x20000090        -       0x00000210   Zero   RW         1241    .bss.SSD1306_Buffer  ssd1306.o
    0x200002a0        -       0x00000001   Zero   RW           45    .bss.count_autorepeat  button.o
    0x200002a1   0x08002f24   0x00000003   PAD
    0x200002a4        -       0x0000000c   Zero   RW          142    .bss.encoder_data   main.o
    0x200002b0        -       0x00000001   Zero   RW          277    .bss.end_bounce     tim.o
    0x200002b1   0x08002f24   0x00000001   PAD
    0x200002b2        -       0x00000002   Zero   RW           46    .bss.key_code       button.o
    0x200002b4        -       0x0000000c   Zero   RW          141    .bss.number_turns   main.o
    0x200002c0        -       0x00000002   Zero   RW           48    .bss.scan_keys.key_code  button.o
    0x200002c2        -       0x00000001   Zero   RW           47    .bss.scan_keys.key_state  button.o
    0x200002c3        -       0x00000002   Zero   RW         1262    .bss.temp           ssd1306_interface.o
    0x200002c5   0x08002f24   0x00000003   PAD
    0x200002c8        -       0x00000004   Zero   RW          508    .bss.uwTick         stm32f0xx_hal.o
    0x200002cc   0x08002f24   0x00000004   PAD
    0x200002d0        -       0x00000100   Zero   RW            2    HEAP                startup_stm32f030x6.o
    0x200003d0        -       0x00000400   Zero   RW            1    STACK               startup_stm32f030x6.o


==============================================================================

Image component sizes


      Code (inc. data)   RO Data    RW Data    ZI Data      Debug   Object Name

       388         24          0          0          6       2852   button.o
       224         12          0          0          0       3073   drive.o
         0          0       3068          8          0       1213   fonts.o
       240          8          0          0          0       2112   gpio.o
       556         40          0          0          0       6357   i2c.o
       312         32          0          0         24       3917   main.o
       680         48          0          0        549      11794   ssd1306.o
        40          4          0          0          2       4039   ssd1306_interface.o
       136         12          0          0          0       3692   stanok_math.o
        56         26        176          0       1280        592   startup_stm32f030x6.o
       124         12          0          5          4       5222   stm32f0xx_hal.o
       120         12          0          0          0       5667   stm32f0xx_hal_cortex.o
        44          4          0          0          0        988   stm32f0xx_hal_msp.o
      1328         72          0          0          0       7099   stm32f0xx_hal_rcc.o
       252         12          0          0          0       3193   stm32f0xx_hal_rcc_ex.o
        16          0          0          0          0        677   stm32f0xx_it.o
       236          0          0          0          0       4028   stm32f0xx_ll_gpio.o
       198          4          0          0          0       3770   stm32f0xx_ll_i2c.o
       818         48          0          0          0      11582   stm32f0xx_ll_tim.o
         2          0         16          4          0       1789   system_stm32f0xx.o
      1190        112         14          0          1       9307   tim.o

    ----------------------------------------------------------------------
      6990        482       3307         20       1884      92963   Object Totals
         0          0         32          0          0          0   (incl. Generated)
        30          0          1          3         18          0   (incl. Padding)

    ----------------------------------------------------------------------

      Code (inc. data)   RO Data    RW Data    ZI Data      Debug   Library Member Name

         8          0          0          0          0         68   __main.o
       312          6         17          0          0         76   __printf_flags_wp.o
        14          0          0          0          0         60   __printf_wp.o
         0          0          0          0          0          0   __rtentry.o
        12          0          0          0          0          0   __rtentry2.o
         6          0          0          0          0          0   __rtentry4.o
        60          8          0          0          0          0   __scatter.o
        26          0          0          0          0          0   __scatter_copy.o
        28          0          0          0          0          0   __scatter_zi.o
        48          6          0          0          0         88   _printf_char_common.o
        10          0          0          0          0          0   _printf_d.o
       108         18          0          0          0         76   _printf_dec.o
       176          0          0          0          0         84   _printf_intcommon.o
        78          0          0          0          0        100   _printf_pad.o
         2          0          0          0          0          0   _printf_percent.o
         4          0          0          0          0          0   _printf_percent_end.o
        16          0          0          0          0         60   _snputc.o
        10          0          0          0          0         60   _sputc.o
        18          0          0          0          0         68   aeabi_memset4.o
       502          0          0          0          0         92   aeabi_sdivfast.o
        16          0          0          0          0         68   exit.o
         6          0          0          0          0        136   heapauxi.o
         0          0          0          0          0          0   indicate_semi.o
         2          0          0          0          0          0   libinit.o
         2          0          0          0          0          0   libinit2.o
         2          0          0          0          0          0   libshutdown.o
         2          0          0          0          0          0   libshutdown2.o
         8          4          0          0         96         68   libspace.o
        56          6          0          0          0         84   noretval__2snprintf.o
        64          0          0          0          0        108   rt_memclr.o
         2          0          0          0          0          0   rtexit.o
        10          0          0          0          0          0   rtexit2.o
        40          0          0          0          0         60   rtudiv10.o
        12          4          0          0          0         60   sys_exit.o
        62          0          0          0          0         80   sys_stackheap_outer.o
         2          0          0          0          0         68   use_no_semi.o

    ----------------------------------------------------------------------
      1734         52         17          0         96       1564   Library Totals
        10          0          0          0          0          0   (incl. Padding)

    ----------------------------------------------------------------------

      Code (inc. data)   RO Data    RW Data    ZI Data      Debug   Library Name

      1724         52         17          0         96       1564   c_p.l

    ----------------------------------------------------------------------
      1734         52         17          0         96       1564   Library Totals

    ----------------------------------------------------------------------

==============================================================================


      Code (inc. data)   RO Data    RW Data    ZI Data      Debug   

      8724        534       3324         20       1980      93495   Grand Totals
      8724        534       3324         20       1980      93495   ELF Image Totals
      8724        534       3324         20          0          0   ROM Totals

==============================================================================

    Total RO  Size (Code + RO Data)                12048 (  11.77kB)
    Total RW  Size (RW Data + ZI Data)              2000 (   1.95kB)
    Total ROM Size (Code + RO Data + RW Data)      12068 (  11.79kB)

==============================================================================

