Component: ARM Compiler 6.16 Tool: armlink [5dfeaa00]

==============================================================================

Section Cross References

    startup_stm32f030x6.o(STACK) refers (Special) to heapauxi.o(.text) for __use_two_region_memory
    startup_stm32f030x6.o(HEAP) refers (Special) to heapauxi.o(.text) for __use_two_region_memory
    startup_stm32f030x6.o(RESET) refers (Special) to heapauxi.o(.text) for __use_two_region_memory
    startup_stm32f030x6.o(RESET) refers to startup_stm32f030x6.o(STACK) for __initial_sp
    startup_stm32f030x6.o(RESET) refers to startup_stm32f030x6.o(.text) for Reset_Handler
    startup_stm32f030x6.o(RESET) refers to stm32f0xx_it.o(.text.NMI_Handler) for NMI_Handler
    startup_stm32f030x6.o(RESET) refers to stm32f0xx_it.o(.text.HardFault_Handler) for HardFault_Handler
    startup_stm32f030x6.o(RESET) refers to stm32f0xx_it.o(.text.SVC_Handler) for SVC_Handler
    startup_stm32f030x6.o(RESET) refers to stm32f0xx_it.o(.text.PendSV_Handler) for PendSV_Handler
    startup_stm32f030x6.o(RESET) refers to stm32f0xx_it.o(.text.SysTick_Handler) for SysTick_Handler
    startup_stm32f030x6.o(RESET) refers to tim.o(.text.TIM17_IRQHandler) for TIM17_IRQHandler
    startup_stm32f030x6.o(.text) refers (Special) to heapauxi.o(.text) for __use_two_region_memory
    startup_stm32f030x6.o(.text) refers to system_stm32f0xx.o(.text.SystemInit) for SystemInit
    startup_stm32f030x6.o(.text) refers to __main.o(!!!main) for __main
    startup_stm32f030x6.o(.text) refers to startup_stm32f030x6.o(HEAP) for Heap_Mem
    startup_stm32f030x6.o(.text) refers to startup_stm32f030x6.o(STACK) for Stack_Mem
    button.o(.text.scan_pedal) refers to button.o(.text.scan_pedal_GPIO) for scan_pedal_GPIO
    button.o(.text.scan_pedal) refers to tim.o(.text.repeat_time) for repeat_time
    button.o(.text.scan_pedal) refers to button.o(.bss.scan_pedal.pedal_state) for [Anonymous Symbol]
    button.o(.text.scan_pedal) refers to tim.o(.bss.end_bounce_pedal) for end_bounce_pedal
    button.o(.text.scan_pedal) refers to button.o(.bss.scan_pedal.status_pedal) for [Anonymous Symbol]
    button.o(.ARM.exidx.text.scan_pedal) refers to button.o(.text.scan_pedal) for [Anonymous Symbol]
    button.o(.text.scan_pedal_GPIO) refers to button.o(.text.LL_GPIO_IsInputPinSet) for LL_GPIO_IsInputPinSet
    button.o(.ARM.exidx.text.scan_pedal_GPIO) refers to button.o(.text.scan_pedal_GPIO) for [Anonymous Symbol]
    button.o(.text.scan_direction) refers to button.o(.text.scan_dir_GPIO) for scan_dir_GPIO
    button.o(.text.scan_direction) refers to tim.o(.text.TIM_Bounce_DirToogle_init) for TIM_Bounce_DirToogle_init
    button.o(.text.scan_direction) refers to button.o(.bss.scan_direction.toggle_state) for [Anonymous Symbol]
    button.o(.text.scan_direction) refers to tim.o(.bss.end_bounce_toogle) for end_bounce_toogle
    button.o(.ARM.exidx.text.scan_direction) refers to button.o(.text.scan_direction) for [Anonymous Symbol]
    button.o(.text.scan_dir_GPIO) refers to button.o(.text.LL_GPIO_IsInputPinSet) for LL_GPIO_IsInputPinSet
    button.o(.ARM.exidx.text.scan_dir_GPIO) refers to button.o(.text.scan_dir_GPIO) for [Anonymous Symbol]
    button.o(.ARM.exidx.text.LL_GPIO_IsInputPinSet) refers to button.o(.text.LL_GPIO_IsInputPinSet) for [Anonymous Symbol]
    drive.o(.text.drive_init) refers to button.o(.text.scan_dir_GPIO) for scan_dir_GPIO
    drive.o(.text.drive_init) refers to drive.o(.text.LL_GPIO_ResetOutputPin) for LL_GPIO_ResetOutputPin
    drive.o(.text.drive_init) refers to drive.o(.text.LL_GPIO_SetOutputPin) for LL_GPIO_SetOutputPin
    drive.o(.text.drive_init) refers to stanok_math.o(.text.calc_period_pulse) for calc_period_pulse
    drive.o(.text.drive_init) refers to ssd1306.o(.text.default_screen) for default_screen
    drive.o(.text.drive_init) refers to drive.o(.bss.status) for status
    drive.o(.text.drive_init) refers to fonts.o(.data.Font_16x26) for Font_16x26
    drive.o(.ARM.exidx.text.drive_init) refers to drive.o(.text.drive_init) for [Anonymous Symbol]
    drive.o(.ARM.exidx.text.LL_GPIO_SetOutputPin) refers to drive.o(.text.LL_GPIO_SetOutputPin) for [Anonymous Symbol]
    drive.o(.ARM.exidx.text.LL_GPIO_ResetOutputPin) refers to drive.o(.text.LL_GPIO_ResetOutputPin) for [Anonymous Symbol]
    drive.o(.text.setup_turn) refers to encoder.o(.text.read_enc_data) for read_enc_data
    drive.o(.text.setup_turn) refers to ssd1306.o(.text.default_screen) for default_screen
    drive.o(.text.setup_turn) refers to stanok_math.o(.text.calc_period_pulse) for calc_period_pulse
    drive.o(.text.setup_turn) refers to fonts.o(.data.Font_16x26) for Font_16x26
    drive.o(.ARM.exidx.text.setup_turn) refers to drive.o(.text.setup_turn) for [Anonymous Symbol]
    drive.o(.text.turn_drive_start) refers to tim.o(.text.drive_PWM_start) for drive_PWM_start
    drive.o(.ARM.exidx.text.turn_drive_start) refers to drive.o(.text.turn_drive_start) for [Anonymous Symbol]
[...]
    [Anonymous Symbol]                       0x0800068c   Section        0  tim.o(.text.LL_APB1_GRP2_EnableClock)
    __arm_cp.35_0                            0x080006a4   Number         4  tim.o(.text.LL_APB1_GRP2_EnableClock)
    LL_FLASH_GetLatency                      0x080006a9   Thumb Code    12  main.o(.text.LL_FLASH_GetLatency)
    [Anonymous Symbol]                       0x080006a8   Section        0  main.o(.text.LL_FLASH_GetLatency)
    LL_FLASH_SetLatency                      0x080006b5   Thumb Code    12  main.o(.text.LL_FLASH_SetLatency)
    [Anonymous Symbol]                       0x080006b4   Section        0  main.o(.text.LL_FLASH_SetLatency)
    __arm_cp.6_0                             0x080006c0   Number         4  main.o(.text.LL_FLASH_SetLatency)
    [Anonymous Symbol]                       0x080006c4   Section        0  stm32f0xx_ll_gpio.o(.text.LL_GPIO_Init)
    LL_GPIO_IsInputPinSet                    0x08000745   Thumb Code    16  button.o(.text.LL_GPIO_IsInputPinSet)
    [Anonymous Symbol]                       0x08000744   Section        0  button.o(.text.LL_GPIO_IsInputPinSet)
    __arm_cp.4_0                             0x08000754   Number         4  button.o(.text.LL_GPIO_IsInputPinSet)
    LL_GPIO_ResetOutputPin                   0x08000759   Thumb Code     8  drive.o(.text.LL_GPIO_ResetOutputPin)
    [Anonymous Symbol]                       0x08000758   Section        0  drive.o(.text.LL_GPIO_ResetOutputPin)
    LL_GPIO_ResetOutputPin                   0x08000761   Thumb Code     8  gpio.o(.text.LL_GPIO_ResetOutputPin)
    [Anonymous Symbol]                       0x08000760   Section        0  gpio.o(.text.LL_GPIO_ResetOutputPin)
    __arm_cp.2_0                             0x08000768   Number         4  gpio.o(.text.LL_GPIO_ResetOutputPin)
    LL_GPIO_SetAFPin_0_7                     0x0800076d   Thumb Code    20  stm32f0xx_ll_gpio.o(.text.LL_GPIO_SetAFPin_0_7)
    [Anonymous Symbol]                       0x0800076c   Section        0  stm32f0xx_ll_gpio.o(.text.LL_GPIO_SetAFPin_0_7)
    LL_GPIO_SetAFPin_8_15                    0x08000781   Thumb Code    22  stm32f0xx_ll_gpio.o(.text.LL_GPIO_SetAFPin_8_15)
    [Anonymous Symbol]                       0x08000780   Section        0  stm32f0xx_ll_gpio.o(.text.LL_GPIO_SetAFPin_8_15)
    LL_GPIO_SetOutputPin                     0x08000799   Thumb Code     8  drive.o(.text.LL_GPIO_SetOutputPin)
    [Anonymous Symbol]                       0x08000798   Section        0  drive.o(.text.LL_GPIO_SetOutputPin)
    __arm_cp.1_0                             0x080007a0   Number         4  drive.o(.text.LL_GPIO_SetOutputPin)
    LL_GPIO_SetPinMode                       0x080007a5   Thumb Code    18  stm32f0xx_ll_gpio.o(.text.LL_GPIO_SetPinMode)
    [Anonymous Symbol]                       0x080007a4   Section        0  stm32f0xx_ll_gpio.o(.text.LL_GPIO_SetPinMode)
    LL_GPIO_SetPinOutputType                 0x080007b7   Thumb Code    12  stm32f0xx_ll_gpio.o(.text.LL_GPIO_SetPinOutputType)
    [Anonymous Symbol]                       0x080007b6   Section        0  stm32f0xx_ll_gpio.o(.text.LL_GPIO_SetPinOutputType)
    LL_GPIO_SetPinPull                       0x080007c3   Thumb Code    18  stm32f0xx_ll_gpio.o(.text.LL_GPIO_SetPinPull)
    [Anonymous Symbol]                       0x080007c2   Section        0  stm32f0xx_ll_gpio.o(.text.LL_GPIO_SetPinPull)
    LL_GPIO_SetPinSpeed                      0x080007d5   Thumb Code    18  stm32f0xx_ll_gpio.o(.text.LL_GPIO_SetPinSpeed)
    [Anonymous Symbol]                       0x080007d4   Section        0  stm32f0xx_ll_gpio.o(.text.LL_GPIO_SetPinSpeed)
    LL_I2C_AcknowledgeNextData               0x080007e7   Thumb Code    14  stm32f0xx_ll_i2c.o(.text.LL_I2C_AcknowledgeNextData)
    [Anonymous Symbol]                       0x080007e6   Section        0  stm32f0xx_ll_i2c.o(.text.LL_I2C_AcknowledgeNextData)
    LL_I2C_ClearFlag_STOP                    0x080007f5   Thumb Code    12  i2c.o(.text.LL_I2C_ClearFlag_STOP)
    [Anonymous Symbol]                       0x080007f4   Section        0  i2c.o(.text.LL_I2C_ClearFlag_STOP)
    __arm_cp.15_0                            0x08000800   Number         4  i2c.o(.text.LL_I2C_ClearFlag_STOP)
    LL_I2C_ConfigFilters                     0x08000805   Thumb Code    20  stm32f0xx_ll_i2c.o(.text.LL_I2C_ConfigFilters)
    [Anonymous Symbol]                       0x08000804   Section        0  stm32f0xx_ll_i2c.o(.text.LL_I2C_ConfigFilters)
    LL_I2C_Disable                           0x08000819   Thumb Code    10  stm32f0xx_ll_i2c.o(.text.LL_I2C_Disable)
    [Anonymous Symbol]                       0x08000818   Section        0  stm32f0xx_ll_i2c.o(.text.LL_I2C_Disable)
    LL_I2C_DisableGeneralCall                0x08000825   Thumb Code    16  i2c.o(.text.LL_I2C_DisableGeneralCall)
    [Anonymous Symbol]                       0x08000824   Section        0  i2c.o(.text.LL_I2C_DisableGeneralCall)
    LL_I2C_DisableOwnAddress1                0x08000835   Thumb Code    12  stm32f0xx_ll_i2c.o(.text.LL_I2C_DisableOwnAddress1)
    [Anonymous Symbol]                       0x08000834   Section        0  stm32f0xx_ll_i2c.o(.text.LL_I2C_DisableOwnAddress1)
    LL_I2C_DisableOwnAddress2                0x08000841   Thumb Code    16  i2c.o(.text.LL_I2C_DisableOwnAddress2)
    [Anonymous Symbol]                       0x08000840   Section        0  i2c.o(.text.LL_I2C_DisableOwnAddress2)
    LL_I2C_Enable                            0x08000851   Thumb Code    10  stm32f0xx_ll_i2c.o(.text.LL_I2C_Enable)
    [Anonymous Symbol]                       0x08000850   Section        0  stm32f0xx_ll_i2c.o(.text.LL_I2C_Enable)
    LL_I2C_EnableAutoEndMode                 0x0800085d   Thumb Code    16  i2c.o(.text.LL_I2C_EnableAutoEndMode)
    [Anonymous Symbol]                       0x0800085c   Section        0  i2c.o(.text.LL_I2C_EnableAutoEndMode)
    LL_I2C_EnableClockStretching             0x0800086d   Thumb Code    16  i2c.o(.text.LL_I2C_EnableClockStretching)
    [Anonymous Symbol]                       0x0800086c   Section        0  i2c.o(.text.LL_I2C_EnableClockStretching)
    __arm_cp.5_0                             0x0800087c   Number         4  i2c.o(.text.LL_I2C_EnableClockStretching)
    LL_I2C_EnableOwnAddress1                 0x08000881   Thumb Code    12  stm32f0xx_ll_i2c.o(.text.LL_I2C_EnableOwnAddress1)
    [Anonymous Symbol]                       0x08000880   Section        0  stm32f0xx_ll_i2c.o(.text.LL_I2C_EnableOwnAddress1)
    LL_I2C_GenerateStopCondition             0x0800088d   Thumb Code    16  i2c.o(.text.LL_I2C_GenerateStopCondition)
    [Anonymous Symbol]                       0x0800088c   Section        0  i2c.o(.text.LL_I2C_GenerateStopCondition)
    LL_I2C_HandleTransfer                    0x0800089d   Thumb Code    24  i2c.o(.text.LL_I2C_HandleTransfer)
    [Anonymous Symbol]                       0x0800089c   Section        0  i2c.o(.text.LL_I2C_HandleTransfer)
    __arm_cp.9_0                             0x080008b4   Number         4  i2c.o(.text.LL_I2C_HandleTransfer)
    __arm_cp.9_1                             0x080008b8   Number         4  i2c.o(.text.LL_I2C_HandleTransfer)
    [Anonymous Symbol]                       0x080008bc   Section        0  stm32f0xx_ll_i2c.o(.text.LL_I2C_Init)
    LL_I2C_IsActiveFlag_TXE                  0x08000911   Thumb Code    12  i2c.o(.text.LL_I2C_IsActiveFlag_TXE)
    [Anonymous Symbol]                       0x08000910   Section        0  i2c.o(.text.LL_I2C_IsActiveFlag_TXE)
    LL_I2C_IsActiveFlag_TXIS                 0x0800091d   Thumb Code    12  i2c.o(.text.LL_I2C_IsActiveFlag_TXIS)
    [Anonymous Symbol]                       0x0800091c   Section        0  i2c.o(.text.LL_I2C_IsActiveFlag_TXIS)
    __arm_cp.18_0                            0x08000928   Number         4  i2c.o(.text.LL_I2C_IsActiveFlag_TXIS)
    LL_I2C_SetMode                           0x0800092d   Thumb Code    14  stm32f0xx_ll_i2c.o(.text.LL_I2C_SetMode)
    [Anonymous Symbol]                       0x0800092c   Section        0  stm32f0xx_ll_i2c.o(.text.LL_I2C_SetMode)
    LL_I2C_SetOwnAddress1                    0x0800093d   Thumb Code    16  stm32f0xx_ll_i2c.o(.text.LL_I2C_SetOwnAddress1)
    [Anonymous Symbol]                       0x0800093c   Section        0  stm32f0xx_ll_i2c.o(.text.LL_I2C_SetOwnAddress1)
    __arm_cp.9_0                             0x0800094c   Number         4  stm32f0xx_ll_i2c.o(.text.LL_I2C_SetOwnAddress1)
    LL_I2C_SetOwnAddress2                    0x08000951   Thumb Code    12  i2c.o(.text.LL_I2C_SetOwnAddress2)
    [Anonymous Symbol]                       0x08000950   Section        0  i2c.o(.text.LL_I2C_SetOwnAddress2)
    __arm_cp.7_0                             0x0800095c   Number         4  i2c.o(.text.LL_I2C_SetOwnAddress2)
    __arm_cp.7_1                             0x08000960   Number         4  i2c.o(.text.LL_I2C_SetOwnAddress2)
    LL_I2C_SetTiming                         0x08000965   Thumb Code     4  stm32f0xx_ll_i2c.o(.text.LL_I2C_SetTiming)
    [Anonymous Symbol]                       0x08000964   Section        0  stm32f0xx_ll_i2c.o(.text.LL_I2C_SetTiming)
    LL_I2C_TransmitData8                     0x08000969   Thumb Code     8  i2c.o(.text.LL_I2C_TransmitData8)
    [Anonymous Symbol]                       0x08000968   Section        0  i2c.o(.text.LL_I2C_TransmitData8)
    __arm_cp.11_0                            0x08000970   Number         4  i2c.o(.text.LL_I2C_TransmitData8)
    [Anonymous Symbol]                       0x08000974   Section        0  stm32f0xx_ll_utils.o(.text.LL_Init1msTick)
    LL_InitTick                              0x0800097d   Thumb Code    28  stm32f0xx_ll_utils.o(.text.LL_InitTick)
    [Anonymous Symbol]                       0x0800097c   Section        0  stm32f0xx_ll_utils.o(.text.LL_InitTick)
    __arm_cp.1_0                             0x08000998   Number         4  stm32f0xx_ll_utils.o(.text.LL_InitTick)
    LL_RCC_GetSysClkSource                   0x0800099d   Thumb Code    12  main.o(.text.LL_RCC_GetSysClkSource)
    [Anonymous Symbol]                       0x0800099c   Section        0  main.o(.text.LL_RCC_GetSysClkSource)
    LL_RCC_HSI_Enable                        0x080009a9   Thumb Code    12  main.o(.text.LL_RCC_HSI_Enable)
    [Anonymous Symbol]                       0x080009a8   Section        0  main.o(.text.LL_RCC_HSI_Enable)
    LL_RCC_HSI_IsReady                       0x080009b5   Thumb Code    12  main.o(.text.LL_RCC_HSI_IsReady)
    [Anonymous Symbol]                       0x080009b4   Section        0  main.o(.text.LL_RCC_HSI_IsReady)
    LL_RCC_HSI_SetCalibTrimming              0x080009c1   Thumb Code    16  main.o(.text.LL_RCC_HSI_SetCalibTrimming)
    [Anonymous Symbol]                       0x080009c0   Section        0  main.o(.text.LL_RCC_HSI_SetCalibTrimming)
    LL_RCC_LSI_Enable                        0x080009d1   Thumb Code    12  main.o(.text.LL_RCC_LSI_Enable)
    [Anonymous Symbol]                       0x080009d0   Section        0  main.o(.text.LL_RCC_LSI_Enable)
    LL_RCC_LSI_IsReady                       0x080009dd   Thumb Code    12  main.o(.text.LL_RCC_LSI_IsReady)
    [Anonymous Symbol]                       0x080009dc   Section        0  main.o(.text.LL_RCC_LSI_IsReady)
    __arm_cp.12_0                            0x080009e8   Number         4  main.o(.text.LL_RCC_LSI_IsReady)
    LL_RCC_PLL_ConfigDomain_SYS              0x080009ed   Thumb Code    28  main.o(.text.LL_RCC_PLL_ConfigDomain_SYS)
    [Anonymous Symbol]                       0x080009ec   Section        0  main.o(.text.LL_RCC_PLL_ConfigDomain_SYS)
    LL_RCC_PLL_Enable                        0x08000a09   Thumb Code    16  main.o(.text.LL_RCC_PLL_Enable)
    [Anonymous Symbol]                       0x08000a08   Section        0  main.o(.text.LL_RCC_PLL_Enable)
    LL_RCC_PLL_IsReady                       0x08000a19   Thumb Code    12  main.o(.text.LL_RCC_PLL_IsReady)
    [Anonymous Symbol]                       0x08000a18   Section        0  main.o(.text.LL_RCC_PLL_IsReady)
    __arm_cp.15_0                            0x08000a24   Number         4  main.o(.text.LL_RCC_PLL_IsReady)
    LL_RCC_SetAHBPrescaler                   0x08000a29   Thumb Code    12  main.o(.text.LL_RCC_SetAHBPrescaler)
    [Anonymous Symbol]                       0x08000a28   Section        0  main.o(.text.LL_RCC_SetAHBPrescaler)
    LL_RCC_SetAPB1Prescaler                  0x08000a35   Thumb Code    16  main.o(.text.LL_RCC_SetAPB1Prescaler)
    [Anonymous Symbol]                       0x08000a34   Section        0  main.o(.text.LL_RCC_SetAPB1Prescaler)
    LL_RCC_SetI2CClockSource                 0x08000a45   Thumb Code    12  main.o(.text.LL_RCC_SetI2CClockSource)
    [Anonymous Symbol]                       0x08000a44   Section        0  main.o(.text.LL_RCC_SetI2CClockSource)
    __arm_cp.20_0                            0x08000a50   Number         4  main.o(.text.LL_RCC_SetI2CClockSource)
    LL_RCC_SetSysClkSource                   0x08000a55   Thumb Code    16  main.o(.text.LL_RCC_SetSysClkSource)
    [Anonymous Symbol]                       0x08000a54   Section        0  main.o(.text.LL_RCC_SetSysClkSource)
    __arm_cp.18_0                            0x08000a64   Number         4  main.o(.text.LL_RCC_SetSysClkSource)
    [Anonymous Symbol]                       0x08000a68   Section        0  stm32f0xx_ll_utils.o(.text.LL_SetSystemCoreClock)
    __arm_cp.3_0                             0x08000a70   Number         4  stm32f0xx_ll_utils.o(.text.LL_SetSystemCoreClock)
    LL_TIM_CC_DisableChannel                 0x08000a75   Thumb Code    12  tim.o(.text.LL_TIM_CC_DisableChannel)
    [Anonymous Symbol]                       0x08000a74   Section        0  tim.o(.text.LL_TIM_CC_DisableChannel)
    __arm_cp.23_0                            0x08000a80   Number         4  tim.o(.text.LL_TIM_CC_DisableChannel)
    LL_TIM_CC_EnableChannel                  0x08000a85   Thumb Code     8  tim.o(.text.LL_TIM_CC_EnableChannel)
    [Anonymous Symbol]                       0x08000a84   Section        0  tim.o(.text.LL_TIM_CC_EnableChannel)
    LL_TIM_ClearFlag_UPDATE                  0x08000a8d   Thumb Code     8  tim.o(.text.LL_TIM_ClearFlag_UPDATE)
    [Anonymous Symbol]                       0x08000a8c   Section        0  tim.o(.text.LL_TIM_ClearFlag_UPDATE)
    LL_TIM_DisableARRPreload                 0x08000a95   Thumb Code    10  tim.o(.text.LL_TIM_DisableARRPreload)
    [Anonymous Symbol]                       0x08000a94   Section        0  tim.o(.text.LL_TIM_DisableARRPreload)
    LL_TIM_DisableCounter                    0x08000a9f   Thumb Code    10  tim.o(.text.LL_TIM_DisableCounter)
    [Anonymous Symbol]                       0x08000a9e   Section        0  tim.o(.text.LL_TIM_DisableCounter)
    LL_TIM_DisableMasterSlaveMode            0x08000aa9   Thumb Code    12  tim.o(.text.LL_TIM_DisableMasterSlaveMode)
    [Anonymous Symbol]                       0x08000aa8   Section        0  tim.o(.text.LL_TIM_DisableMasterSlaveMode)
    LL_TIM_EnableCounter                     0x08000ab5   Thumb Code    10  tim.o(.text.LL_TIM_EnableCounter)
    [Anonymous Symbol]                       0x08000ab4   Section        0  tim.o(.text.LL_TIM_EnableCounter)
    LL_TIM_EnableIT_UPDATE                   0x08000ac1   Thumb Code    12  tim.o(.text.LL_TIM_EnableIT_UPDATE)
    [Anonymous Symbol]                       0x08000ac0   Section        0  tim.o(.text.LL_TIM_EnableIT_UPDATE)
    __arm_cp.36_0                            0x08000acc   Number         4  tim.o(.text.LL_TIM_EnableIT_UPDATE)
    LL_TIM_GenerateEvent_UPDATE              0x08000ad1   Thumb Code    10  stm32f0xx_ll_tim.o(.text.LL_TIM_GenerateEvent_UPDATE)
    [Anonymous Symbol]                       0x08000ad0   Section        0  stm32f0xx_ll_tim.o(.text.LL_TIM_GenerateEvent_UPDATE)
    LL_TIM_GetCounter                        0x08000add   Thumb Code     8  encoder.o(.text.LL_TIM_GetCounter)
    [Anonymous Symbol]                       0x08000adc   Section        0  encoder.o(.text.LL_TIM_GetCounter)
    __arm_cp.1_0                             0x08000ae4   Number         4  encoder.o(.text.LL_TIM_GetCounter)
    LL_TIM_IC_SetActiveInput                 0x08000ae9   Thumb Code    56  tim.o(.text.LL_TIM_IC_SetActiveInput)
    [Anonymous Symbol]                       0x08000ae8   Section        0  tim.o(.text.LL_TIM_IC_SetActiveInput)
    LL_TIM_IC_SetFilter                      0x08000b21   Thumb Code    56  tim.o(.text.LL_TIM_IC_SetFilter)
    [Anonymous Symbol]                       0x08000b20   Section        0  tim.o(.text.LL_TIM_IC_SetFilter)
    LL_TIM_IC_SetPolarity                    0x08000b59   Thumb Code    44  tim.o(.text.LL_TIM_IC_SetPolarity)
    [Anonymous Symbol]                       0x08000b58   Section        0  tim.o(.text.LL_TIM_IC_SetPolarity)
    SHIFT_TAB_CCxP                           0x08000b84   Number         0  tim.o(.text.LL_TIM_IC_SetPolarity)
    __arm_cp.7_1                             0x08000b8c   Number         4  tim.o(.text.LL_TIM_IC_SetPolarity)
    LL_TIM_IC_SetPrescaler                   0x08000b91   Thumb Code    48  tim.o(.text.LL_TIM_IC_SetPrescaler)
    [Anonymous Symbol]                       0x08000b90   Section        0  tim.o(.text.LL_TIM_IC_SetPrescaler)
    __arm_cp.5_0                             0x08000bc0   Number         4  tim.o(.text.LL_TIM_IC_SetPrescaler)
    __arm_cp.5_1                             0x08000bc4   Number         4  tim.o(.text.LL_TIM_IC_SetPrescaler)
    __arm_cp.5_2                             0x08000bc8   Number         4  tim.o(.text.LL_TIM_IC_SetPrescaler)
    [Anonymous Symbol]                       0x08000bcc   Section        0  stm32f0xx_ll_tim.o(.text.LL_TIM_Init)
    __arm_cp.6_0                             0x08000c54   Number         4  stm32f0xx_ll_tim.o(.text.LL_TIM_Init)
    __arm_cp.6_2                             0x08000c58   Number         4  stm32f0xx_ll_tim.o(.text.LL_TIM_Init)
    __arm_cp.6_3                             0x08000c5c   Number         4  stm32f0xx_ll_tim.o(.text.LL_TIM_Init)
    __arm_cp.6_4                             0x08000c60   Number         4  stm32f0xx_ll_tim.o(.text.LL_TIM_Init)
    LL_TIM_IsActiveFlag_UPDATE               0x08000c65   Thumb Code     8  tim.o(.text.LL_TIM_IsActiveFlag_UPDATE)
    [Anonymous Symbol]                       0x08000c64   Section        0  tim.o(.text.LL_TIM_IsActiveFlag_UPDATE)
    LL_TIM_OC_DisableFast                    0x08000c6d   Thumb Code    12  tim.o(.text.LL_TIM_OC_DisableFast)
    [Anonymous Symbol]                       0x08000c6c   Section        0  tim.o(.text.LL_TIM_OC_DisableFast)
    LL_TIM_OC_EnablePreload                  0x08000c79   Thumb Code    12  tim.o(.text.LL_TIM_OC_EnablePreload)
    [Anonymous Symbol]                       0x08000c78   Section        0  tim.o(.text.LL_TIM_OC_EnablePreload)
    __arm_cp.12_0                            0x08000c84   Number         4  tim.o(.text.LL_TIM_OC_EnablePreload)
    [Anonymous Symbol]                       0x08000c88   Section        0  stm32f0xx_ll_tim.o(.text.LL_TIM_OC_Init)
    LL_TIM_OC_SetCompareCH1                  0x08000cd9   Thumb Code     8  tim.o(.text.LL_TIM_OC_SetCompareCH1)
    [Anonymous Symbol]                       0x08000cd8   Section        0  tim.o(.text.LL_TIM_OC_SetCompareCH1)
    __arm_cp.16_0                            0x08000ce0   Number         4  tim.o(.text.LL_TIM_OC_SetCompareCH1)
    LL_TIM_OC_SetCompareCH1                  0x08000ce5   Thumb Code     4  stm32f0xx_ll_tim.o(.text.LL_TIM_OC_SetCompareCH1)
    [Anonymous Symbol]                       0x08000ce4   Section        0  stm32f0xx_ll_tim.o(.text.LL_TIM_OC_SetCompareCH1)
    LL_TIM_OC_SetCompareCH2                  0x08000ce9   Thumb Code     4  stm32f0xx_ll_tim.o(.text.LL_TIM_OC_SetCompareCH2)
    [Anonymous Symbol]                       0x08000ce8   Section        0  stm32f0xx_ll_tim.o(.text.LL_TIM_OC_SetCompareCH2)
    LL_TIM_OC_SetCompareCH3                  0x08000ced   Thumb Code     4  stm32f0xx_ll_tim.o(.text.LL_TIM_OC_SetCompareCH3)
    [Anonymous Symbol]                       0x08000cec   Section        0  stm32f0xx_ll_tim.o(.text.LL_TIM_OC_SetCompareCH3)
    LL_TIM_OC_SetCompareCH4                  0x08000cf1   Thumb Code     4  stm32f0xx_ll_tim.o(.text.LL_TIM_OC_SetCompareCH4)
    [Anonymous Symbol]                       0x08000cf0   Section        0  stm32f0xx_ll_tim.o(.text.LL_TIM_OC_SetCompareCH4)
    LL_TIM_SetAutoReload                     0x08000cf5   Thumb Code     4  tim.o(.text.LL_TIM_SetAutoReload)
    [Anonymous Symbol]                       0x08000cf4   Section        0  tim.o(.text.LL_TIM_SetAutoReload)
    LL_TIM_SetAutoReload                     0x08000cf9   Thumb Code     4  stm32f0xx_ll_tim.o(.text.LL_TIM_SetAutoReload)
    [Anonymous Symbol]                       0x08000cf8   Section        0  stm32f0xx_ll_tim.o(.text.LL_TIM_SetAutoReload)
    LL_TIM_SetCounter                        0x08000cfd   Thumb Code     4  tim.o(.text.LL_TIM_SetCounter)
    [Anonymous Symbol]                       0x08000cfc   Section        0  tim.o(.text.LL_TIM_SetCounter)
    LL_TIM_SetEncoderMode                    0x08000d01   Thumb Code    16  tim.o(.text.LL_TIM_SetEncoderMode)
    [Anonymous Symbol]                       0x08000d00   Section        0  tim.o(.text.LL_TIM_SetEncoderMode)
    __arm_cp.3_0                             0x08000d10   Number         4  tim.o(.text.LL_TIM_SetEncoderMode)
    LL_TIM_SetPrescaler                      0x08000d15   Thumb Code     4  stm32f0xx_ll_tim.o(.text.LL_TIM_SetPrescaler)
    [Anonymous Symbol]                       0x08000d14   Section        0  stm32f0xx_ll_tim.o(.text.LL_TIM_SetPrescaler)
    LL_TIM_SetRepetitionCounter              0x08000d19   Thumb Code     4  stm32f0xx_ll_tim.o(.text.LL_TIM_SetRepetitionCounter)
    [Anonymous Symbol]                       0x08000d18   Section        0  stm32f0xx_ll_tim.o(.text.LL_TIM_SetRepetitionCounter)
    LL_TIM_SetTriggerOutput                  0x08000d1d   Thumb Code    12  tim.o(.text.LL_TIM_SetTriggerOutput)
    [Anonymous Symbol]                       0x08000d1c   Section        0  tim.o(.text.LL_TIM_SetTriggerOutput)
    __arm_cp.9_0                             0x08000d28   Number         4  tim.o(.text.LL_TIM_SetTriggerOutput)
    [Anonymous Symbol]                       0x08000d2c   Section        0  gpio.o(.text.MX_GPIO_Init)
    __arm_cp.0_0                             0x08000d8c   Number         4  gpio.o(.text.MX_GPIO_Init)
    [Anonymous Symbol]                       0x08000d90   Section        0  i2c.o(.text.MX_I2C1_Init)
    __arm_cp.0_0                             0x08000e30   Number         4  i2c.o(.text.MX_I2C1_Init)
    [Anonymous Symbol]                       0x08000e34   Section        0  tim.o(.text.MX_TIM14_Init)
    __arm_cp.11_0                            0x08000ecc   Number         4  tim.o(.text.MX_TIM14_Init)
    __arm_cp.11_1                            0x08000ed0   Number         4  tim.o(.text.MX_TIM14_Init)
    [Anonymous Symbol]                       0x08000ed4   Section        0  tim.o(.text.MX_TIM3_Init)
    __arm_cp.0_0                             0x08000f90   Number         4  tim.o(.text.MX_TIM3_Init)
    __arm_cp.0_1                             0x08000f94   Number         4  tim.o(.text.MX_TIM3_Init)
    [Anonymous Symbol]                       0x08000f98   Section        0  stm32f0xx_it.o(.text.NMI_Handler)
    OC1Config                                0x08000f9d   Thumb Code   124  stm32f0xx_ll_tim.o(.text.OC1Config)
    [Anonymous Symbol]                       0x08000f9c   Section        0  stm32f0xx_ll_tim.o(.text.OC1Config)
    __arm_cp.13_1                            0x08001018   Number         4  stm32f0xx_ll_tim.o(.text.OC1Config)
    __arm_cp.13_2                            0x0800101c   Number         4  stm32f0xx_ll_tim.o(.text.OC1Config)
    OC2Config                                0x08001021   Thumb Code   140  stm32f0xx_ll_tim.o(.text.OC2Config)
    [Anonymous Symbol]                       0x08001020   Section        0  stm32f0xx_ll_tim.o(.text.OC2Config)
    __arm_cp.14_3                            0x080010ac   Number         4  stm32f0xx_ll_tim.o(.text.OC2Config)
    OC3Config                                0x080010b1   Thumb Code   140  stm32f0xx_ll_tim.o(.text.OC3Config)
    [Anonymous Symbol]                       0x080010b0   Section        0  stm32f0xx_ll_tim.o(.text.OC3Config)
    __arm_cp.15_0                            0x0800113c   Number         4  stm32f0xx_ll_tim.o(.text.OC3Config)
    __arm_cp.15_4                            0x08001140   Number         4  stm32f0xx_ll_tim.o(.text.OC3Config)
    OC4Config                                0x08001145   Thumb Code   112  stm32f0xx_ll_tim.o(.text.OC4Config)
    [Anonymous Symbol]                       0x08001144   Section        0  stm32f0xx_ll_tim.o(.text.OC4Config)
    __arm_cp.16_0                            0x080011b4   Number         4  stm32f0xx_ll_tim.o(.text.OC4Config)
    __arm_cp.16_1                            0x080011b8   Number         4  stm32f0xx_ll_tim.o(.text.OC4Config)
    __arm_cp.16_2                            0x080011bc   Number         4  stm32f0xx_ll_tim.o(.text.OC4Config)
    [Anonymous Symbol]                       0x080011c0   Section        0  stm32f0xx_it.o(.text.PendSV_Handler)
    [Anonymous Symbol]                       0x080011c4   Section        0  ssd1306.o(.text.SSD1306_DrawPixel)
    [Anonymous Symbol]                       0x08001200   Section        0  ssd1306.o(.text.SSD1306_Fill)
    __arm_cp.1_0                             0x08001220   Number         4  ssd1306.o(.text.SSD1306_Fill)
    [Anonymous Symbol]                       0x08001224   Section        0  ssd1306.o(.text.SSD1306_GotoXY)
    [Anonymous Symbol]                       0x08001230   Section        0  ssd1306.o(.text.SSD1306_Putc)
    __arm_cp.7_0                             0x080012c8   Number         4  ssd1306.o(.text.SSD1306_Putc)
    __arm_cp.7_1                             0x080012cc   Number         4  ssd1306.o(.text.SSD1306_Putc)
    [Anonymous Symbol]                       0x080012d0   Section        0  ssd1306.o(.text.SSD1306_Puts)
    [Anonymous Symbol]                       0x08001304   Section        0  ssd1306.o(.text.SSD1306_UpdateScreen)
    __arm_cp.2_0                             0x08001334   Number         4  ssd1306.o(.text.SSD1306_UpdateScreen)
    [Anonymous Symbol]                       0x08001338   Section        0  stm32f0xx_it.o(.text.SVC_Handler)
    [Anonymous Symbol]                       0x0800133a   Section        0  stm32f0xx_it.o(.text.SysTick_Handler)
    [Anonymous Symbol]                       0x08001344   Section        0  main.o(.text.SysTick_Init)
    __arm_cp.5_0                             0x08001364   Number         4  main.o(.text.SysTick_Init)
    __arm_cp.5_1                             0x08001368   Number         4  main.o(.text.SysTick_Init)
    [Anonymous Symbol]                       0x0800136c   Section        0  main.o(.text.SystemClock_Config)
    __arm_cp.4_0                             0x080013d0   Number         4  main.o(.text.SystemClock_Config)
    [Anonymous Symbol]                       0x080013d4   Section        0  system_stm32f0xx.o(.text.SystemInit)
    [Anonymous Symbol]                       0x080013d8   Section        0  tim.o(.text.TIM17_IRQHandler)
    __arm_cp.28_0                            0x080013fc   Number         4  tim.o(.text.TIM17_IRQHandler)
    __arm_cp.28_1                            0x08001400   Number         4  tim.o(.text.TIM17_IRQHandler)
    [Anonymous Symbol]                       0x08001404   Section        0  tim.o(.text.TIM_Bounce_DirToogle_init)
    __arm_cp.29_0                            0x08001410   Number         4  tim.o(.text.TIM_Bounce_DirToogle_init)
    __arm_cp.29_1                            0x08001414   Number         4  tim.o(.text.TIM_Bounce_DirToogle_init)
    __NVIC_EnableIRQ                         0x08001419   Thumb Code    12  tim.o(.text.__NVIC_EnableIRQ)
    [Anonymous Symbol]                       0x08001418   Section        0  tim.o(.text.__NVIC_EnableIRQ)
    __arm_cp.38_0                            0x08001424   Number         4  tim.o(.text.__NVIC_EnableIRQ)
    __NVIC_SetPriority                       0x08001429   Thumb Code    20  main.o(.text.__NVIC_SetPriority)
    [Anonymous Symbol]                       0x08001428   Section        0  main.o(.text.__NVIC_SetPriority)
    __arm_cp.3_0                             0x0800143c   Number         4  main.o(.text.__NVIC_SetPriority)
    __NVIC_SetPriority                       0x08001441   Thumb Code    16  tim.o(.text.__NVIC_SetPriority)
    [Anonymous Symbol]                       0x08001440   Section        0  tim.o(.text.__NVIC_SetPriority)
    __arm_cp.37_0                            0x08001450   Number         4  tim.o(.text.__NVIC_SetPriority)
    [Anonymous Symbol]                       0x08001454   Section        0  stanok_math.o(.text.calc_period_pulse)
    __arm_cp.0_0                             0x08001474   Number         4  stanok_math.o(.text.calc_period_pulse)
    __arm_cp.0_1                             0x08001478   Number         4  stanok_math.o(.text.calc_period_pulse)
    check_status_pedal                       0x0800147d   Thumb Code    44  drive.o(.text.check_status_pedal)
    [Anonymous Symbol]                       0x0800147c   Section        0  drive.o(.text.check_status_pedal)
    [Anonymous Symbol]                       0x080014a8   Section        0  ssd1306.o(.text.default_screen)
    __arm_cp.18_0                            0x080014fc   Number         4  ssd1306.o(.text.default_screen)
    [Anonymous Symbol]                       0x08001510   Section        0  tim.o(.text.delay_us)
    __arm_cp.24_0                            0x08001544   Number         4  tim.o(.text.delay_us)
    [Anonymous Symbol]                       0x08001548   Section        0  tim.o(.text.drive_PWM_mod)
    [Anonymous Symbol]                       0x08001568   Section        0  tim.o(.text.drive_PWM_start)
    [Anonymous Symbol]                       0x0800159c   Section        0  tim.o(.text.drive_PWM_stop)
    __arm_cp.22_0                            0x080015ac   Number         4  tim.o(.text.drive_PWM_stop)
    [Anonymous Symbol]                       0x080015b0   Section        0  drive.o(.text.drive_init)
    encoder_init                             0x080015f1   Thumb Code    36  tim.o(.text.encoder_init)
    [Anonymous Symbol]                       0x080015f0   Section        0  tim.o(.text.encoder_init)
    __arm_cp.32_0                            0x08001614   Number         4  tim.o(.text.encoder_init)
    [Anonymous Symbol]                       0x08001618   Section        0  i2c.o(.text.i2c_write_buffer_8bit_registr)
    [Anonymous Symbol]                       0x08001668   Section        0  i2c.o(.text.i2c_write_byte)
    __arm_cp.16_0                            0x080016a4   Number         4  i2c.o(.text.i2c_write_byte)
    [Anonymous Symbol]                       0x080016a8   Section        0  main.o(.text.main)
    __arm_cp.0_0                             0x080016f0   Number         4  main.o(.text.main)
    __arm_cp.0_1                             0x080016f4   Number         4  main.o(.text.main)
    [Anonymous Symbol]                       0x080016f8   Section        0  drive.o(.text.main_loop)
    __arm_cp.7_0                             0x0800178c   Number         4  drive.o(.text.main_loop)
    [Anonymous Symbol]                       0x08001790   Section        0  encoder.o(.text.read_enc_data)
    __arm_cp.2_0                             0x080017e4   Number         4  encoder.o(.text.read_enc_data)
    [Anonymous Symbol]                       0x080017e8   Section        0  tim.o(.text.repeat_time)
    [Anonymous Symbol]                       0x0800180c   Section        0  button.o(.text.scan_dir_GPIO)
    [Anonymous Symbol]                       0x0800181c   Section        0  button.o(.text.scan_direction)
    __arm_cp.2_0                             0x08001890   Number         4  button.o(.text.scan_direction)
    __arm_cp.2_1                             0x08001894   Number         4  button.o(.text.scan_direction)
    [Anonymous Symbol]                       0x08001898   Section        0  button.o(.text.scan_pedal)
    __arm_cp.0_0                             0x0800191c   Number         4  button.o(.text.scan_pedal)
    __arm_cp.0_1                             0x08001920   Number         4  button.o(.text.scan_pedal)
    __arm_cp.0_2                             0x08001924   Number         4  button.o(.text.scan_pedal)
    scan_pedal_GPIO                          0x08001929   Thumb Code    14  button.o(.text.scan_pedal_GPIO)
    [Anonymous Symbol]                       0x08001928   Section        0  button.o(.text.scan_pedal_GPIO)
    [Anonymous Symbol]                       0x08001938   Section        0  drive.o(.text.setup_turn)
    __arm_cp.3_0                             0x0800195c   Number         4  drive.o(.text.setup_turn)
    [Anonymous Symbol]                       0x08001960   Section        0  ssd1306.o(.text.ssd1306_Init)
    __arm_cp.0_0                             0x08001a14   Number         4  ssd1306.o(.text.ssd1306_Init)
    __arm_cp.0_1                             0x08001a18   Number         4  ssd1306.o(.text.ssd1306_Init)
    [Anonymous Symbol]                       0x08001a1c   Section        0  ssd1306_interface.o(.text.ssd1306_SendCommand)
    __arm_cp.0_0                             0x08001a30   Number         4  ssd1306_interface.o(.text.ssd1306_SendCommand)
    [Anonymous Symbol]                       0x08001a34   Section        0  ssd1306_interface.o(.text.ssd1306_SendDataBuffer)
    tim_delay_init                           0x08001a45   Thumb Code    56  tim.o(.text.tim_delay_init)
    [Anonymous Symbol]                       0x08001a44   Section        0  tim.o(.text.tim_delay_init)
    __arm_cp.33_0                            0x08001a7c   Number         4  tim.o(.text.tim_delay_init)
    timer_bounce_init                        0x08001a81   Thumb Code    76  tim.o(.text.timer_bounce_init)
    [Anonymous Symbol]                       0x08001a80   Section        0  tim.o(.text.timer_bounce_init)
    __arm_cp.34_0                            0x08001acc   Number         4  tim.o(.text.timer_bounce_init)
    __arm_cp.34_1                            0x08001ad0   Number         4  tim.o(.text.timer_bounce_init)
    __arm_cp.34_2                            0x08001ad4   Number         4  tim.o(.text.timer_bounce_init)
    [Anonymous Symbol]                       0x08001ad8   Section        0  tim.o(.text.timers_ini)
    [Anonymous Symbol]                       0x08001ae8   Section        0  drive.o(.text.turn_drive_soft_start)
    __arm_cp.5_0                             0x08001b20   Number         4  drive.o(.text.turn_drive_soft_start)
    [Anonymous Symbol]                       0x08001b24   Section        0  drive.o(.text.turn_drive_start)
    [Anonymous Symbol]                       0x08001b2e   Section        0  drive.o(.text.turn_drive_stop)
    .text_divfast                            0x08001b36   Section      502  aeabi_sdivfast.o(.text_divfast)
    i._is_digit                              0x08001d2c   Section        0  __printf_wp.o(i._is_digit)
    maptable                                 0x08001d3a   Data          17  __printf_flags_wp.o(.constdata)
    .constdata                               0x08001d3a   Section       17  __printf_flags_wp.o(.constdata)
    OFFSET_TAB_CCMRx                         0x08002948   Data           7  tim.o(.rodata.OFFSET_TAB_CCMRx)
    [Anonymous Symbol]                       0x08002948   Section        0  tim.o(.rodata.OFFSET_TAB_CCMRx)
    SHIFT_TAB_ICxx                           0x0800294f   Data           7  tim.o(.rodata.SHIFT_TAB_ICxx)
    [Anonymous Symbol]                       0x0800294f   Section        0  tim.o(.rodata.SHIFT_TAB_ICxx)
    .bss                                     0x20000010   Section       96  libspace.o(.bss)
    SSD1306.0                                0x20000080   Data           2  ssd1306.o(.bss.SSD1306.0)
    [Anonymous Symbol]                       0x20000080   Section        0  ssd1306.o(.bss.SSD1306.0)
    SSD1306.1                                0x20000082   Data           2  ssd1306.o(.bss.SSD1306.1)
    [Anonymous Symbol]                       0x20000082   Section        0  ssd1306.o(.bss.SSD1306.1)
    SSD1306.2                                0x20000084   Data           1  ssd1306.o(.bss.SSD1306.2)
    [Anonymous Symbol]                       0x20000084   Section        0  ssd1306.o(.bss.SSD1306.2)
    SSD1306_Buffer                           0x20000088   Data         528  ssd1306.o(.bss.SSD1306_Buffer)
    [Anonymous Symbol]                       0x20000088   Section        0  ssd1306.o(.bss.SSD1306_Buffer)
    scan_direction.toggle_state              0x200002b8   Data           1  button.o(.bss.scan_direction.toggle_state)
    [Anonymous Symbol]                       0x200002b8   Section        0  button.o(.bss.scan_direction.toggle_state)
    scan_pedal.pedal_state                   0x200002b9   Data           1  button.o(.bss.scan_pedal.pedal_state)
    [Anonymous Symbol]                       0x200002b9   Section        0  button.o(.bss.scan_pedal.pedal_state)
    scan_pedal.status_pedal                  0x200002ba   Data           1  button.o(.bss.scan_pedal.status_pedal)
    [Anonymous Symbol]                       0x200002ba   Section        0  button.o(.bss.scan_pedal.status_pedal)
    temp                                     0x200002bc   Data           2  ssd1306_interface.o(.bss.temp)
    [Anonymous Symbol]                       0x200002bc   Section        0  ssd1306_interface.o(.bss.temp)
    Heap_Mem                                 0x200002c0   Data         256  startup_stm32f030x6.o(HEAP)
    HEAP                                     0x200002c0   Section      256  startup_stm32f030x6.o(HEAP)
    Stack_Mem                                0x200003c0   Data        1024  startup_stm32f030x6.o(STACK)
    STACK                                    0x200003c0   Section     1024  startup_stm32f030x6.o(STACK)
    __initial_sp                             0x200007c0   Data           0  startup_stm32f030x6.o(STACK)

    Global Symbols

    Symbol Name                              Value     Ov Type        Size  Object(Section)

    BuildAttributes$$THM_ISAv3M$S$PE$A:L22$X:L11$S22$IEEE1$IW$~IW$USESV6$~STKCKD$USESV7$~SHL$OTIME$ROPI$EBA8$UX$STANDARDLIB$REQ8$PRES8$EABIv2 0x00000000   Number         0  anon$$obj.o ABSOLUTE
    _printf_flags                            0x00000000   Number         0  printf_stubs.o ABSOLUTE
    _printf_return_value                     0x00000000   Number         0  printf_stubs.o ABSOLUTE
    _printf_sizespec                         0x00000000   Number         0  printf_stubs.o ABSOLUTE
    _printf_widthprec                        0x00000000   Number         0  printf_stubs.o ABSOLUTE
    __ARM_exceptions_init                     - Undefined Weak Reference
    __alloca_initialize                       - Undefined Weak Reference
    __arm_preinit_                            - Undefined Weak Reference
    __cpp_initialize__aeabi_                  - Undefined Weak Reference
    __cxa_finalize                            - Undefined Weak Reference
    __rt_locale                               - Undefined Weak Reference
    __sigvec_lookup                           - Undefined Weak Reference
    _atexit_init                              - Undefined Weak Reference
    _call_atexit_fns                          - Undefined Weak Reference
    _clock_init                               - Undefined Weak Reference
    _fp_trap_init                             - Undefined Weak Reference
    _fp_trap_shutdown                         - Undefined Weak Reference
    _get_lc_collate                           - Undefined Weak Reference
    _get_lc_ctype                             - Undefined Weak Reference
    _get_lc_monetary                          - Undefined Weak Reference
    _get_lc_numeric                           - Undefined Weak Reference
    _get_lc_time                              - Undefined Weak Reference
    _getenv_init                              - Undefined Weak Reference
    _handle_redirection                       - Undefined Weak Reference
    _init_alloc                               - Undefined Weak Reference
    _init_user_alloc                          - Undefined Weak Reference
    _initio                                   - Undefined Weak Reference
    _printf_truncate_signed                   - Undefined Weak Reference
    _printf_truncate_unsigned                 - Undefined Weak Reference
    _rand_init                                - Undefined Weak Reference
    _signal_finish                            - Undefined Weak Reference
    _signal_init                              - Undefined Weak Reference
    _terminate_alloc                          - Undefined Weak Reference
    _terminate_user_alloc                     - Undefined Weak Reference
    _terminateio                              - Undefined Weak Reference
    __Vectors_Size                           0x000000b0   Number         0  startup_stm32f030x6.o ABSOLUTE
    __Vectors                                0x08000000   Data           4  startup_stm32f030x6.o(RESET)
    __Vectors_End                            0x080000b0   Data           0  startup_stm32f030x6.o(RESET)
    __main                                   0x080000b1   Thumb Code     8  __main.o(!!!main)
    __scatterload                            0x080000b9   Thumb Code     0  __scatter.o(!!!scatter)
    __scatterload_rt2                        0x080000b9   Thumb Code    52  __scatter.o(!!!scatter)
    __scatterload_rt2_thumb_only             0x080000b9   Thumb Code     0  __scatter.o(!!!scatter)
    __scatterload_null                       0x080000c9   Thumb Code     0  __scatter.o(!!!scatter)
    __scatterload_copy                       0x080000f5   Thumb Code    26  __scatter_copy.o(!!handler_copy)
    __scatterload_zeroinit                   0x08000111   Thumb Code    28  __scatter_zi.o(!!handler_zi)
    _printf_percent                          0x0800012d   Thumb Code     0  _printf_percent.o(.ARM.Collect$$_printf_percent$$00000000)
    _printf_d                                0x0800012f   Thumb Code     0  _printf_d.o(.ARM.Collect$$_printf_percent$$00000009)
    _printf_percent_end                      0x08000139   Thumb Code     0  _printf_percent_end.o(.ARM.Collect$$_printf_percent$$00000017)
    __rt_lib_init                            0x0800013d   Thumb Code     0  libinit.o(.ARM.Collect$$libinit$$00000000)
    __rt_lib_init_alloca_1                   0x0800013f   Thumb Code     0  libinit2.o(.ARM.Collect$$libinit$$0000002E)
    __rt_lib_init_argv_1                     0x0800013f   Thumb Code     0  libinit2.o(.ARM.Collect$$libinit$$0000002C)
    __rt_lib_init_atexit_1                   0x0800013f   Thumb Code     0  libinit2.o(.ARM.Collect$$libinit$$0000001B)
    __rt_lib_init_clock_1                    0x0800013f   Thumb Code     0  libinit2.o(.ARM.Collect$$libinit$$00000021)
    __rt_lib_init_cpp_1                      0x0800013f   Thumb Code     0  libinit2.o(.ARM.Collect$$libinit$$00000032)
    __rt_lib_init_exceptions_1               0x0800013f   Thumb Code     0  libinit2.o(.ARM.Collect$$libinit$$00000030)
    __rt_lib_init_fp_1                       0x0800013f   Thumb Code     0  libinit2.o(.ARM.Collect$$libinit$$00000002)
    __rt_lib_init_fp_trap_1                  0x0800013f   Thumb Code     0  libinit2.o(.ARM.Collect$$libinit$$0000001F)
    __rt_lib_init_getenv_1                   0x0800013f   Thumb Code     0  libinit2.o(.ARM.Collect$$libinit$$00000023)
    __rt_lib_init_heap_1                     0x0800013f   Thumb Code     0  libinit2.o(.ARM.Collect$$libinit$$0000000A)
    __rt_lib_init_lc_collate_1               0x0800013f   Thumb Code     0  libinit2.o(.ARM.Collect$$libinit$$00000011)
    __rt_lib_init_lc_ctype_1                 0x0800013f   Thumb Code     0  libinit2.o(.ARM.Collect$$libinit$$00000013)
    __rt_lib_init_lc_monetary_1              0x0800013f   Thumb Code     0  libinit2.o(.ARM.Collect$$libinit$$00000015)
    __rt_lib_init_lc_numeric_1               0x0800013f   Thumb Code     0  libinit2.o(.ARM.Collect$$libinit$$00000017)
    __rt_lib_init_lc_time_1                  0x0800013f   Thumb Code     0  libinit2.o(.ARM.Collect$$libinit$$00000019)
    __rt_lib_init_preinit_1                  0x0800013f   Thumb Code     0  libinit2.o(.ARM.Collect$$libinit$$00000004)
    __rt_lib_init_rand_1                     0x0800013f   Thumb Code     0  libinit2.o(.ARM.Collect$$libinit$$0000000E)
    __rt_lib_init_return                     0x0800013f   Thumb Code     0  libinit2.o(.ARM.Collect$$libinit$$00000033)
    __rt_lib_init_signal_1                   0x0800013f   Thumb Code     0  libinit2.o(.ARM.Collect$$libinit$$0000001D)
    __rt_lib_init_stdio_1                    0x0800013f   Thumb Code     0  libinit2.o(.ARM.Collect$$libinit$$00000025)
    __rt_lib_init_user_alloc_1               0x0800013f   Thumb Code     0  libinit2.o(.ARM.Collect$$libinit$$0000000C)
    __rt_lib_shutdown                        0x08000141   Thumb Code     0  libshutdown.o(.ARM.Collect$$libshutdown$$00000000)
    __rt_lib_shutdown_cpp_1                  0x08000143   Thumb Code     0  libshutdown2.o(.ARM.Collect$$libshutdown$$00000002)
    __rt_lib_shutdown_fp_trap_1              0x08000143   Thumb Code     0  libshutdown2.o(.ARM.Collect$$libshutdown$$00000007)
    __rt_lib_shutdown_heap_1                 0x08000143   Thumb Code     0  libshutdown2.o(.ARM.Collect$$libshutdown$$0000000F)
    __rt_lib_shutdown_return                 0x08000143   Thumb Code     0  libshutdown2.o(.ARM.Collect$$libshutdown$$00000010)
    __rt_lib_shutdown_signal_1               0x08000143   Thumb Code     0  libshutdown2.o(.ARM.Collect$$libshutdown$$0000000A)
    __rt_lib_shutdown_stdio_1                0x08000143   Thumb Code     0  libshutdown2.o(.ARM.Collect$$libshutdown$$00000004)
    __rt_lib_shutdown_user_alloc_1           0x08000143   Thumb Code     0  libshutdown2.o(.ARM.Collect$$libshutdown$$0000000C)
    __rt_entry                               0x08000145   Thumb Code     0  __rtentry.o(.ARM.Collect$$rtentry$$00000000)
    __rt_entry_presh_1                       0x08000145   Thumb Code     0  __rtentry2.o(.ARM.Collect$$rtentry$$00000002)
    __rt_entry_sh                            0x08000145   Thumb Code     0  __rtentry4.o(.ARM.Collect$$rtentry$$00000004)
    __rt_entry_li                            0x0800014b   Thumb Code     0  __rtentry2.o(.ARM.Collect$$rtentry$$0000000A)
    __rt_entry_postsh_1                      0x0800014b   Thumb Code     0  __rtentry2.o(.ARM.Collect$$rtentry$$00000009)
    __rt_entry_main                          0x0800014f   Thumb Code     0  __rtentry2.o(.ARM.Collect$$rtentry$$0000000D)
    __rt_entry_postli_1                      0x0800014f   Thumb Code     0  __rtentry2.o(.ARM.Collect$$rtentry$$0000000C)
    __rt_exit                                0x08000157   Thumb Code     0  rtexit.o(.ARM.Collect$$rtexit$$00000000)
    __rt_exit_ls                             0x08000159   Thumb Code     0  rtexit2.o(.ARM.Collect$$rtexit$$00000003)
    __rt_exit_prels_1                        0x08000159   Thumb Code     0  rtexit2.o(.ARM.Collect$$rtexit$$00000002)
    __rt_exit_exit                           0x0800015d   Thumb Code     0  rtexit2.o(.ARM.Collect$$rtexit$$00000004)
    Reset_Handler                            0x08000165   Thumb Code     8  startup_stm32f030x6.o(.text)
    ADC1_IRQHandler                          0x08000177   Thumb Code     0  startup_stm32f030x6.o(.text)
    DMA1_Channel1_IRQHandler                 0x08000177   Thumb Code     0  startup_stm32f030x6.o(.text)
    DMA1_Channel2_3_IRQHandler               0x08000177   Thumb Code     0  startup_stm32f030x6.o(.text)
    DMA1_Channel4_5_IRQHandler               0x08000177   Thumb Code     0  startup_stm32f030x6.o(.text)
    EXTI0_1_IRQHandler                       0x08000177   Thumb Code     0  startup_stm32f030x6.o(.text)
    EXTI2_3_IRQHandler                       0x08000177   Thumb Code     0  startup_stm32f030x6.o(.text)
    EXTI4_15_IRQHandler                      0x08000177   Thumb Code     0  startup_stm32f030x6.o(.text)
    FLASH_IRQHandler                         0x08000177   Thumb Code     0  startup_stm32f030x6.o(.text)
    I2C1_IRQHandler                          0x08000177   Thumb Code     0  startup_stm32f030x6.o(.text)
    RCC_IRQHandler                           0x08000177   Thumb Code     0  startup_stm32f030x6.o(.text)
    RTC_IRQHandler                           0x08000177   Thumb Code     0  startup_stm32f030x6.o(.text)
    SPI1_IRQHandler                          0x08000177   Thumb Code     0  startup_stm32f030x6.o(.text)
    TIM14_IRQHandler                         0x08000177   Thumb Code     0  startup_stm32f030x6.o(.text)
    TIM16_IRQHandler                         0x08000177   Thumb Code     0  startup_stm32f030x6.o(.text)
    TIM1_BRK_UP_TRG_COM_IRQHandler           0x08000177   Thumb Code     0  startup_stm32f030x6.o(.text)
    TIM1_CC_IRQHandler                       0x08000177   Thumb Code     0  startup_stm32f030x6.o(.text)
    TIM3_IRQHandler                          0x08000177   Thumb Code     0  startup_stm32f030x6.o(.text)
    USART1_IRQHandler                        0x08000177   Thumb Code     0  startup_stm32f030x6.o(.text)
    WWDG_IRQHandler                          0x08000177   Thumb Code     0  startup_stm32f030x6.o(.text)
    __user_initial_stackheap                 0x08000179   Thumb Code     0  startup_stm32f030x6.o(.text)
    __2snprintf                              0x0800019d   Thumb Code    50  noretval__2snprintf.o(.text)
    _printf_pre_padding                      0x080001d5   Thumb Code    44  _printf_pad.o(.text)
    _printf_post_padding                     0x08000201   Thumb Code    34  _printf_pad.o(.text)
    _printf_int_dec                          0x08000225   Thumb Code    90  _printf_dec.o(.text)
    __printf                                 0x08000291   Thumb Code   306  __printf_flags_wp.o(.text)
    __aeabi_memset4                          0x080003c9   Thumb Code    18  aeabi_memset4.o(.text)
    __aeabi_memset8                          0x080003c9   Thumb Code     0  aeabi_memset4.o(.text)
    _memset_w                                0x080003db   Thumb Code    26  rt_memclr.o(.text)
    _memset                                  0x080003f5   Thumb Code    30  rt_memclr.o(.text)
    __aeabi_memclr                           0x08000413   Thumb Code     4  rt_memclr.o(.text)
    __rt_memclr                              0x08000413   Thumb Code     0  rt_memclr.o(.text)
    __aeabi_memclr4                          0x08000417   Thumb Code     0  rt_memclr.o(.text)
    __aeabi_memclr8                          0x08000417   Thumb Code     0  rt_memclr.o(.text)
    __rt_memclr_w                            0x08000417   Thumb Code     4  rt_memclr.o(.text)
    __use_two_region_memory                  0x0800041b   Thumb Code     2  heapauxi.o(.text)
    __rt_heap_escrow$2region                 0x0800041d   Thumb Code     2  heapauxi.o(.text)
    __rt_heap_expand$2region                 0x0800041f   Thumb Code     2  heapauxi.o(.text)
    _printf_int_common                       0x08000421   Thumb Code   176  _printf_intcommon.o(.text)
    _printf_char_common                      0x080004db   Thumb Code    32  _printf_char_common.o(.text)
    _sputc                                   0x08000501   Thumb Code    10  _sputc.o(.text)
    _snputc                                  0x0800050b   Thumb Code    16  _snputc.o(.text)
    __rt_udiv10                              0x0800051b   Thumb Code    40  rtudiv10.o(.text)
    __user_setup_stackheap                   0x08000543   Thumb Code    62  sys_stackheap_outer.o(.text)
    exit                                     0x08000581   Thumb Code    16  exit.o(.text)
    __user_libspace                          0x08000591   Thumb Code     8  libspace.o(.text)
    __user_perproc_libspace                  0x08000591   Thumb Code     0  libspace.o(.text)
    __user_perthread_libspace                0x08000591   Thumb Code     0  libspace.o(.text)
    _sys_exit                                0x08000599   Thumb Code     8  sys_exit.o(.text)
    __I$use$semihosting                      0x080005a5   Thumb Code     0  use_no_semi.o(.text)
    __use_no_semihosting_swi                 0x080005a5   Thumb Code     2  use_no_semi.o(.text)
    __semihosting_library_function           0x080005a7   Thumb Code     0  indicate_semi.o(.text)
    Bounce_DirToogle_Callback                0x080005a9   Thumb Code    24  tim.o(.text.Bounce_DirToogle_Callback)
    HardFault_Handler                        0x080005c9   Thumb Code     2  stm32f0xx_it.o(.text.HardFault_Handler)
    LL_GPIO_Init                             0x080006c5   Thumb Code   128  stm32f0xx_ll_gpio.o(.text.LL_GPIO_Init)
    LL_I2C_Init                              0x080008bd   Thumb Code    82  stm32f0xx_ll_i2c.o(.text.LL_I2C_Init)
    LL_Init1msTick                           0x08000975   Thumb Code     8  stm32f0xx_ll_utils.o(.text.LL_Init1msTick)
    LL_SetSystemCoreClock                    0x08000a69   Thumb Code     8  stm32f0xx_ll_utils.o(.text.LL_SetSystemCoreClock)
    LL_TIM_Init                              0x08000bcd   Thumb Code   136  stm32f0xx_ll_tim.o(.text.LL_TIM_Init)
    LL_TIM_OC_Init                           0x08000c89   Thumb Code    80  stm32f0xx_ll_tim.o(.text.LL_TIM_OC_Init)
    MX_GPIO_Init                             0x08000d2d   Thumb Code    96  gpio.o(.text.MX_GPIO_Init)
    MX_I2C1_Init                             0x08000d91   Thumb Code   160  i2c.o(.text.MX_I2C1_Init)
    MX_TIM14_Init                            0x08000e35   Thumb Code   152  tim.o(.text.MX_TIM14_Init)
    MX_TIM3_Init                             0x08000ed5   Thumb Code   188  tim.o(.text.MX_TIM3_Init)
    NMI_Handler                              0x08000f99   Thumb Code     2  stm32f0xx_it.o(.text.NMI_Handler)
    PendSV_Handler                           0x080011c1   Thumb Code     2  stm32f0xx_it.o(.text.PendSV_Handler)
    SSD1306_DrawPixel                        0x080011c5   Thumb Code    60  ssd1306.o(.text.SSD1306_DrawPixel)
    SSD1306_Fill                             0x08001201   Thumb Code    32  ssd1306.o(.text.SSD1306_Fill)
    SSD1306_GotoXY                           0x08001225   Thumb Code    12  ssd1306.o(.text.SSD1306_GotoXY)
    SSD1306_Putc                             0x08001231   Thumb Code   152  ssd1306.o(.text.SSD1306_Putc)
    SSD1306_Puts                             0x080012d1   Thumb Code    52  ssd1306.o(.text.SSD1306_Puts)
    SSD1306_UpdateScreen                     0x08001305   Thumb Code    48  ssd1306.o(.text.SSD1306_UpdateScreen)
    SVC_Handler                              0x08001339   Thumb Code     2  stm32f0xx_it.o(.text.SVC_Handler)
    SysTick_Handler                          0x0800133b   Thumb Code     8  stm32f0xx_it.o(.text.SysTick_Handler)
    SysTick_Init                             0x08001345   Thumb Code    32  main.o(.text.SysTick_Init)
    SystemClock_Config                       0x0800136d   Thumb Code   100  main.o(.text.SystemClock_Config)
    SystemInit                               0x080013d5   Thumb Code     2  system_stm32f0xx.o(.text.SystemInit)
    TIM17_IRQHandler                         0x080013d9   Thumb Code    36  tim.o(.text.TIM17_IRQHandler)
    TIM_Bounce_DirToogle_init                0x08001405   Thumb Code    12  tim.o(.text.TIM_Bounce_DirToogle_init)
    calc_period_pulse                        0x08001455   Thumb Code    32  stanok_math.o(.text.calc_period_pulse)
    default_screen                           0x080014a9   Thumb Code    84  ssd1306.o(.text.default_screen)
    delay_us                                 0x08001511   Thumb Code    52  tim.o(.text.delay_us)
    drive_PWM_mod                            0x08001549   Thumb Code    32  tim.o(.text.drive_PWM_mod)
    drive_PWM_start                          0x08001569   Thumb Code    52  tim.o(.text.drive_PWM_start)
    drive_PWM_stop                           0x0800159d   Thumb Code    16  tim.o(.text.drive_PWM_stop)
    drive_init                               0x080015b1   Thumb Code    64  drive.o(.text.drive_init)
    i2c_write_buffer_8bit_registr            0x08001619   Thumb Code    80  i2c.o(.text.i2c_write_buffer_8bit_registr)
    i2c_write_byte                           0x08001669   Thumb Code    60  i2c.o(.text.i2c_write_byte)
    main                                     0x080016a9   Thumb Code    72  main.o(.text.main)
    main_loop                                0x080016f9   Thumb Code   148  drive.o(.text.main_loop)
    read_enc_data                            0x08001791   Thumb Code    84  encoder.o(.text.read_enc_data)
    repeat_time                              0x080017e9   Thumb Code    36  tim.o(.text.repeat_time)
    scan_dir_GPIO                            0x0800180d   Thumb Code    14  button.o(.text.scan_dir_GPIO)
    scan_direction                           0x0800181d   Thumb Code   116  button.o(.text.scan_direction)
    scan_pedal                               0x08001899   Thumb Code   132  button.o(.text.scan_pedal)
    setup_turn                               0x08001939   Thumb Code    36  drive.o(.text.setup_turn)
    ssd1306_Init                             0x08001961   Thumb Code   180  ssd1306.o(.text.ssd1306_Init)
    ssd1306_SendCommand                      0x08001a1d   Thumb Code    20  ssd1306_interface.o(.text.ssd1306_SendCommand)
    ssd1306_SendDataBuffer                   0x08001a35   Thumb Code    16  ssd1306_interface.o(.text.ssd1306_SendDataBuffer)
    timers_ini                               0x08001ad9   Thumb Code    16  tim.o(.text.timers_ini)
    turn_drive_soft_start                    0x08001ae9   Thumb Code    56  drive.o(.text.turn_drive_soft_start)
    turn_drive_start                         0x08001b25   Thumb Code    10  drive.o(.text.turn_drive_start)
    turn_drive_stop                          0x08001b2f   Thumb Code     8  drive.o(.text.turn_drive_stop)
    __aeabi_uidiv                            0x08001b37   Thumb Code    68  aeabi_sdivfast.o(.text_divfast)
    __aeabi_idiv                             0x08001b7b   Thumb Code   434  aeabi_sdivfast.o(.text_divfast)
    _is_digit                                0x08001d2d   Thumb Code    14  __printf_wp.o(i._is_digit)
    Font16x26                                0x08001d4c   Data        3068  fonts.o(.rodata.Font16x26)
    Region$$Table$$Base                      0x08002958   Number         0  anon$$obj.o(Region$$Table)
    Region$$Table$$Limit                     0x08002978   Number         0  anon$$obj.o(Region$$Table)
    Font_16x26                               0x20000000   Data           8  fonts.o(.data.Font_16x26)
    SystemCoreClock                          0x20000008   Data           4  system_stm32f0xx.o(.data.SystemCoreClock)
    __libspace_start                         0x20000010   Data          96  libspace.o(.bss)
    LCD_buff                                 0x20000070   Data          16  ssd1306.o(.bss.LCD_buff)
    __temporary_stack_top$libspace           0x20000070   Data           0  libspace.o(.bss)
    delay_ms                                 0x20000298   Data           2  tim.o(.bss.delay_ms)
    encoder_data                             0x2000029c   Data          12  main.o(.bss.encoder_data)
    end_bounce_pedal                         0x200002a8   Data           1  tim.o(.bss.end_bounce_pedal)
    end_bounce_toogle                        0x200002a9   Data           1  tim.o(.bss.end_bounce_toogle)
    number_turns                             0x200002ac   Data          12  main.o(.bss.number_turns)
    status                                   0x200002bb   Data           1  drive.o(.bss.status)



==============================================================================

Memory Map of the image

  Image Entry point : 0x080000b1

  Load Region LR_IROM1 (Base: 0x08000000, Size: 0x00002988, Max: 0x00004000, ABSOLUTE)

    Execution Region ER_IROM1 (Exec base: 0x08000000, Load base: 0x08000000, Size: 0x00002978, Max: 0x00004000, ABSOLUTE)

    Exec Addr    Load Addr    Size         Type   Attr      Idx    E Section Name        Object

    0x08000000   0x08000000   0x000000b0   Data   RO            3    RESET               startup_stm32f030x6.o
    0x080000b0   0x080000b0   0x00000008   Code   RO          833  * !!!main             c_p.l(__main.o)
    0x080000b8   0x080000b8   0x0000003c   Code   RO         1021    !!!scatter          c_p.l(__scatter.o)
    0x080000f4   0x080000f4   0x0000001a   Code   RO         1023    !!handler_copy      c_p.l(__scatter_copy.o)
    0x0800010e   0x0800010e   0x00000002   PAD
    0x08000110   0x08000110   0x0000001c   Code   RO         1025    !!handler_zi        c_p.l(__scatter_zi.o)
    0x0800012c   0x0800012c   0x00000002   Code   RO          816    .ARM.Collect$$_printf_percent$$00000000  c_p.l(_printf_percent.o)
    0x0800012e   0x0800012e   0x0000000a   Code   RO          815    .ARM.Collect$$_printf_percent$$00000009  c_p.l(_printf_d.o)
    0x08000138   0x08000138   0x00000004   Code   RO          848    .ARM.Collect$$_printf_percent$$00000017  c_p.l(_printf_percent_end.o)
    0x0800013c   0x0800013c   0x00000002   Code   RO          884    .ARM.Collect$$libinit$$00000000  c_p.l(libinit.o)
    0x0800013e   0x0800013e   0x00000000   Code   RO          898    .ARM.Collect$$libinit$$00000002  c_p.l(libinit2.o)
    0x0800013e   0x0800013e   0x00000000   Code   RO          900    .ARM.Collect$$libinit$$00000004  c_p.l(libinit2.o)
    0x0800013e   0x0800013e   0x00000000   Code   RO          903    .ARM.Collect$$libinit$$0000000A  c_p.l(libinit2.o)
    0x0800013e   0x0800013e   0x00000000   Code   RO          905    .ARM.Collect$$libinit$$0000000C  c_p.l(libinit2.o)
    0x0800013e   0x0800013e   0x00000000   Code   RO          907    .ARM.Collect$$libinit$$0000000E  c_p.l(libinit2.o)
    0x0800013e   0x0800013e   0x00000000   Code   RO          910    .ARM.Collect$$libinit$$00000011  c_p.l(libinit2.o)
    0x0800013e   0x0800013e   0x00000000   Code   RO          912    .ARM.Collect$$libinit$$00000013  c_p.l(libinit2.o)
    0x0800013e   0x0800013e   0x00000000   Code   RO          914    .ARM.Collect$$libinit$$00000015  c_p.l(libinit2.o)
    0x0800013e   0x0800013e   0x00000000   Code   RO          916    .ARM.Collect$$libinit$$00000017  c_p.l(libinit2.o)
    0x0800013e   0x0800013e   0x00000000   Code   RO          918    .ARM.Collect$$libinit$$00000019  c_p.l(libinit2.o)
    0x0800013e   0x0800013e   0x00000000   Code   RO          920    .ARM.Collect$$libinit$$0000001B  c_p.l(libinit2.o)
    0x0800013e   0x0800013e   0x00000000   Code   RO          922    .ARM.Collect$$libinit$$0000001D  c_p.l(libinit2.o)
    0x0800013e   0x0800013e   0x00000000   Code   RO          924    .ARM.Collect$$libinit$$0000001F  c_p.l(libinit2.o)
    0x0800013e   0x0800013e   0x00000000   Code   RO          926    .ARM.Collect$$libinit$$00000021  c_p.l(libinit2.o)
    0x0800013e   0x0800013e   0x00000000   Code   RO          928    .ARM.Collect$$libinit$$00000023  c_p.l(libinit2.o)
    0x0800013e   0x0800013e   0x00000000   Code   RO          930    .ARM.Collect$$libinit$$00000025  c_p.l(libinit2.o)
    0x0800013e   0x0800013e   0x00000000   Code   RO          934    .ARM.Collect$$libinit$$0000002C  c_p.l(libinit2.o)
    0x0800013e   0x0800013e   0x00000000   Code   RO          936    .ARM.Collect$$libinit$$0000002E  c_p.l(libinit2.o)
    0x0800013e   0x0800013e   0x00000000   Code   RO          938    .ARM.Collect$$libinit$$00000030  c_p.l(libinit2.o)
    0x0800013e   0x0800013e   0x00000000   Code   RO          940    .ARM.Collect$$libinit$$00000032  c_p.l(libinit2.o)
    0x0800013e   0x0800013e   0x00000002   Code   RO          941    .ARM.Collect$$libinit$$00000033  c_p.l(libinit2.o)
    0x08000140   0x08000140   0x00000002   Code   RO          976    .ARM.Collect$$libshutdown$$00000000  c_p.l(libshutdown.o)
    0x08000142   0x08000142   0x00000000   Code   RO         1004    .ARM.Collect$$libshutdown$$00000002  c_p.l(libshutdown2.o)
    0x08000142   0x08000142   0x00000000   Code   RO         1006    .ARM.Collect$$libshutdown$$00000004  c_p.l(libshutdown2.o)
    0x08000142   0x08000142   0x00000000   Code   RO         1009    .ARM.Collect$$libshutdown$$00000007  c_p.l(libshutdown2.o)
    0x08000142   0x08000142   0x00000000   Code   RO         1012    .ARM.Collect$$libshutdown$$0000000A  c_p.l(libshutdown2.o)
    0x08000142   0x08000142   0x00000000   Code   RO         1014    .ARM.Collect$$libshutdown$$0000000C  c_p.l(libshutdown2.o)
    0x08000142   0x08000142   0x00000000   Code   RO         1017    .ARM.Collect$$libshutdown$$0000000F  c_p.l(libshutdown2.o)
    0x08000142   0x08000142   0x00000002   Code   RO         1018    .ARM.Collect$$libshutdown$$00000010  c_p.l(libshutdown2.o)
    0x08000144   0x08000144   0x00000000   Code   RO          835    .ARM.Collect$$rtentry$$00000000  c_p.l(__rtentry.o)
    0x08000144   0x08000144   0x00000000   Code   RO          852    .ARM.Collect$$rtentry$$00000002  c_p.l(__rtentry2.o)
    0x08000144   0x08000144   0x00000006   Code   RO          864    .ARM.Collect$$rtentry$$00000004  c_p.l(__rtentry4.o)
    0x0800014a   0x0800014a   0x00000000   Code   RO          854    .ARM.Collect$$rtentry$$00000009  c_p.l(__rtentry2.o)
    0x0800014a   0x0800014a   0x00000004   Code   RO          855    .ARM.Collect$$rtentry$$0000000A  c_p.l(__rtentry2.o)
    0x0800014e   0x0800014e   0x00000000   Code   RO          857    .ARM.Collect$$rtentry$$0000000C  c_p.l(__rtentry2.o)
    0x0800014e   0x0800014e   0x00000008   Code   RO          858    .ARM.Collect$$rtentry$$0000000D  c_p.l(__rtentry2.o)
    0x08000156   0x08000156   0x00000002   Code   RO          889    .ARM.Collect$$rtexit$$00000000  c_p.l(rtexit.o)
    0x08000158   0x08000158   0x00000000   Code   RO          947    .ARM.Collect$$rtexit$$00000002  c_p.l(rtexit2.o)
    0x08000158   0x08000158   0x00000004   Code   RO          948    .ARM.Collect$$rtexit$$00000003  c_p.l(rtexit2.o)
    0x0800015c   0x0800015c   0x00000006   Code   RO          949    .ARM.Collect$$rtexit$$00000004  c_p.l(rtexit2.o)
    0x08000162   0x08000162   0x00000002   PAD
    0x08000164   0x08000164   0x00000038   Code   RO            4    .text               startup_stm32f030x6.o
    0x0800019c   0x0800019c   0x00000038   Code   RO          787    .text               c_p.l(noretval__2snprintf.o)
    0x080001d4   0x080001d4   0x0000004e   Code   RO          791    .text               c_p.l(_printf_pad.o)
    0x08000222   0x08000222   0x00000002   PAD
    0x08000224   0x08000224   0x0000006c   Code   RO          793    .text               c_p.l(_printf_dec.o)
    0x08000290   0x08000290   0x00000138   Code   RO          807    .text               c_p.l(__printf_flags_wp.o)
    0x080003c8   0x080003c8   0x00000012   Code   RO          819    .text               c_p.l(aeabi_memset4.o)
    0x080003da   0x080003da   0x00000040   Code   RO          821    .text               c_p.l(rt_memclr.o)
    0x0800041a   0x0800041a   0x00000006   Code   RO          831    .text               c_p.l(heapauxi.o)
    0x08000420   0x08000420   0x000000b0   Code   RO          840    .text               c_p.l(_printf_intcommon.o)
    0x080004d0   0x080004d0   0x00000030   Code   RO          842    .text               c_p.l(_printf_char_common.o)
    0x08000500   0x08000500   0x0000000a   Code   RO          844    .text               c_p.l(_sputc.o)
    0x0800050a   0x0800050a   0x00000010   Code   RO          846    .text               c_p.l(_snputc.o)
    0x0800051a   0x0800051a   0x00000028   Code   RO          849    .text               c_p.l(rtudiv10.o)
    0x08000542   0x08000542   0x0000003e   Code   RO          870    .text               c_p.l(sys_stackheap_outer.o)
    0x08000580   0x08000580   0x00000010   Code   RO          873    .text               c_p.l(exit.o)
    0x08000590   0x08000590   0x00000008   Code   RO          885    .text               c_p.l(libspace.o)
    0x08000598   0x08000598   0x0000000c   Code   RO          942    .text               c_p.l(sys_exit.o)
    0x080005a4   0x080005a4   0x00000002   Code   RO          965    .text               c_p.l(use_no_semi.o)
    0x080005a6   0x080005a6   0x00000000   Code   RO          967    .text               c_p.l(indicate_semi.o)
    0x080005a6   0x080005a6   0x00000002   PAD
    0x080005a8   0x080005a8   0x00000020   Code   RO          298    .text.Bounce_DirToogle_Callback  tim.o
    0x080005c8   0x080005c8   0x00000002   Code   RO          331    .text.HardFault_Handler  stm32f0xx_it.o
    0x080005ca   0x080005ca   0x00000002   PAD
    0x080005cc   0x080005cc   0x00000018   Code   RO          155    .text.LL_AHB1_GRP1_EnableClock  gpio.o
    0x080005e4   0x080005e4   0x0000001c   Code   RO          169    .text.LL_AHB1_GRP1_EnableClock  i2c.o
    0x08000600   0x08000600   0x00000020   Code   RO          242    .text.LL_AHB1_GRP1_EnableClock  tim.o
    0x08000620   0x08000620   0x0000001c   Code   RO          103    .text.LL_APB1_GRP1_EnableClock  main.o
    0x0800063c   0x0800063c   0x0000001c   Code   RO          171    .text.LL_APB1_GRP1_EnableClock  i2c.o
    0x08000658   0x08000658   0x0000001c   Code   RO          240    .text.LL_APB1_GRP1_EnableClock  tim.o
    0x08000674   0x08000674   0x00000018   Code   RO          101    .text.LL_APB1_GRP2_EnableClock  main.o
    0x0800068c   0x0800068c   0x0000001c   Code   RO          308    .text.LL_APB1_GRP2_EnableClock  tim.o
    0x080006a8   0x080006a8   0x0000000c   Code   RO          113    .text.LL_FLASH_GetLatency  main.o
    0x080006b4   0x080006b4   0x00000010   Code   RO          111    .text.LL_FLASH_SetLatency  main.o
    0x080006c4   0x080006c4   0x00000080   Code   RO          352    .text.LL_GPIO_Init  stm32f0xx_ll_gpio.o
    0x08000744   0x08000744   0x00000014   Code   RO           19    .text.LL_GPIO_IsInputPinSet  button.o
    0x08000758   0x08000758   0x00000008   Code   RO           37    .text.LL_GPIO_ResetOutputPin  drive.o
    0x08000760   0x08000760   0x0000000c   Code   RO          157    .text.LL_GPIO_ResetOutputPin  gpio.o
    0x0800076c   0x0800076c   0x00000014   Code   RO          360    .text.LL_GPIO_SetAFPin_0_7  stm32f0xx_ll_gpio.o
    0x08000780   0x08000780   0x00000016   Code   RO          362    .text.LL_GPIO_SetAFPin_8_15  stm32f0xx_ll_gpio.o
    0x08000796   0x08000796   0x00000002   PAD
    0x08000798   0x08000798   0x0000000c   Code   RO           35    .text.LL_GPIO_SetOutputPin  drive.o
    0x080007a4   0x080007a4   0x00000012   Code   RO          354    .text.LL_GPIO_SetPinMode  stm32f0xx_ll_gpio.o
    0x080007b6   0x080007b6   0x0000000c   Code   RO          364    .text.LL_GPIO_SetPinOutputType  stm32f0xx_ll_gpio.o
    0x080007c2   0x080007c2   0x00000012   Code   RO          358    .text.LL_GPIO_SetPinPull  stm32f0xx_ll_gpio.o
    0x080007d4   0x080007d4   0x00000012   Code   RO          356    .text.LL_GPIO_SetPinSpeed  stm32f0xx_ll_gpio.o
    0x080007e6   0x080007e6   0x0000000e   Code   RO          400    .text.LL_I2C_AcknowledgeNextData  stm32f0xx_ll_i2c.o
    0x080007f4   0x080007f4   0x00000010   Code   RO          197    .text.LL_I2C_ClearFlag_STOP  i2c.o
    0x08000804   0x08000804   0x00000014   Code   RO          386    .text.LL_I2C_ConfigFilters  stm32f0xx_ll_i2c.o
    0x08000818   0x08000818   0x0000000a   Code   RO          384    .text.LL_I2C_Disable  stm32f0xx_ll_i2c.o
    0x08000822   0x08000822   0x00000002   PAD
    0x08000824   0x08000824   0x00000010   Code   RO          175    .text.LL_I2C_DisableGeneralCall  i2c.o
    0x08000834   0x08000834   0x0000000c   Code   RO          392    .text.LL_I2C_DisableOwnAddress1  stm32f0xx_ll_i2c.o
    0x08000840   0x08000840   0x00000010   Code   RO          173    .text.LL_I2C_DisableOwnAddress2  i2c.o
    0x08000850   0x08000850   0x0000000a   Code   RO          390    .text.LL_I2C_Enable  stm32f0xx_ll_i2c.o
    0x0800085a   0x0800085a   0x00000002   PAD
    0x0800085c   0x0800085c   0x00000010   Code   RO          179    .text.LL_I2C_EnableAutoEndMode  i2c.o
    0x0800086c   0x0800086c   0x00000014   Code   RO          177    .text.LL_I2C_EnableClockStretching  i2c.o
    0x08000880   0x08000880   0x0000000c   Code   RO          396    .text.LL_I2C_EnableOwnAddress1  stm32f0xx_ll_i2c.o
    0x0800088c   0x0800088c   0x00000010   Code   RO          195    .text.LL_I2C_GenerateStopCondition  i2c.o
    0x0800089c   0x0800089c   0x00000020   Code   RO          185    .text.LL_I2C_HandleTransfer  i2c.o
    0x080008bc   0x080008bc   0x00000052   Code   RO          382    .text.LL_I2C_Init   stm32f0xx_ll_i2c.o
    0x0800090e   0x0800090e   0x00000002   PAD
    0x08000910   0x08000910   0x0000000c   Code   RO          187    .text.LL_I2C_IsActiveFlag_TXE  i2c.o
    0x0800091c   0x0800091c   0x00000010   Code   RO          203    .text.LL_I2C_IsActiveFlag_TXIS  i2c.o
    0x0800092c   0x0800092c   0x0000000e   Code   RO          398    .text.LL_I2C_SetMode  stm32f0xx_ll_i2c.o
    0x0800093a   0x0800093a   0x00000002   PAD
    0x0800093c   0x0800093c   0x00000014   Code   RO          394    .text.LL_I2C_SetOwnAddress1  stm32f0xx_ll_i2c.o
    0x08000950   0x08000950   0x00000014   Code   RO          181    .text.LL_I2C_SetOwnAddress2  i2c.o
    0x08000964   0x08000964   0x00000004   Code   RO          388    .text.LL_I2C_SetTiming  stm32f0xx_ll_i2c.o
    0x08000968   0x08000968   0x0000000c   Code   RO          189    .text.LL_I2C_TransmitData8  i2c.o
    0x08000974   0x08000974   0x00000008   Code   RO          505    .text.LL_Init1msTick  stm32f0xx_ll_utils.o
    0x0800097c   0x0800097c   0x00000020   Code   RO          507    .text.LL_InitTick   stm32f0xx_ll_utils.o
    0x0800099c   0x0800099c   0x0000000c   Code   RO          137    .text.LL_RCC_GetSysClkSource  main.o
    0x080009a8   0x080009a8   0x0000000c   Code   RO          115    .text.LL_RCC_HSI_Enable  main.o
    0x080009b4   0x080009b4   0x0000000c   Code   RO          117    .text.LL_RCC_HSI_IsReady  main.o
    0x080009c0   0x080009c0   0x00000010   Code   RO          119    .text.LL_RCC_HSI_SetCalibTrimming  main.o
    0x080009d0   0x080009d0   0x0000000c   Code   RO          121    .text.LL_RCC_LSI_Enable  main.o
    0x080009dc   0x080009dc   0x00000010   Code   RO          123    .text.LL_RCC_LSI_IsReady  main.o
    0x080009ec   0x080009ec   0x0000001c   Code   RO          125    .text.LL_RCC_PLL_ConfigDomain_SYS  main.o
    0x08000a08   0x08000a08   0x00000010   Code   RO          127    .text.LL_RCC_PLL_Enable  main.o
    0x08000a18   0x08000a18   0x00000010   Code   RO          129    .text.LL_RCC_PLL_IsReady  main.o
    0x08000a28   0x08000a28   0x0000000c   Code   RO          131    .text.LL_RCC_SetAHBPrescaler  main.o
    0x08000a34   0x08000a34   0x00000010   Code   RO          133    .text.LL_RCC_SetAPB1Prescaler  main.o
    0x08000a44   0x08000a44   0x00000010   Code   RO          139    .text.LL_RCC_SetI2CClockSource  main.o
    0x08000a54   0x08000a54   0x00000014   Code   RO          135    .text.LL_RCC_SetSysClkSource  main.o
    0x08000a68   0x08000a68   0x0000000c   Code   RO          511    .text.LL_SetSystemCoreClock  stm32f0xx_ll_utils.o
    0x08000a74   0x08000a74   0x00000010   Code   RO          284    .text.LL_TIM_CC_DisableChannel  tim.o
    0x08000a84   0x08000a84   0x00000008   Code   RO          276    .text.LL_TIM_CC_EnableChannel  tim.o
    0x08000a8c   0x08000a8c   0x00000008   Code   RO          288    .text.LL_TIM_ClearFlag_UPDATE  tim.o
    0x08000a94   0x08000a94   0x0000000a   Code   RO          254    .text.LL_TIM_DisableARRPreload  tim.o
    0x08000a9e   0x08000a9e   0x0000000a   Code   RO          268    .text.LL_TIM_DisableCounter  tim.o
    0x08000aa8   0x08000aa8   0x0000000c   Code   RO          258    .text.LL_TIM_DisableMasterSlaveMode  tim.o
    0x08000ab4   0x08000ab4   0x0000000a   Code   RO          278    .text.LL_TIM_EnableCounter  tim.o
    0x08000abe   0x08000abe   0x00000002   PAD
    0x08000ac0   0x08000ac0   0x00000010   Code   RO          310    .text.LL_TIM_EnableIT_UPDATE  tim.o
    0x08000ad0   0x08000ad0   0x0000000a   Code   RO          628    .text.LL_TIM_GenerateEvent_UPDATE  stm32f0xx_ll_tim.o
    0x08000ada   0x08000ada   0x00000002   PAD
    0x08000adc   0x08000adc   0x0000000c   Code   RO           87    .text.LL_TIM_GetCounter  encoder.o
    0x08000ae8   0x08000ae8   0x00000038   Code   RO          246    .text.LL_TIM_IC_SetActiveInput  tim.o
    0x08000b20   0x08000b20   0x00000038   Code   RO          250    .text.LL_TIM_IC_SetFilter  tim.o
    0x08000b58   0x08000b58   0x00000038   Code   RO          252    .text.LL_TIM_IC_SetPolarity  tim.o
    0x08000b90   0x08000b90   0x0000003c   Code   RO          248    .text.LL_TIM_IC_SetPrescaler  tim.o
    0x08000bcc   0x08000bcc   0x00000098   Code   RO          620    .text.LL_TIM_Init   stm32f0xx_ll_tim.o
    0x08000c64   0x08000c64   0x00000008   Code   RO          290    .text.LL_TIM_IsActiveFlag_UPDATE  tim.o
    0x08000c6c   0x08000c6c   0x0000000c   Code   RO          264    .text.LL_TIM_OC_DisableFast  tim.o
    0x08000c78   0x08000c78   0x00000010   Code   RO          262    .text.LL_TIM_OC_EnablePreload  tim.o
    0x08000c88   0x08000c88   0x00000050   Code   RO          632    .text.LL_TIM_OC_Init  stm32f0xx_ll_tim.o
    0x08000cd8   0x08000cd8   0x0000000c   Code   RO          270    .text.LL_TIM_OC_SetCompareCH1  tim.o
    0x08000ce4   0x08000ce4   0x00000004   Code   RO          670    .text.LL_TIM_OC_SetCompareCH1  stm32f0xx_ll_tim.o
    0x08000ce8   0x08000ce8   0x00000004   Code   RO          664    .text.LL_TIM_OC_SetCompareCH2  stm32f0xx_ll_tim.o
    0x08000cec   0x08000cec   0x00000004   Code   RO          672    .text.LL_TIM_OC_SetCompareCH3  stm32f0xx_ll_tim.o
    0x08000cf0   0x08000cf0   0x00000004   Code   RO          674    .text.LL_TIM_OC_SetCompareCH4  stm32f0xx_ll_tim.o
    0x08000cf4   0x08000cf4   0x00000004   Code   RO          272    .text.LL_TIM_SetAutoReload  tim.o
    0x08000cf8   0x08000cf8   0x00000004   Code   RO          622    .text.LL_TIM_SetAutoReload  stm32f0xx_ll_tim.o
    0x08000cfc   0x08000cfc   0x00000004   Code   RO          274    .text.LL_TIM_SetCounter  tim.o
    0x08000d00   0x08000d00   0x00000014   Code   RO          244    .text.LL_TIM_SetEncoderMode  tim.o
    0x08000d14   0x08000d14   0x00000004   Code   RO          624    .text.LL_TIM_SetPrescaler  stm32f0xx_ll_tim.o
    0x08000d18   0x08000d18   0x00000004   Code   RO          626    .text.LL_TIM_SetRepetitionCounter  stm32f0xx_ll_tim.o
    0x08000d1c   0x08000d1c   0x00000010   Code   RO          256    .text.LL_TIM_SetTriggerOutput  tim.o
    0x08000d2c   0x08000d2c   0x00000064   Code   RO          153    .text.MX_GPIO_Init  gpio.o
    0x08000d90   0x08000d90   0x000000a4   Code   RO          167    .text.MX_I2C1_Init  i2c.o
    0x08000e34   0x08000e34   0x000000a0   Code   RO          260    .text.MX_TIM14_Init  tim.o
    0x08000ed4   0x08000ed4   0x000000c4   Code   RO          238    .text.MX_TIM3_Init  tim.o
    0x08000f98   0x08000f98   0x00000002   Code   RO          329    .text.NMI_Handler   stm32f0xx_it.o
    0x08000f9a   0x08000f9a   0x00000002   PAD
    0x08000f9c   0x08000f9c   0x00000084   Code   RO          634    .text.OC1Config     stm32f0xx_ll_tim.o
    0x08001020   0x08001020   0x00000090   Code   RO          636    .text.OC2Config     stm32f0xx_ll_tim.o
    0x080010b0   0x080010b0   0x00000094   Code   RO          638    .text.OC3Config     stm32f0xx_ll_tim.o
    0x08001144   0x08001144   0x0000007c   Code   RO          640    .text.OC4Config     stm32f0xx_ll_tim.o
    0x080011c0   0x080011c0   0x00000002   Code   RO          335    .text.PendSV_Handler  stm32f0xx_it.o
    0x080011c2   0x080011c2   0x00000002   PAD
    0x080011c4   0x080011c4   0x0000003c   Code   RO          722    .text.SSD1306_DrawPixel  ssd1306.o
    0x08001200   0x08001200   0x00000024   Code   RO          716    .text.SSD1306_Fill  ssd1306.o
    0x08001224   0x08001224   0x0000000c   Code   RO          720    .text.SSD1306_GotoXY  ssd1306.o
    0x08001230   0x08001230   0x000000a0   Code   RO          728    .text.SSD1306_Putc  ssd1306.o
    0x080012d0   0x080012d0   0x00000034   Code   RO          730    .text.SSD1306_Puts  ssd1306.o
    0x08001304   0x08001304   0x00000034   Code   RO          718    .text.SSD1306_UpdateScreen  ssd1306.o
    0x08001338   0x08001338   0x00000002   Code   RO          333    .text.SVC_Handler   stm32f0xx_it.o
    0x0800133a   0x0800133a   0x00000008   Code   RO          337    .text.SysTick_Handler  stm32f0xx_it.o
    0x08001342   0x08001342   0x00000002   PAD
    0x08001344   0x08001344   0x00000028   Code   RO          109    .text.SysTick_Init  main.o
    0x0800136c   0x0800136c   0x00000068   Code   RO          107    .text.SystemClock_Config  main.o
    0x080013d4   0x080013d4   0x00000002   Code   RO          684    .text.SystemInit    system_stm32f0xx.o
    0x080013d6   0x080013d6   0x00000002   PAD
    0x080013d8   0x080013d8   0x0000002c   Code   RO          294    .text.TIM17_IRQHandler  tim.o
    0x08001404   0x08001404   0x00000014   Code   RO          296    .text.TIM_Bounce_DirToogle_init  tim.o
    0x08001418   0x08001418   0x00000010   Code   RO          314    .text.__NVIC_EnableIRQ  tim.o
    0x08001428   0x08001428   0x00000018   Code   RO          105    .text.__NVIC_SetPriority  main.o
    0x08001440   0x08001440   0x00000014   Code   RO          312    .text.__NVIC_SetPriority  tim.o
    0x08001454   0x08001454   0x00000028   Code   RO           76    .text.calc_period_pulse  stanok_math.o
    0x0800147c   0x0800147c   0x0000002c   Code   RO           49    .text.check_status_pedal  drive.o
    0x080014a8   0x080014a8   0x00000068   Code   RO          750    .text.default_screen  ssd1306.o
    0x08001510   0x08001510   0x00000038   Code   RO          286    .text.delay_us      tim.o
    0x08001548   0x08001548   0x00000020   Code   RO          280    .text.drive_PWM_mod  tim.o
    0x08001568   0x08001568   0x00000034   Code   RO          266    .text.drive_PWM_start  tim.o
    0x0800159c   0x0800159c   0x00000014   Code   RO          282    .text.drive_PWM_stop  tim.o
    0x080015b0   0x080015b0   0x00000040   Code   RO           33    .text.drive_init    drive.o
    0x080015f0   0x080015f0   0x00000028   Code   RO          302    .text.encoder_init  tim.o
    0x08001618   0x08001618   0x00000050   Code   RO          205    .text.i2c_write_buffer_8bit_registr  i2c.o
    0x08001668   0x08001668   0x00000040   Code   RO          199    .text.i2c_write_byte  i2c.o
    0x080016a8   0x080016a8   0x00000050   Code   RO           99    .text.main          main.o
    0x080016f8   0x080016f8   0x00000098   Code   RO           47    .text.main_loop     drive.o
    0x08001790   0x08001790   0x00000058   Code   RO           89    .text.read_enc_data  encoder.o
    0x080017e8   0x080017e8   0x00000024   Code   RO          292    .text.repeat_time   tim.o
    0x0800180c   0x0800180c   0x0000000e   Code   RO           17    .text.scan_dir_GPIO  button.o
    0x0800181a   0x0800181a   0x00000002   PAD
    0x0800181c   0x0800181c   0x0000007c   Code   RO           15    .text.scan_direction  button.o
    0x08001898   0x08001898   0x00000090   Code   RO           11    .text.scan_pedal    button.o
    0x08001928   0x08001928   0x0000000e   Code   RO           13    .text.scan_pedal_GPIO  button.o
    0x08001936   0x08001936   0x00000002   PAD
    0x08001938   0x08001938   0x00000028   Code   RO           39    .text.setup_turn    drive.o
    0x08001960   0x08001960   0x000000bc   Code   RO          714    .text.ssd1306_Init  ssd1306.o
    0x08001a1c   0x08001a1c   0x00000018   Code   RO          767    .text.ssd1306_SendCommand  ssd1306_interface.o
    0x08001a34   0x08001a34   0x00000010   Code   RO          771    .text.ssd1306_SendDataBuffer  ssd1306_interface.o
    0x08001a44   0x08001a44   0x0000003c   Code   RO          304    .text.tim_delay_init  tim.o
    0x08001a80   0x08001a80   0x00000058   Code   RO          306    .text.timer_bounce_init  tim.o
    0x08001ad8   0x08001ad8   0x00000010   Code   RO          300    .text.timers_ini    tim.o
    0x08001ae8   0x08001ae8   0x0000003c   Code   RO           43    .text.turn_drive_soft_start  drive.o
    0x08001b24   0x08001b24   0x0000000a   Code   RO           41    .text.turn_drive_start  drive.o
    0x08001b2e   0x08001b2e   0x00000008   Code   RO           45    .text.turn_drive_stop  drive.o
    0x08001b36   0x08001b36   0x000001f6   Code   RO          824    .text_divfast       c_p.l(aeabi_sdivfast.o)
    0x08001d2c   0x08001d2c   0x0000000e   Code   RO          805    i._is_digit         c_p.l(__printf_wp.o)
    0x08001d3a   0x08001d3a   0x00000011   Data   RO          808    .constdata          c_p.l(__printf_flags_wp.o)
    0x08001d4b   0x08001d4b   0x00000001   PAD
    0x08001d4c   0x08001d4c   0x00000bfc   Data   RO          703    .rodata.Font16x26   fonts.o
    0x08002948   0x08002948   0x00000007   Data   RO          319    .rodata.OFFSET_TAB_CCMRx  tim.o
    0x0800294f   0x0800294f   0x00000007   Data   RO          320    .rodata.SHIFT_TAB_ICxx  tim.o
    0x08002956   0x08002956   0x00000002   PAD
    0x08002958   0x08002958   0x00000020   Data   RO         1020    Region$$Table       anon$$obj.o


    Execution Region RW_IRAM1 (Exec base: 0x20000000, Load base: 0x08002978, Size: 0x000007c0, Max: 0x00001000, ABSOLUTE)

    Exec Addr    Load Addr    Size         Type   Attr      Idx    E Section Name        Object

    0x20000000   0x08002978   0x00000008   Data   RW          706    .data.Font_16x26    fonts.o
    0x20000008   0x08002980   0x00000004   Data   RW          688    .data.SystemCoreClock  system_stm32f0xx.o
    0x2000000c   0x08002984   0x00000004   PAD
    0x20000010        -       0x00000060   Zero   RW          886    .bss                c_p.l(libspace.o)
    0x20000070        -       0x00000010   Zero   RW          755    .bss.LCD_buff       ssd1306.o
    0x20000080        -       0x00000002   Zero   RW          756    .bss.SSD1306.0      ssd1306.o
    0x20000082        -       0x00000002   Zero   RW          757    .bss.SSD1306.1      ssd1306.o
    0x20000084        -       0x00000001   Zero   RW          758    .bss.SSD1306.2      ssd1306.o
    0x20000085   0x08002984   0x00000003   PAD
    0x20000088        -       0x00000210   Zero   RW          754    .bss.SSD1306_Buffer  ssd1306.o
    0x20000298        -       0x00000002   Zero   RW          318    .bss.delay_ms       tim.o
    0x2000029a   0x08002984   0x00000002   PAD
    0x2000029c        -       0x0000000c   Zero   RW          144    .bss.encoder_data   main.o
    0x200002a8        -       0x00000001   Zero   RW          316    .bss.end_bounce_pedal  tim.o
    0x200002a9        -       0x00000001   Zero   RW          317    .bss.end_bounce_toogle  tim.o
    0x200002aa   0x08002984   0x00000002   PAD
    0x200002ac        -       0x0000000c   Zero   RW          143    .bss.number_turns   main.o
    0x200002b8        -       0x00000001   Zero   RW           24    .bss.scan_direction.toggle_state  button.o
    0x200002b9        -       0x00000001   Zero   RW           22    .bss.scan_pedal.pedal_state  button.o
    0x200002ba        -       0x00000001   Zero   RW           23    .bss.scan_pedal.status_pedal  button.o
    0x200002bb        -       0x00000001   Zero   RW           52    .bss.status         drive.o
    0x200002bc        -       0x00000002   Zero   RW          775    .bss.temp           ssd1306_interface.o
    0x200002be   0x08002984   0x00000002   PAD
    0x200002c0        -       0x00000100   Zero   RW            2    HEAP                startup_stm32f030x6.o
    0x200003c0        -       0x00000400   Zero   RW            1    STACK               startup_stm32f030x6.o


==============================================================================

Image component sizes


      Code (inc. data)   RO Data    RW Data    ZI Data      Debug   Object Name

       316         24          0          0          3       2572   button.o
       398         16          0          0          1       3503   drive.o
       100          8          0          0          0       2247   encoder.o
         0          0       3068          8          0       1221   fonts.o
       136          8          0          0          0       2054   gpio.o
       556         40          0          0          0       6365   i2c.o
       532         44          0          0         24       5433   main.o
       664         44          0          0        549      11812   ssd1306.o
        40          4          0          0          2       1289   ssd1306_interface.o
        40          8          0          0          0        795   stanok_math.o
        56         26        176          0       1280        600   startup_stm32f030x6.o
        16          0          0          0          0        685   stm32f0xx_it.o
       236          0          0          0          0       4036   stm32f0xx_ll_gpio.o
       198          4          0          0          0       3778   stm32f0xx_ll_i2c.o
       818         48          0          0          0      11590   stm32f0xx_ll_tim.o
        52          8          0          0          0       6719   stm32f0xx_ll_utils.o
         2          0          0          4          0       1797   system_stm32f0xx.o
      1386        136         14          0          4      10470   tim.o

    ----------------------------------------------------------------------
      5574        418       3292         12       1876      76966   Object Totals
         0          0         32          0          0          0   (incl. Generated)
        28          0          2          0         13          0   (incl. Padding)

    ----------------------------------------------------------------------

      Code (inc. data)   RO Data    RW Data    ZI Data      Debug   Library Member Name

         8          0          0          0          0         68   __main.o
       312          6         17          0          0         76   __printf_flags_wp.o
        14          0          0          0          0         60   __printf_wp.o
         0          0          0          0          0          0   __rtentry.o
        12          0          0          0          0          0   __rtentry2.o
         6          0          0          0          0          0   __rtentry4.o
        60          8          0          0          0          0   __scatter.o
        26          0          0          0          0          0   __scatter_copy.o
        28          0          0          0          0          0   __scatter_zi.o
        48          6          0          0          0         88   _printf_char_common.o
        10          0          0          0          0          0   _printf_d.o
       108         18          0          0          0         76   _printf_dec.o
       176          0          0          0          0         84   _printf_intcommon.o
        78          0          0          0          0        100   _printf_pad.o
         2          0          0          0          0          0   _printf_percent.o
         4          0          0          0          0          0   _printf_percent_end.o
        16          0          0          0          0         60   _snputc.o
        10          0          0          0          0         60   _sputc.o
        18          0          0          0          0         68   aeabi_memset4.o
       502          0          0          0          0         92   aeabi_sdivfast.o
        16          0          0          0          0         68   exit.o
         6          0          0          0          0        136   heapauxi.o
         0          0          0          0          0          0   indicate_semi.o
         2          0          0          0          0          0   libinit.o
         2          0          0          0          0          0   libinit2.o
         2          0          0          0          0          0   libshutdown.o
         2          0          0          0          0          0   libshutdown2.o
         8          4          0          0         96         68   libspace.o
        56          6          0          0          0         84   noretval__2snprintf.o
        64          0          0          0          0        108   rt_memclr.o
         2          0          0          0          0          0   rtexit.o
        10          0          0          0          0          0   rtexit2.o
        40          0          0          0          0         60   rtudiv10.o
        12          4          0          0          0         60   sys_exit.o
        62          0          0          0          0         80   sys_stackheap_outer.o
         2          0          0          0          0         68   use_no_semi.o

    ----------------------------------------------------------------------
      1732         52         18          0         96       1564   Library Totals
         8          0          1          0          0          0   (incl. Padding)

    ----------------------------------------------------------------------

      Code (inc. data)   RO Data    RW Data    ZI Data      Debug   Library Name

      1724         52         17          0         96       1564   c_p.l

    ----------------------------------------------------------------------
      1732         52         18          0         96       1564   Library Totals

    ----------------------------------------------------------------------

==============================================================================


      Code (inc. data)   RO Data    RW Data    ZI Data      Debug   

      7306        470       3310         12       1972      77558   Grand Totals
      7306        470       3310         12       1972      77558   ELF Image Totals
      7306        470       3310         12          0          0   ROM Totals

==============================================================================

    Total RO  Size (Code + RO Data)                10616 (  10.37kB)
    Total RW  Size (RW Data + ZI Data)              1984 (   1.94kB)
    Total ROM Size (Code + RO Data + RW Data)      10628 (  10.38kB)

==============================================================================

